Archive member included because of file (symbol)

.\CortexM0\ARM_GCC_484\Debug\PSOC_CapSense_2_BLE.a(cyfitter_cfg.o)
                              .\CortexM0\ARM_GCC_484\Debug\Cm0Start.o (cyfitter_cfg)
.\CortexM0\ARM_GCC_484\Debug\PSOC_CapSense_2_BLE.a(BLE.o)
                              .\CortexM0\ARM_GCC_484\Debug\main.o (CyBle_Start)
.\CortexM0\ARM_GCC_484\Debug\PSOC_CapSense_2_BLE.a(BLE_gatt.o)
                              .\CortexM0\ARM_GCC_484\Debug\PSOC_CapSense_2_BLE.a(BLE.o) (cyBle_state)
.\CortexM0\ARM_GCC_484\Debug\PSOC_CapSense_2_BLE.a(BLE_eventHandler.o)
                              .\CortexM0\ARM_GCC_484\Debug\PSOC_CapSense_2_BLE.a(BLE.o) (cyBle_eventHandlerFlag)
.\CortexM0\ARM_GCC_484\Debug\PSOC_CapSense_2_BLE.a(BLE_custom.o)
                              .\CortexM0\ARM_GCC_484\Debug\PSOC_CapSense_2_BLE.a(BLE.o) (CyBle_CustomInit)
.\CortexM0\ARM_GCC_484\Debug\PSOC_CapSense_2_BLE.a(CyBootAsmGnu.o)
                              .\CortexM0\ARM_GCC_484\Debug\PSOC_CapSense_2_BLE.a(cyfitter_cfg.o) (CyDelayCycles)
.\CortexM0\ARM_GCC_484\Debug\PSOC_CapSense_2_BLE.a(CyLib.o)
                              .\CortexM0\ARM_GCC_484\Debug\PSOC_CapSense_2_BLE.a(cyfitter_cfg.o) (CySysClkWriteImoFreq)
.\CortexM0\ARM_GCC_484\Debug\PSOC_CapSense_2_BLE.a(CyLFClk.o)
                              .\CortexM0\ARM_GCC_484\Debug\PSOC_CapSense_2_BLE.a(cyfitter_cfg.o) (CySysClkWcoStart)
C:\Program Files (x86)\Cypress\PSoC Creator\3.2\PSoC Creator\psoc\content\cycomponentlibrary\CyComponentLibrary.cylib\BLE_v2_10\Library\gccCyBLEStack_BLE_SOC_PERIPHERAL.a(CyBle.o)
                              .\CortexM0\ARM_GCC_484\Debug\main.o (CyBle_ProcessEvents)
C:\Program Files (x86)\Cypress\PSoC Creator\3.2\PSoC Creator\psoc\content\cycomponentlibrary\CyComponentLibrary.cylib\BLE_v2_10\Library\gccCyBLEStack_BLE_SOC_PERIPHERAL.a(CyBleStackMgrIP_Interface.o)
                              C:\Program Files (x86)\Cypress\PSoC Creator\3.2\PSoC Creator\psoc\content\cycomponentlibrary\CyComponentLibrary.cylib\BLE_v2_10\Library\gccCyBLEStack_BLE_SOC_PERIPHERAL.a(CyBle.o) (CyBleStackMgr_Init)
C:\Program Files (x86)\Cypress\PSoC Creator\3.2\PSoC Creator\psoc\content\cycomponentlibrary\CyComponentLibrary.cylib\BLE_v2_10\Library\gccCyBLEStack_BLE_SOC_PERIPHERAL.a(BT_os.o)
                              C:\Program Files (x86)\Cypress\PSoC Creator\3.2\PSoC Creator\psoc\content\cycomponentlibrary\CyComponentLibrary.cylib\BLE_v2_10\Library\gccCyBLEStack_BLE_SOC_PERIPHERAL.a(CyBleStackMgrIP_Interface.o) (cyBleStackMemoryConfig)
C:\Program Files (x86)\Cypress\PSoC Creator\3.2\PSoC Creator\psoc\content\cycomponentlibrary\CyComponentLibrary.cylib\BLE_v2_10\Library\gccCyBLEStack_BLE_SOC_PERIPHERAL.a(CyBleStackMgr_StackTaskHandler.o)
                              C:\Program Files (x86)\Cypress\PSoC Creator\3.2\PSoC Creator\psoc\content\cycomponentlibrary\CyComponentLibrary.cylib\BLE_v2_10\Library\gccCyBLEStack_BLE_SOC_PERIPHERAL.a(CyBleStackMgrIP_Interface.o) (CyBle_CreateBleStackTask)
C:\Program Files (x86)\Cypress\PSoC Creator\3.2\PSoC Creator\psoc\content\cycomponentlibrary\CyComponentLibrary.cylib\BLE_v2_10\Library\gccCyBLEStack_BLE_SOC_PERIPHERAL.a(transport_sf.o)
                              C:\Program Files (x86)\Cypress\PSoC Creator\3.2\PSoC Creator\psoc\content\cycomponentlibrary\CyComponentLibrary.cylib\BLE_v2_10\Library\gccCyBLEStack_BLE_SOC_PERIPHERAL.a(CyBleStackMgr_StackTaskHandler.o) (hci_soft_transport_notify_data_received)
C:\Program Files (x86)\Cypress\PSoC Creator\3.2\PSoC Creator\psoc\content\cycomponentlibrary\CyComponentLibrary.cylib\BLE_v2_10\Library\gccCyBLEStack_BLE_SOC_PERIPHERAL.a(CyBleStackMgr_PSoCHal.o)
                              C:\Program Files (x86)\Cypress\PSoC Creator\3.2\PSoC Creator\psoc\content\cycomponentlibrary\CyComponentLibrary.cylib\BLE_v2_10\Library\gccCyBLEStack_BLE_SOC_PERIPHERAL.a(CyBleStackMgrIP_Interface.o) (CyBleStackMgr_HalInit)
C:\Program Files (x86)\Cypress\PSoC Creator\3.2\PSoC Creator\psoc\content\cycomponentlibrary\CyComponentLibrary.cylib\BLE_v2_10\Library\gccCyBLEStack_BLE_SOC_PERIPHERAL.a(CyBleStackMgr_BleSSDriver.o)
                              C:\Program Files (x86)\Cypress\PSoC Creator\3.2\PSoC Creator\psoc\content\cycomponentlibrary\CyComponentLibrary.cylib\BLE_v2_10\Library\gccCyBLEStack_BLE_SOC_PERIPHERAL.a(CyBleStackMgrIP_Interface.o) (CyBleStackMgr_BleSSInit)
C:\Program Files (x86)\Cypress\PSoC Creator\3.2\PSoC Creator\psoc\content\cycomponentlibrary\CyComponentLibrary.cylib\BLE_v2_10\Library\gccCyBLEStack_BLE_SOC_PERIPHERAL.a(config_bin.o)
                              C:\Program Files (x86)\Cypress\PSoC Creator\3.2\PSoC Creator\psoc\content\cycomponentlibrary\CyComponentLibrary.cylib\BLE_v2_10\Library\gccCyBLEStack_BLE_SOC_PERIPHERAL.a(CyBleStackMgr_PSoCHal.o) (bt_cfg_pdata)
C:\Program Files (x86)\Cypress\PSoC Creator\3.2\PSoC Creator\psoc\content\cycomponentlibrary\CyComponentLibrary.cylib\BLE_v2_10\Library\gccCyBLEStack_BLE_SOC_PERIPHERAL.a(storage_pl.o)
[...]
Memory Configuration

Name             Origin             Length             Attributes
rom              0x00000000         0x00020000         xr
ram              0x20000000         0x00004000         xrw
*default*        0x00000000         0xffffffff

Linker script and memory map

LOAD c:/program files (x86)/cypress/psoc creator/3.2/psoc creator/import/gnu/arm/4.8.4/bin/../lib/gcc/arm-none-eabi/4.8.4/armv6-m/crti.o
LOAD c:/program files (x86)/cypress/psoc creator/3.2/psoc creator/import/gnu/arm/4.8.4/bin/../lib/gcc/arm-none-eabi/4.8.4/armv6-m/crtbegin.o
LOAD c:/program files (x86)/cypress/psoc creator/3.2/psoc creator/import/gnu/arm/4.8.4/bin/../lib/gcc/arm-none-eabi/4.8.4/../../../../arm-none-eabi/lib/armv6-m/crt0.o
START GROUP
LOAD .\CortexM0\ARM_GCC_484\Debug\main.o
LOAD .\CortexM0\ARM_GCC_484\Debug\cymetadata.o
LOAD .\CortexM0\ARM_GCC_484\Debug\Cm0Start.o
LOAD .\CortexM0\ARM_GCC_484\Debug\PSOC_CapSense_2_BLE.a
LOAD C:\Program Files (x86)\Cypress\PSoC Creator\3.2\PSoC Creator\psoc\content\cycomponentlibrary\CyComponentLibrary.cylib\BLE_v2_10\Library\gccCyBLEStack_BLE_SOC_PERIPHERAL.a
LOAD C:\Program Files (x86)\Cypress\PSoC Creator\3.2\PSoC Creator\psoc\content\cycomponentlibrary\CyComponentLibrary.cylib\CapSense_CSD_P4_v2_20\PSoC4\Library\CapsenseP4Library_GCC.a
LOAD C:\Program Files (x86)\Cypress\PSoC Creator\3.2\PSoC Creator\psoc\content\cycomponentlibrary\CyComponentLibrary.cylib\CortexM0\ARM_GCC_484\Debug\CyComponentLibrary.a
END GROUP
START GROUP
LOAD c:/program files (x86)/cypress/psoc creator/3.2/psoc creator/import/gnu/arm/4.8.4/bin/../lib/gcc/arm-none-eabi/4.8.4/armv6-m\libgcc.a
LOAD c:/program files (x86)/cypress/psoc creator/3.2/psoc creator/import/gnu/arm/4.8.4/bin/../lib/gcc/arm-none-eabi/4.8.4/../../../../arm-none-eabi/lib/armv6-m\libg_s.a
LOAD c:/program files (x86)/cypress/psoc creator/3.2/psoc creator/import/gnu/arm/4.8.4/bin/../lib/gcc/arm-none-eabi/4.8.4/../../../../arm-none-eabi/lib/armv6-m\libc_s.a
END GROUP
START GROUP
LOAD c:/program files (x86)/cypress/psoc creator/3.2/psoc creator/import/gnu/arm/4.8.4/bin/../lib/gcc/arm-none-eabi/4.8.4/armv6-m\libgcc.a
LOAD c:/program files (x86)/cypress/psoc creator/3.2/psoc creator/import/gnu/arm/4.8.4/bin/../lib/gcc/arm-none-eabi/4.8.4/../../../../arm-none-eabi/lib/armv6-m\libc_s.a
END GROUP
LOAD c:/program files (x86)/cypress/psoc creator/3.2/psoc creator/import/gnu/arm/4.8.4/bin/../lib/gcc/arm-none-eabi/4.8.4/armv6-m/crtend.o
LOAD c:/program files (x86)/cypress/psoc creator/3.2/psoc creator/import/gnu/arm/4.8.4/bin/../lib/gcc/arm-none-eabi/4.8.4/armv6-m/crtn.o
START GROUP
LOAD c:/program files (x86)/cypress/psoc creator/3.2/psoc creator/import/gnu/arm/4.8.4/bin/../lib/gcc/arm-none-eabi/4.8.4/armv6-m\libgcc.a
LOAD c:/program files (x86)/cypress/psoc creator/3.2/psoc creator/import/gnu/arm/4.8.4/bin/../lib/gcc/arm-none-eabi/4.8.4/../../../../arm-none-eabi/lib/armv6-m\libc.a
LOAD c:/program files (x86)/cypress/psoc creator/3.2/psoc creator/import/gnu/arm/4.8.4/bin/../lib/gcc/arm-none-eabi/4.8.4/../../../../arm-none-eabi/lib/armv6-m\libnosys.a
END GROUP
                0x00000000                CY_APPL_ORIGIN = 0x0
                0x00000080                CY_FLASH_ROW_SIZE = 0x80
                0x00000001                CY_APPL_NUM = 0x1
                0x00000040                CY_METADATA_SIZE = 0x40
                0x20001df0                PROVIDE (__cy_heap_start, _end)
                0x00000001                PROVIDE (__cy_region_num, ((__cy_regions_end - __cy_regions) / 0x10))
                0x20004000                PROVIDE (__cy_stack, (ORIGIN (ram) + 0x4000))
                0x20003800                PROVIDE (__cy_heap_end, (__cy_stack - 0x800))

.cybootloader   0x00000000        0x0
 *(.cybootloader)
                0x00000000                appl1_start = CY_APPL_ORIGIN?CY_APPL_ORIGIN:ALIGN (CY_FLASH_ROW_SIZE)
                0x0000ff80                appl2_start = (appl1_start + ALIGN ((((0x20000 - appl1_start) - (0x2 * CY_FLASH_ROW_SIZE)) / 0x2), CY_FLASH_ROW_SIZE))
                0x00000000                appl_start = (CY_APPL_NUM == 0x1)?appl1_start:appl2_start

.text           0x00000000      0xe3c
 CREATE_OBJECT_SYMBOLS
                0x00000000                PROVIDE (__cy_interrupt_vector, RomVectors)
 *(.romvectors)
 .romvectors    0x00000000       0x10 .\CortexM0\ARM_GCC_484\Debug\Cm0Start.o
                0x00000000                RomVectors
                0x00000001                ASSERT ((. != __cy_interrupt_vector), No interrupt vector)
                0x00000001                ASSERT (CY_APPL_ORIGIN?(SIZEOF (.cybootloader) <= CY_APPL_ORIGIN):0x1, Wrong image location)
                0x00000010                PROVIDE (__cy_reset, Reset)
 *(.text.Reset)
 .text.Reset    0x00000010        0x8 .\CortexM0\ARM_GCC_484\Debug\Cm0Start.o
                0x00000010                Reset
                0x00000001                ASSERT ((. != __cy_reset), No reset code)
 *(.psocinit)
 .psocinit      0x00000018      0x230 .\CortexM0\ARM_GCC_484\Debug\PSOC_CapSense_2_BLE.a(cyfitter_cfg.o)
                0x00000120                cyfitter_cfg
                0x00000248                . = MAX (., 0x100)
 *(.text .text.* .gnu.linkonce.t.*)
 .text          0x00000248       0x60 c:/program files (x86)/cypress/psoc creator/3.2/psoc creator/import/gnu/arm/4.8.4/bin/../lib/gcc/arm-none-eabi/4.8.4/armv6-m/crtbegin.o
 .text.StackEventHandler
                0x000002a8        0x4 .\CortexM0\ARM_GCC_484\Debug\main.o
                0x000002a8                StackEventHandler
 .text.main     0x000002ac       0x14 .\CortexM0\ARM_GCC_484\Debug\main.o
                0x000002ac                main
 .text.IntDefaultHandler
                0x000002c0        0x4 .\CortexM0\ARM_GCC_484\Debug\Cm0Start.o
                0x000002c0                IntDefaultHandler
 .text.Start_c  0x000002c4       0x48 .\CortexM0\ARM_GCC_484\Debug\Cm0Start.o
                0x000002c4                Start_c
 .text.initialize_psoc
                0x0000030c       0x58 .\CortexM0\ARM_GCC_484\Debug\Cm0Start.o
                0x0000030c                initialize_psoc
 .text.cfg_write_bytes32
                0x00000364       0x38 .\CortexM0\ARM_GCC_484\Debug\PSOC_CapSense_2_BLE.a(cyfitter_cfg.o)
 .text.CYMEMZERO
                0x0000039c        0xc .\CortexM0\ARM_GCC_484\Debug\PSOC_CapSense_2_BLE.a(cyfitter_cfg.o)
 .text.SetAnalogRoutingPumps
                0x000003a8       0x40 .\CortexM0\ARM_GCC_484\Debug\PSOC_CapSense_2_BLE.a(cyfitter_cfg.o)
                0x000003a8                SetAnalogRoutingPumps
 .text.AnalogSetDefault
                0x000003e8       0x28 .\CortexM0\ARM_GCC_484\Debug\PSOC_CapSense_2_BLE.a(cyfitter_cfg.o)
 .text.CyBle_ServiceInit
                0x00000410        0x8 .\CortexM0\ARM_GCC_484\Debug\PSOC_CapSense_2_BLE.a(BLE.o)
                0x00000410                CyBle_ServiceInit
 .text.CyBle_Init
                0x00000418       0x24 .\CortexM0\ARM_GCC_484\Debug\PSOC_CapSense_2_BLE.a(BLE.o)
                0x00000418                CyBle_Init
 .text.CyBle_Start
                0x0000043c       0x84 .\CortexM0\ARM_GCC_484\Debug\PSOC_CapSense_2_BLE.a(BLE.o)
                0x0000043c                CyBle_Start
 .text.CyBle_ChangeAdDeviceAddress
                0x000004c0        0x4 .\CortexM0\ARM_GCC_484\Debug\PSOC_CapSense_2_BLE.a(BLE.o)
                0x000004c0                CyBle_ChangeAdDeviceAddress
 .text.CyBle_Get16ByPtr
                0x000004c4        0xc .\CortexM0\ARM_GCC_484\Debug\PSOC_CapSense_2_BLE.a(BLE.o)
                0x000004c4                CyBle_Get16ByPtr
 .text.CyBle_GattsWriteEventHandler
                0x000004d0       0x58 .\CortexM0\ARM_GCC_484\Debug\PSOC_CapSense_2_BLE.a(BLE_gatt.o)
                0x000004d0                CyBle_GattsWriteEventHandler
 .text.CyBle_GattDisconnectEventHandler
                0x00000528       0x10 .\CortexM0\ARM_GCC_484\Debug\PSOC_CapSense_2_BLE.a(BLE_eventHandler.o)
 .text.CyBle_IsDeviceAddressValid
                0x00000538       0x24 .\CortexM0\ARM_GCC_484\Debug\PSOC_CapSense_2_BLE.a(BLE_eventHandler.o)
 .text.CyBle_WriteReqHandler
                0x0000055c       0x38 .\CortexM0\ARM_GCC_484\Debug\PSOC_CapSense_2_BLE.a(BLE_eventHandler.o)
 .text.CyBle_EventHandler
                0x00000594      0x1b8 .\CortexM0\ARM_GCC_484\Debug\PSOC_CapSense_2_BLE.a(BLE_eventHandler.o)
                0x00000594                CyBle_EventHandler
 .text.CyBle_CustomInit
                0x0000074c        0x4 .\CortexM0\ARM_GCC_484\Debug\PSOC_CapSense_2_BLE.a(BLE_custom.o)
                0x0000074c                CyBle_CustomInit
 .text          0x00000750       0x20 .\CortexM0\ARM_GCC_484\Debug\PSOC_CapSense_2_BLE.a(CyBootAsmGnu.o)
                0x00000750                CyDelayCycles
                0x00000762                CyEnterCriticalSection
                0x0000076a                CyExitCriticalSection
 .text.CySysClkWriteImoFreq
                0x00000770       0x64 .\CortexM0\ARM_GCC_484\Debug\PSOC_CapSense_2_BLE.a(CyLib.o)
                0x00000770                CySysClkWriteImoFreq
 .text.CySysClkEcoReadStatus
                0x000007d4       0x10 .\CortexM0\ARM_GCC_484\Debug\PSOC_CapSense_2_BLE.a(CyLib.o)
                0x000007d4                CySysClkEcoReadStatus
 .text.CyIntEnable
                0x000007e4       0x14 .\CortexM0\ARM_GCC_484\Debug\PSOC_CapSense_2_BLE.a(CyLib.o)
                0x000007e4                CyIntEnable
 .text.CyHalt   0x000007f8        0x4 .\CortexM0\ARM_GCC_484\Debug\PSOC_CapSense_2_BLE.a(CyLib.o)
                0x000007f8                CyHalt
 .text.CyIntSetVector
                0x000007fc       0x20 .\CortexM0\ARM_GCC_484\Debug\PSOC_CapSense_2_BLE.a(CyLib.o)
                0x000007fc                CyIntSetVector
 .text.CyDelayUs
                0x0000081c       0x14 .\CortexM0\ARM_GCC_484\Debug\PSOC_CapSense_2_BLE.a(CyLib.o)
                0x0000081c                CyDelayUs
 .text.CySysClkEcoStart
                0x00000830       0x54 .\CortexM0\ARM_GCC_484\Debug\PSOC_CapSense_2_BLE.a(CyLib.o)
                0x00000830                CySysClkEcoStart
 .text.CySysWdtLocked
                0x00000884       0x18 .\CortexM0\ARM_GCC_484\Debug\PSOC_CapSense_2_BLE.a(CyLFClk.o)
 .text.CySysClkWcoStart
                0x0000089c       0x40 .\CortexM0\ARM_GCC_484\Debug\PSOC_CapSense_2_BLE.a(CyLFClk.o)
                0x0000089c                CySysClkWcoStart
 .text.CySysClkWcoSetPowerMode
                0x000008dc       0x84 .\CortexM0\ARM_GCC_484\Debug\PSOC_CapSense_2_BLE.a(CyLFClk.o)
                0x000008dc                CySysClkWcoSetPowerMode
 .text.CySysWdtLock
                0x00000960       0x1c .\CortexM0\ARM_GCC_484\Debug\PSOC_CapSense_2_BLE.a(CyLFClk.o)
                0x00000960                CySysWdtLock
 .text.CySysWdtUnlock
                0x0000097c       0x30 .\CortexM0\ARM_GCC_484\Debug\PSOC_CapSense_2_BLE.a(CyLFClk.o)
                0x0000097c                CySysWdtUnlock
 .text.CySysWdtClearInterrupt
                0x000009ac       0x4c .\CortexM0\ARM_GCC_484\Debug\PSOC_CapSense_2_BLE.a(CyLFClk.o)
                0x000009ac                CySysWdtClearInterrupt
 .text.CySysWdtIsr
                0x000009f8       0xa4 .\CortexM0\ARM_GCC_484\Debug\PSOC_CapSense_2_BLE.a(CyLFClk.o)
                0x000009f8                CySysWdtIsr
 .text.CyBLE_Bless_LlRegWrite
                0x00000a9c        0x4 .\CortexM0\ARM_GCC_484\Debug\PSOC_CapSense_2_BLE.a(BLE_HAL_PVT.o)
                0x00000a9c                CyBLE_Bless_LlRegWrite
 .text.CyBLE_Bless_RfRegWrite
                0x00000aa0        0x4 .\CortexM0\ARM_GCC_484\Debug\PSOC_CapSense_2_BLE.a(BLE_HAL_PVT.o)
                0x00000aa0                CyBLE_Bless_RfRegWrite
 .text.CyBLE_BlessDeviceConfig
                0x00000aa4       0xdc .\CortexM0\ARM_GCC_484\Debug\PSOC_CapSense_2_BLE.a(BLE_HAL_PVT.o)
                0x00000aa4                CyBLE_BlessDeviceConfig
 .text.CyBleHal_DelayUs
                0x00000b80        0x8 .\CortexM0\ARM_GCC_484\Debug\PSOC_CapSense_2_BLE.a(BLE_HAL_PVT.o)
                0x00000b80                CyBleHal_DelayUs
 .text.CyBleHal_EnableGlobalInterrupts
                0x00000b88        0x8 .\CortexM0\ARM_GCC_484\Debug\PSOC_CapSense_2_BLE.a(BLE_HAL_PVT.o)
                0x00000b88                CyBleHal_EnableGlobalInterrupts
 .text.CyBleHal_DisableGlobalInterrupts
                0x00000b90        0x8 .\CortexM0\ARM_GCC_484\Debug\PSOC_CapSense_2_BLE.a(BLE_HAL_PVT.o)
                0x00000b90                CyBleHal_DisableGlobalInterrupts
 .text.CyBle_HalInit
                0x00000b98       0x18 .\CortexM0\ARM_GCC_484\Debug\PSOC_CapSense_2_BLE.a(BLE_HAL_PVT.o)
                0x00000b98                CyBle_HalInit
 .text.CYBLE_BlessStart
                0x00000bb0       0x10 .\CortexM0\ARM_GCC_484\Debug\PSOC_CapSense_2_BLE.a(BLE_HAL_PVT.o)
                0x00000bb0                CYBLE_BlessStart
 .text.BLE_bless_isr_SetVector
                0x00000bc0        0xc .\CortexM0\ARM_GCC_484\Debug\PSOC_CapSense_2_BLE.a(BLE_bless_isr.o)
                0x00000bc0                BLE_bless_isr_SetVector
 .text.BLE_bless_isr_SetPriority
                0x00000bcc       0x24 .\CortexM0\ARM_GCC_484\Debug\PSOC_CapSense_2_BLE.a(BLE_bless_isr.o)
                0x00000bcc                BLE_bless_isr_SetPriority
 .text.BLE_bless_isr_Enable
                0x00000bf0       0x10 .\CortexM0\ARM_GCC_484\Debug\PSOC_CapSense_2_BLE.a(BLE_bless_isr.o)
                0x00000bf0                BLE_bless_isr_Enable
 .text.BLE_bless_isr_Disable
                0x00000c00       0x10 .\CortexM0\ARM_GCC_484\Debug\PSOC_CapSense_2_BLE.a(BLE_bless_isr.o)
                0x00000c00                BLE_bless_isr_Disable
 .text.BLE_bless_isr_StartEx
                0x00000c10       0x1c .\CortexM0\ARM_GCC_484\Debug\PSOC_CapSense_2_BLE.a(BLE_bless_isr.o)
                0x00000c10                BLE_bless_isr_StartEx
 .text.CySysPmSleep
                0x00000c2c       0x1c .\CortexM0\ARM_GCC_484\Debug\PSOC_CapSense_2_BLE.a(cyPm.o)
                0x00000c2c                CySysPmSleep
 .text.CyBLE_Bless_Interrupt
                0x00000c48        0x8 .\CortexM0\ARM_GCC_484\Debug\PSOC_CapSense_2_BLE.a(BLE_HAL_INT.o)
                0x00000c48                CyBLE_Bless_Interrupt
 .text          0x00000c50       0x9c c:/program files (x86)/cypress/psoc creator/3.2/psoc creator/import/gnu/arm/4.8.4/bin/../lib/gcc/arm-none-eabi/4.8.4/armv6-m\libgcc.a(_udivsi3.o)
                0x00000c50                __aeabi_uidiv
                0x00000c50                __udivsi3
                0x00000cd8                __aeabi_uidivmod
 .text          0x00000cec       0xc0 c:/program files (x86)/cypress/psoc creator/3.2/psoc creator/import/gnu/arm/4.8.4/bin/../lib/gcc/arm-none-eabi/4.8.4/armv6-m\libgcc.a(_divsi3.o)
                0x00000cec                __divsi3
                0x00000cec                __aeabi_idiv
                0x00000d98                __aeabi_idivmod
 .text          0x00000dac        0x4 c:/program files (x86)/cypress/psoc creator/3.2/psoc creator/import/gnu/arm/4.8.4/bin/../lib/gcc/arm-none-eabi/4.8.4/armv6-m\libgcc.a(_dvmd_tls.o)
                0x00000dac                __aeabi_idiv0
                0x00000dac                __aeabi_ldiv0
 .text.__libc_init_array
                0x00000db0       0x4c c:/program files (x86)/cypress/psoc creator/3.2/psoc creator/import/gnu/arm/4.8.4/bin/../lib/gcc/arm-none-eabi/4.8.4/../../../../arm-none-eabi/lib/armv6-m\libg_s.a(lib_a-init.o)
                0x00000db0                __libc_init_array
 .text.memcmp   0x00000dfc       0x1e c:/program files (x86)/cypress/psoc creator/3.2/psoc creator/import/gnu/arm/4.8.4/bin/../lib/gcc/arm-none-eabi/4.8.4/../../../../arm-none-eabi/lib/armv6-m\libg_s.a(lib_a-memcmp.o)
                0x00000dfc                memcmp
 .text.memcpy   0x00000e1a       0x12 c:/program files (x86)/cypress/psoc creator/3.2/psoc creator/import/gnu/arm/4.8.4/bin/../lib/gcc/arm-none-eabi/4.8.4/../../../../arm-none-eabi/lib/armv6-m\libg_s.a(lib_a-memcpy-stub.o)
                0x00000e1a                memcpy
 .text.memset   0x00000e2c       0x10 c:/program files (x86)/cypress/psoc creator/3.2/psoc creator/import/gnu/arm/4.8.4/bin/../lib/gcc/arm-none-eabi/4.8.4/../../../../arm-none-eabi/lib/armv6-m\libg_s.a(lib_a-memset.o)
                0x00000e2c                memset
 *(.plt)
 *(.gnu.warning)
 *(.glue_7t)
 .glue_7t       0x00000000        0x0 linker stubs
 *(.glue_7)
 .glue_7        0x00000000        0x0 linker stubs
 *(.vfp11_veneer)
 .vfp11_veneer  0x00000000        0x0 linker stubs
 *(.bootloader)
 *(.ARM.extab* .gnu.linkonce.armextab.*)
 *(.gcc_except_table)

.v4_bx          0x00000e3c        0x0
 .v4_bx         0x00000000        0x0 linker stubs

.iplt           0x00000e3c        0x0
 .iplt          0x00000000        0x0 c:/program files (x86)/cypress/psoc creator/3.2/psoc creator/import/gnu/arm/4.8.4/bin/../lib/gcc/arm-none-eabi/4.8.4/armv6-m/crtbegin.o

i.CyBle_ExitLPM
                0x00000e3c        0x8
 i.CyBle_ExitLPM
                0x00000e3c        0x8 C:\Program Files (x86)\Cypress\PSoC Creator\3.2\PSoC Creator\psoc\content\cycomponentlibrary\CyComponentLibrary.cylib\BLE_v2_10\Library\gccCyBLEStack_BLE_SOC_PERIPHERAL.a(CyBle.o)
                0x00000e3c                CyBle_ExitLPM

i.CyBle_ProcessEvents
                0x00000e44        0x8
 i.CyBle_ProcessEvents
                0x00000e44        0x8 C:\Program Files (x86)\Cypress\PSoC Creator\3.2\PSoC Creator\psoc\content\cycomponentlibrary\CyComponentLibrary.cylib\BLE_v2_10\Library\gccCyBLEStack_BLE_SOC_PERIPHERAL.a(CyBle.o)
                0x00000e44                CyBle_ProcessEvents

i.CyBle_SetDeviceAddress
                0x00000e4c       0x24
 i.CyBle_SetDeviceAddress
                0x00000e4c       0x24 C:\Program Files (x86)\Cypress\PSoC Creator\3.2\PSoC Creator\psoc\content\cycomponentlibrary\CyComponentLibrary.cylib\BLE_v2_10\Library\gccCyBLEStack_BLE_SOC_PERIPHERAL.a(CyBle.o)
                0x00000e4c                CyBle_SetDeviceAddress

i.CyBle_StackInit
                0x00000e70       0xfc
 i.CyBle_StackInit
                0x00000e70       0xfc C:\Program Files (x86)\Cypress\PSoC Creator\3.2\PSoC Creator\psoc\content\cycomponentlibrary\CyComponentLibrary.cylib\BLE_v2_10\Library\gccCyBLEStack_BLE_SOC_PERIPHERAL.a(CyBle.o)
                0x00000e70                CyBle_StackInit

i.CyBle_StackValidateInputParams
                0x00000f6c       0xf4
 i.CyBle_StackValidateInputParams
                0x00000f6c       0xf4 C:\Program Files (x86)\Cypress\PSoC Creator\3.2\PSoC Creator\psoc\content\cycomponentlibrary\CyComponentLibrary.cylib\BLE_v2_10\Library\gccCyBLEStack_BLE_SOC_PERIPHERAL.a(CyBle.o)

i.__ARM_common_switch8
                0x00001060       0x1a
 i.__ARM_common_switch8
                0x00001060       0x1a C:\Program Files (x86)\Cypress\PSoC Creator\3.2\PSoC Creator\psoc\content\cycomponentlibrary\CyComponentLibrary.cylib\BLE_v2_10\Library\gccCyBLEStack_BLE_SOC_PERIPHERAL.a(CyBle.o)
                0x00001060                __ARM_common_switch8

i.CyBleStackMgr_Init
                0x0000107c       0x9c
 i.CyBleStackMgr_Init
                0x0000107c       0x9c C:\Program Files (x86)\Cypress\PSoC Creator\3.2\PSoC Creator\psoc\content\cycomponentlibrary\CyComponentLibrary.cylib\BLE_v2_10\Library\gccCyBLEStack_BLE_SOC_PERIPHERAL.a(CyBleStackMgrIP_Interface.o)
                0x0000107c                CyBleStackMgr_Init

i.CyBleStackMgr_ProcessBleEvents
                0x00001118       0x14
 i.CyBleStackMgr_ProcessBleEvents
                0x00001118       0x14 C:\Program Files (x86)\Cypress\PSoC Creator\3.2\PSoC Creator\psoc\content\cycomponentlibrary\CyComponentLibrary.cylib\BLE_v2_10\Library\gccCyBLEStack_BLE_SOC_PERIPHERAL.a(CyBleStackMgrIP_Interface.o)
                0x00001118                CyBleStackMgr_ProcessBleEvents

i.CyBle_GetHeapMemory
                0x0000112c       0x28
 i.CyBle_GetHeapMemory
                0x0000112c       0x28 C:\Program Files (x86)\Cypress\PSoC Creator\3.2\PSoC Creator\psoc\content\cycomponentlibrary\CyComponentLibrary.cylib\BLE_v2_10\Library\gccCyBLEStack_BLE_SOC_PERIPHERAL.a(CyBleStackMgrIP_Interface.o)
                0x0000112c                CyBle_GetHeapMemory

i.CyBle_GetNumAppBufferPools
                0x00001154        0xc
 i.CyBle_GetNumAppBufferPools
                0x00001154        0xc C:\Program Files (x86)\Cypress\PSoC Creator\3.2\PSoC Creator\psoc\content\cycomponentlibrary\CyComponentLibrary.cylib\BLE_v2_10\Library\gccCyBLEStack_BLE_SOC_PERIPHERAL.a(CyBleStackMgrIP_Interface.o)
                0x00001154                CyBle_GetNumAppBufferPools

i.CyBle_HostStackBufferPoolInit
                0x00001160       0xec
 i.CyBle_HostStackBufferPoolInit
                0x00001160       0xec C:\Program Files (x86)\Cypress\PSoC Creator\3.2\PSoC Creator\psoc\content\cycomponentlibrary\CyComponentLibrary.cylib\BLE_v2_10\Library\gccCyBLEStack_BLE_SOC_PERIPHERAL.a(CyBleStackMgrIP_Interface.o)

i.ble_stack_idle_task_callback
                0x0000124c        0x2
 i.ble_stack_idle_task_callback
                0x0000124c        0x2 C:\Program Files (x86)\Cypress\PSoC Creator\3.2\PSoC Creator\psoc\content\cycomponentlibrary\CyComponentLibrary.cylib\BLE_v2_10\Library\gccCyBLEStack_BLE_SOC_PERIPHERAL.a(CyBleStackMgrIP_Interface.o)
                0x0000124c                ble_stack_idle_task_callback

i.BT_OSFreeBuf  0x00001250       0x20
 i.BT_OSFreeBuf
                0x00001250       0x20 C:\Program Files (x86)\Cypress\PSoC Creator\3.2\PSoC Creator\psoc\content\cycomponentlibrary\CyComponentLibrary.cylib\BLE_v2_10\Library\gccCyBLEStack_BLE_SOC_PERIPHERAL.a(BT_os.o)
                0x00001250                BT_OSFreeBuf

i.BT_OSGetBuF   0x00001270       0x34
 i.BT_OSGetBuF  0x00001270       0x34 C:\Program Files (x86)\Cypress\PSoC Creator\3.2\PSoC Creator\psoc\content\cycomponentlibrary\CyComponentLibrary.cylib\BLE_v2_10\Library\gccCyBLEStack_BLE_SOC_PERIPHERAL.a(BT_os.o)
                0x00001270                BT_OSGetBuF

i.BT_OSMemCreate
                0x000012a4       0x3c
 i.BT_OSMemCreate
                0x000012a4       0x3c C:\Program Files (x86)\Cypress\PSoC Creator\3.2\PSoC Creator\psoc\content\cycomponentlibrary\CyComponentLibrary.cylib\BLE_v2_10\Library\gccCyBLEStack_BLE_SOC_PERIPHERAL.a(BT_os.o)
                0x000012a4                BT_OSMemCreate

i.BT_alloc_mem_ext
                0x000012e0       0x3c
 i.BT_alloc_mem_ext
                0x000012e0       0x3c C:\Program Files (x86)\Cypress\PSoC Creator\3.2\PSoC Creator\psoc\content\cycomponentlibrary\CyComponentLibrary.cylib\BLE_v2_10\Library\gccCyBLEStack_BLE_SOC_PERIPHERAL.a(BT_os.o)
                0x000012e0                BT_alloc_mem_ext

i.BT_free_mem   0x0000131c        0xc
 i.BT_free_mem  0x0000131c        0xc C:\Program Files (x86)\Cypress\PSoC Creator\3.2\PSoC Creator\psoc\content\cycomponentlibrary\CyComponentLibrary.cylib\BLE_v2_10\Library\gccCyBLEStack_BLE_SOC_PERIPHERAL.a(BT_os.o)
                0x0000131c                BT_free_mem

i.bt_stack_create_buffer_pool
                0x00001328       0x30
 i.bt_stack_create_buffer_pool
                0x00001328       0x30 C:\Program Files (x86)\Cypress\PSoC Creator\3.2\PSoC Creator\psoc\content\cycomponentlibrary\CyComponentLibrary.cylib\BLE_v2_10\Library\gccCyBLEStack_BLE_SOC_PERIPHERAL.a(BT_os.o)
                0x00001328                bt_stack_create_buffer_pool

i.CyBle_CheckBleStackTaskStatus
                0x00001358        0x4
 i.CyBle_CheckBleStackTaskStatus
                0x00001358        0x4 C:\Program Files (x86)\Cypress\PSoC Creator\3.2\PSoC Creator\psoc\content\cycomponentlibrary\CyComponentLibrary.cylib\BLE_v2_10\Library\gccCyBLEStack_BLE_SOC_PERIPHERAL.a(CyBleStackMgr_StackTaskHandler.o)
                0x00001358                CyBle_CheckBleStackTaskStatus

i.CyBle_CreateBleStackTask
                0x0000135c       0x2c
 i.CyBle_CreateBleStackTask
                0x0000135c       0x2c C:\Program Files (x86)\Cypress\PSoC Creator\3.2\PSoC Creator\psoc\content\cycomponentlibrary\CyComponentLibrary.cylib\BLE_v2_10\Library\gccCyBLEStack_BLE_SOC_PERIPHERAL.a(CyBleStackMgr_StackTaskHandler.o)
                0x0000135c                CyBle_CreateBleStackTask

i.CyBle_SignalBleStackTask
                0x00001388       0x50
 i.CyBle_SignalBleStackTask
                0x00001388       0x50 C:\Program Files (x86)\Cypress\PSoC Creator\3.2\PSoC Creator\psoc\content\cycomponentlibrary\CyComponentLibrary.cylib\BLE_v2_10\Library\gccCyBLEStack_BLE_SOC_PERIPHERAL.a(CyBleStackMgr_StackTaskHandler.o)
                0x00001388                CyBle_SignalBleStackTask

i.CyBle_StackTaskHandler
                0x000013d8       0x5c
 i.CyBle_StackTaskHandler
                0x000013d8       0x5c C:\Program Files (x86)\Cypress\PSoC Creator\3.2\PSoC Creator\psoc\content\cycomponentlibrary\CyComponentLibrary.cylib\BLE_v2_10\Library\gccCyBLEStack_BLE_SOC_PERIPHERAL.a(CyBleStackMgr_StackTaskHandler.o)
                0x000013d8                CyBle_StackTaskHandler

i.hci_soft_transport_notify_data_received
                0x00001434        0xc
 i.hci_soft_transport_notify_data_received
                0x00001434        0xc C:\Program Files (x86)\Cypress\PSoC Creator\3.2\PSoC Creator\psoc\content\cycomponentlibrary\CyComponentLibrary.cylib\BLE_v2_10\Library\gccCyBLEStack_BLE_SOC_PERIPHERAL.a(transport_sf.o)
                0x00001434                hci_soft_transport_notify_data_received

i.hci_soft_transport_rx_data
                0x00001440       0x40
 i.hci_soft_transport_rx_data
                0x00001440       0x40 C:\Program Files (x86)\Cypress\PSoC Creator\3.2\PSoC Creator\psoc\content\cycomponentlibrary\CyComponentLibrary.cylib\BLE_v2_10\Library\gccCyBLEStack_BLE_SOC_PERIPHERAL.a(transport_sf.o)
                0x00001440                hci_soft_transport_rx_data

i.hci_transport_bt_init
                0x00001480        0x2
 i.hci_transport_bt_init
                0x00001480        0x2 C:\Program Files (x86)\Cypress\PSoC Creator\3.2\PSoC Creator\psoc\content\cycomponentlibrary\CyComponentLibrary.cylib\BLE_v2_10\Library\gccCyBLEStack_BLE_SOC_PERIPHERAL.a(transport_sf.o)
                0x00001480                hci_transport_bt_init

i.hci_transport_init
                0x00001484       0x10
 i.hci_transport_init
                0x00001484       0x10 C:\Program Files (x86)\Cypress\PSoC Creator\3.2\PSoC Creator\psoc\content\cycomponentlibrary\CyComponentLibrary.cylib\BLE_v2_10\Library\gccCyBLEStack_BLE_SOC_PERIPHERAL.a(transport_sf.o)
                0x00001484                hci_transport_init

i.hci_transport_write_data
                0x00001494       0xd4
 i.hci_transport_write_data
                0x00001494       0xd4 C:\Program Files (x86)\Cypress\PSoC Creator\3.2\PSoC Creator\psoc\content\cycomponentlibrary\CyComponentLibrary.cylib\BLE_v2_10\Library\gccCyBLEStack_BLE_SOC_PERIPHERAL.a(transport_sf.o)
                0x00001494                hci_transport_write_data

i.pf_hci_soft_transport_write
                0x00001568       0x44
 i.pf_hci_soft_transport_write
                0x00001568       0x44 C:\Program Files (x86)\Cypress\PSoC Creator\3.2\PSoC Creator\psoc\content\cycomponentlibrary\CyComponentLibrary.cylib\BLE_v2_10\Library\gccCyBLEStack_BLE_SOC_PERIPHERAL.a(transport_sf.o)
                0x00001568                pf_hci_soft_transport_write

i.pf_soft_hci_transport_init
                0x000015ac        0xc
 i.pf_soft_hci_transport_init
                0x000015ac        0xc C:\Program Files (x86)\Cypress\PSoC Creator\3.2\PSoC Creator\psoc\content\cycomponentlibrary\CyComponentLibrary.cylib\BLE_v2_10\Library\gccCyBLEStack_BLE_SOC_PERIPHERAL.a(transport_sf.o)
                0x000015ac                pf_soft_hci_transport_init

i.CyBleStackMgr_GetTime
                0x000015b8       0x14
 i.CyBleStackMgr_GetTime
                0x000015b8       0x14 C:\Program Files (x86)\Cypress\PSoC Creator\3.2\PSoC Creator\psoc\content\cycomponentlibrary\CyComponentLibrary.cylib\BLE_v2_10\Library\gccCyBLEStack_BLE_SOC_PERIPHERAL.a(CyBleStackMgr_PSoCHal.o)
                0x000015b8                CyBleStackMgr_GetTime

i.CyBleStackMgr_HalInit
                0x000015cc       0x24
 i.CyBleStackMgr_HalInit
                0x000015cc       0x24 C:\Program Files (x86)\Cypress\PSoC Creator\3.2\PSoC Creator\psoc\content\cycomponentlibrary\CyComponentLibrary.cylib\BLE_v2_10\Library\gccCyBLEStack_BLE_SOC_PERIPHERAL.a(CyBleStackMgr_PSoCHal.o)
                0x000015cc                CyBleStackMgr_HalInit

i.CyBleStackMgr_HalIntrEnable
                0x000015f0        0x8
 i.CyBleStackMgr_HalIntrEnable
                0x000015f0        0x8 C:\Program Files (x86)\Cypress\PSoC Creator\3.2\PSoC Creator\psoc\content\cycomponentlibrary\CyComponentLibrary.cylib\BLE_v2_10\Library\gccCyBLEStack_BLE_SOC_PERIPHERAL.a(CyBleStackMgr_PSoCHal.o)
                0x000015f0                CyBleStackMgr_HalIntrEnable

i.CyBleStackMgr_HandleLinkLayerTick
                0x000015f8       0x5c
 i.CyBleStackMgr_HandleLinkLayerTick
                0x000015f8       0x5c C:\Program Files (x86)\Cypress\PSoC Creator\3.2\PSoC Creator\psoc\content\cycomponentlibrary\CyComponentLibrary.cylib\BLE_v2_10\Library\gccCyBLEStack_BLE_SOC_PERIPHERAL.a(CyBleStackMgr_PSoCHal.o)
                0x000015f8                CyBleStackMgr_HandleLinkLayerTick

i.CyBleStackMgr_HciPortInit
                0x00001654        0xc
 i.CyBleStackMgr_HciPortInit
                0x00001654        0xc C:\Program Files (x86)\Cypress\PSoC Creator\3.2\PSoC Creator\psoc\content\cycomponentlibrary\CyComponentLibrary.cylib\BLE_v2_10\Library\gccCyBLEStack_BLE_SOC_PERIPHERAL.a(CyBleStackMgr_PSoCHal.o)
                0x00001654                CyBleStackMgr_HciPortInit

i.CyBleStackMgr_HciPortReset
                0x00001660        0x2
 i.CyBleStackMgr_HciPortReset
                0x00001660        0x2 C:\Program Files (x86)\Cypress\PSoC Creator\3.2\PSoC Creator\psoc\content\cycomponentlibrary\CyComponentLibrary.cylib\BLE_v2_10\Library\gccCyBLEStack_BLE_SOC_PERIPHERAL.a(CyBleStackMgr_PSoCHal.o)
                0x00001660                CyBleStackMgr_HciPortReset

i.CyBleStackMgr_HciPortWrite
                0x00001662        0x8
 i.CyBleStackMgr_HciPortWrite
                0x00001662        0x8 C:\Program Files (x86)\Cypress\PSoC Creator\3.2\PSoC Creator\psoc\content\cycomponentlibrary\CyComponentLibrary.cylib\BLE_v2_10\Library\gccCyBLEStack_BLE_SOC_PERIPHERAL.a(CyBleStackMgr_PSoCHal.o)
                0x00001662                CyBleStackMgr_HciPortWrite

i.CyBleStackMgr_ResetLinkLayerTimerEntity
                0x0000166c       0x14
 i.CyBleStackMgr_ResetLinkLayerTimerEntity
                0x0000166c       0x14 C:\Program Files (x86)\Cypress\PSoC Creator\3.2\PSoC Creator\psoc\content\cycomponentlibrary\CyComponentLibrary.cylib\BLE_v2_10\Library\gccCyBLEStack_BLE_SOC_PERIPHERAL.a(CyBleStackMgr_PSoCHal.o)
                0x0000166c                CyBleStackMgr_ResetLinkLayerTimerEntity

i.CyBleStackMgr_TimerStart
                0x00001680       0x2c
 i.CyBleStackMgr_TimerStart
                0x00001680       0x2c C:\Program Files (x86)\Cypress\PSoC Creator\3.2\PSoC Creator\psoc\content\cycomponentlibrary\CyComponentLibrary.cylib\BLE_v2_10\Library\gccCyBLEStack_BLE_SOC_PERIPHERAL.a(CyBleStackMgr_PSoCHal.o)
                0x00001680                CyBleStackMgr_TimerStart

i.CyBleStackMgr_TimerStop
                0x000016ac       0x18
 i.CyBleStackMgr_TimerStop
                0x000016ac       0x18 C:\Program Files (x86)\Cypress\PSoC Creator\3.2\PSoC Creator\psoc\content\cycomponentlibrary\CyComponentLibrary.cylib\BLE_v2_10\Library\gccCyBLEStack_BLE_SOC_PERIPHERAL.a(CyBleStackMgr_PSoCHal.o)
                0x000016ac                CyBleStackMgr_TimerStop

i.CyBleStackMgr_isTimerRunning
                0x000016c4       0x10
 i.CyBleStackMgr_isTimerRunning
                0x000016c4       0x10 C:\Program Files (x86)\Cypress\PSoC Creator\3.2\PSoC Creator\psoc\content\cycomponentlibrary\CyComponentLibrary.cylib\BLE_v2_10\Library\gccCyBLEStack_BLE_SOC_PERIPHERAL.a(CyBleStackMgr_PSoCHal.o)
                0x000016c4                CyBleStackMgr_isTimerRunning

i.CyBleAtlantisRadioInit
                0x000016d4      0x110
 i.CyBleAtlantisRadioInit
                0x000016d4      0x110 C:\Program Files (x86)\Cypress\PSoC Creator\3.2\PSoC Creator\psoc\content\cycomponentlibrary\CyComponentLibrary.cylib\BLE_v2_10\Library\gccCyBLEStack_BLE_SOC_PERIPHERAL.a(CyBleStackMgr_BleSSDriver.o)

i.CyBleStackMgr_BleSSFifoRead
                0x000017e4       0x38
 i.CyBleStackMgr_BleSSFifoRead
                0x000017e4       0x38 C:\Program Files (x86)\Cypress\PSoC Creator\3.2\PSoC Creator\psoc\content\cycomponentlibrary\CyComponentLibrary.cylib\BLE_v2_10\Library\gccCyBLEStack_BLE_SOC_PERIPHERAL.a(CyBleStackMgr_BleSSDriver.o)
                0x000017e4                CyBleStackMgr_BleSSFifoRead

i.CyBleStackMgr_BleSSFifoWrite
                0x0000181c       0x30
 i.CyBleStackMgr_BleSSFifoWrite
                0x0000181c       0x30 C:\Program Files (x86)\Cypress\PSoC Creator\3.2\PSoC Creator\psoc\content\cycomponentlibrary\CyComponentLibrary.cylib\BLE_v2_10\Library\gccCyBLEStack_BLE_SOC_PERIPHERAL.a(CyBleStackMgr_BleSSDriver.o)
                0x0000181c                CyBleStackMgr_BleSSFifoWrite

i.CyBleStackMgr_BleSSInit
                0x0000184c       0x50
 i.CyBleStackMgr_BleSSInit
                0x0000184c       0x50 C:\Program Files (x86)\Cypress\PSoC Creator\3.2\PSoC Creator\psoc\content\cycomponentlibrary\CyComponentLibrary.cylib\BLE_v2_10\Library\gccCyBLEStack_BLE_SOC_PERIPHERAL.a(CyBleStackMgr_BleSSDriver.o)
                0x0000184c                CyBleStackMgr_BleSSInit

i.CyBleStackMgr_BleSSMemRead
                0x0000189c       0x26
 i.CyBleStackMgr_BleSSMemRead
                0x0000189c       0x26 C:\Program Files (x86)\Cypress\PSoC Creator\3.2\PSoC Creator\psoc\content\cycomponentlibrary\CyComponentLibrary.cylib\BLE_v2_10\Library\gccCyBLEStack_BLE_SOC_PERIPHERAL.a(CyBleStackMgr_BleSSDriver.o)
                0x0000189c                CyBleStackMgr_BleSSMemRead

i.CyBleStackMgr_BleSSMemWrite
                0x000018c4       0x34
 i.CyBleStackMgr_BleSSMemWrite
                0x000018c4       0x34 C:\Program Files (x86)\Cypress\PSoC Creator\3.2\PSoC Creator\psoc\content\cycomponentlibrary\CyComponentLibrary.cylib\BLE_v2_10\Library\gccCyBLEStack_BLE_SOC_PERIPHERAL.a(CyBleStackMgr_BleSSDriver.o)
                0x000018c4                CyBleStackMgr_BleSSMemWrite

i.CyBleStackMgr_BleSSRegRead
                0x000018f8        0xc
 i.CyBleStackMgr_BleSSRegRead
                0x000018f8        0xc C:\Program Files (x86)\Cypress\PSoC Creator\3.2\PSoC Creator\psoc\content\cycomponentlibrary\CyComponentLibrary.cylib\BLE_v2_10\Library\gccCyBLEStack_BLE_SOC_PERIPHERAL.a(CyBleStackMgr_BleSSDriver.o)
                0x000018f8                CyBleStackMgr_BleSSRegRead

i.CyBleStackMgr_BleSSRegWrite
                0x00001904        0xc
 i.CyBleStackMgr_BleSSRegWrite
                0x00001904        0xc C:\Program Files (x86)\Cypress\PSoC Creator\3.2\PSoC Creator\psoc\content\cycomponentlibrary\CyComponentLibrary.cylib\BLE_v2_10\Library\gccCyBLEStack_BLE_SOC_PERIPHERAL.a(CyBleStackMgr_BleSSDriver.o)
                0x00001904                CyBleStackMgr_BleSSRegWrite

i.CyBleStackMgr_BleSSReset
                0x00001910       0x38
 i.CyBleStackMgr_BleSSReset
                0x00001910       0x38 C:\Program Files (x86)\Cypress\PSoC Creator\3.2\PSoC Creator\psoc\content\cycomponentlibrary\CyComponentLibrary.cylib\BLE_v2_10\Library\gccCyBLEStack_BLE_SOC_PERIPHERAL.a(CyBleStackMgr_BleSSDriver.o)
                0x00001910                CyBleStackMgr_BleSSReset

i.CyBleStackMgr_GenericIface
                0x00001948       0x3c
 i.CyBleStackMgr_GenericIface
                0x00001948       0x3c C:\Program Files (x86)\Cypress\PSoC Creator\3.2\PSoC Creator\psoc\content\cycomponentlibrary\CyComponentLibrary.cylib\BLE_v2_10\Library\gccCyBLEStack_BLE_SOC_PERIPHERAL.a(CyBleStackMgr_BleSSDriver.o)
                0x00001948                CyBleStackMgr_GenericIface

i.CyBleStackMgr_HandleBleSSIntr
                0x00001984       0x90
 i.CyBleStackMgr_HandleBleSSIntr
                0x00001984       0x90 C:\Program Files (x86)\Cypress\PSoC Creator\3.2\PSoC Creator\psoc\content\cycomponentlibrary\CyComponentLibrary.cylib\BLE_v2_10\Library\gccCyBLEStack_BLE_SOC_PERIPHERAL.a(CyBleStackMgr_BleSSDriver.o)
                0x00001984                CyBleStackMgr_HandleBleSSIntr

i.CyBleStackMgr_SetClockParam
                0x00001a14       0xb4
 i.CyBleStackMgr_SetClockParam
                0x00001a14       0xb4 C:\Program Files (x86)\Cypress\PSoC Creator\3.2\PSoC Creator\psoc\content\cycomponentlibrary\CyComponentLibrary.cylib\BLE_v2_10\Library\gccCyBLEStack_BLE_SOC_PERIPHERAL.a(CyBleStackMgr_BleSSDriver.o)

i.CyBle_ExitDsmMode
                0x00001ac8       0x2c
 i.CyBle_ExitDsmMode
                0x00001ac8       0x2c C:\Program Files (x86)\Cypress\PSoC Creator\3.2\PSoC Creator\psoc\content\cycomponentlibrary\CyComponentLibrary.cylib\BLE_v2_10\Library\gccCyBLEStack_BLE_SOC_PERIPHERAL.a(CyBleStackMgr_BleSSDriver.o)
                0x00001ac8                CyBle_ExitDsmMode

i.CyBle_GetBleSsOperationalMode
                0x00001af4        0xc
 i.CyBle_GetBleSsOperationalMode
                0x00001af4        0xc C:\Program Files (x86)\Cypress\PSoC Creator\3.2\PSoC Creator\psoc\content\cycomponentlibrary\CyComponentLibrary.cylib\BLE_v2_10\Library\gccCyBLEStack_BLE_SOC_PERIPHERAL.a(CyBleStackMgr_BleSSDriver.o)
                0x00001af4                CyBle_GetBleSsOperationalMode

i.CyBle_GetLpMode
                0x00001b00       0x26
 i.CyBle_GetLpMode
                0x00001b00       0x26 C:\Program Files (x86)\Cypress\PSoC Creator\3.2\PSoC Creator\psoc\content\cycomponentlibrary\CyComponentLibrary.cylib\BLE_v2_10\Library\gccCyBLEStack_BLE_SOC_PERIPHERAL.a(CyBleStackMgr_BleSSDriver.o)
                0x00001b00                CyBle_GetLpMode

i.CyBle_GetTxGainMode
                0x00001b28       0x2c
 i.CyBle_GetTxGainMode
                0x00001b28       0x2c C:\Program Files (x86)\Cypress\PSoC Creator\3.2\PSoC Creator\psoc\content\cycomponentlibrary\CyComponentLibrary.cylib\BLE_v2_10\Library\gccCyBLEStack_BLE_SOC_PERIPHERAL.a(CyBleStackMgr_BleSSDriver.o)
                0x00001b28                CyBle_GetTxGainMode

i.CyBle_SetBleSsOperationalMode
                0x00001b54       0x20
 i.CyBle_SetBleSsOperationalMode
                0x00001b54       0x20 C:\Program Files (x86)\Cypress\PSoC Creator\3.2\PSoC Creator\psoc\content\cycomponentlibrary\CyComponentLibrary.cylib\BLE_v2_10\Library\gccCyBLEStack_BLE_SOC_PERIPHERAL.a(CyBleStackMgr_BleSSDriver.o)
                0x00001b54                CyBle_SetBleSsOperationalMode

i.CyBle_SetEventCloseState
                0x00001b74        0xc
 i.CyBle_SetEventCloseState
                0x00001b74        0xc C:\Program Files (x86)\Cypress\PSoC Creator\3.2\PSoC Creator\psoc\content\cycomponentlibrary\CyComponentLibrary.cylib\BLE_v2_10\Library\gccCyBLEStack_BLE_SOC_PERIPHERAL.a(CyBleStackMgr_BleSSDriver.o)
                0x00001b74                CyBle_SetEventCloseState

i.CyBle_SetRxGainMode
                0x00001b80       0x20
 i.CyBle_SetRxGainMode
                0x00001b80       0x20 C:\Program Files (x86)\Cypress\PSoC Creator\3.2\PSoC Creator\psoc\content\cycomponentlibrary\CyComponentLibrary.cylib\BLE_v2_10\Library\gccCyBLEStack_BLE_SOC_PERIPHERAL.a(CyBleStackMgr_BleSSDriver.o)
                0x00001b80                CyBle_SetRxGainMode

i.CyBle_SetTxGainMode
                0x00001ba0       0x38
 i.CyBle_SetTxGainMode
                0x00001ba0       0x38 C:\Program Files (x86)\Cypress\PSoC Creator\3.2\PSoC Creator\psoc\content\cycomponentlibrary\CyComponentLibrary.cylib\BLE_v2_10\Library\gccCyBLEStack_BLE_SOC_PERIPHERAL.a(CyBleStackMgr_BleSSDriver.o)
                0x00001ba0                CyBle_SetTxGainMode

i.pf_rf_get_abs_rssi
                0x00001bd8       0x24
 i.pf_rf_get_abs_rssi
                0x00001bd8       0x24 C:\Program Files (x86)\Cypress\PSoC Creator\3.2\PSoC Creator\psoc\content\cycomponentlibrary\CyComponentLibrary.cylib\BLE_v2_10\Library\gccCyBLEStack_BLE_SOC_PERIPHERAL.a(CyBleStackMgr_BleSSDriver.o)
                0x00001bd8                pf_rf_get_abs_rssi

i.BleStackFlashStorageInit
                0x00001bfc       0x74
 i.BleStackFlashStorageInit
                0x00001bfc       0x74 C:\Program Files (x86)\Cypress\PSoC Creator\3.2\PSoC Creator\psoc\content\cycomponentlibrary\CyComponentLibrary.cylib\BLE_v2_10\Library\gccCyBLEStack_BLE_SOC_PERIPHERAL.a(storage_pl.o)
                0x00001bfc                BleStackFlashStorageInit

i.BleStackWriteToFlashPending
                0x00001c70       0x24
 i.BleStackWriteToFlashPending
                0x00001c70       0x24 C:\Program Files (x86)\Cypress\PSoC Creator\3.2\PSoC Creator\psoc\content\cycomponentlibrary\CyComponentLibrary.cylib\BLE_v2_10\Library\gccCyBLEStack_BLE_SOC_PERIPHERAL.a(storage_pl.o)
                0x00001c70                BleStackWriteToFlashPending

i.BleStackWriteToFlashRam
                0x00001c94       0x70
 i.BleStackWriteToFlashRam
                0x00001c94       0x70 C:\Program Files (x86)\Cypress\PSoC Creator\3.2\PSoC Creator\psoc\content\cycomponentlibrary\CyComponentLibrary.cylib\BLE_v2_10\Library\gccCyBLEStack_BLE_SOC_PERIPHERAL.a(storage_pl.o)
                0x00001c94                BleStackWriteToFlashRam

i.storage_bt_init_pl
                0x00001d04       0x28
 i.storage_bt_init_pl
                0x00001d04       0x28 C:\Program Files (x86)\Cypress\PSoC Creator\3.2\PSoC Creator\psoc\content\cycomponentlibrary\CyComponentLibrary.cylib\BLE_v2_10\Library\gccCyBLEStack_BLE_SOC_PERIPHERAL.a(storage_pl.o)
                0x00001d04                storage_bt_init_pl

i.storage_close_pl
                0x00001d2c        0x4
 i.storage_close_pl
                0x00001d2c        0x4 C:\Program Files (x86)\Cypress\PSoC Creator\3.2\PSoC Creator\psoc\content\cycomponentlibrary\CyComponentLibrary.cylib\BLE_v2_10\Library\gccCyBLEStack_BLE_SOC_PERIPHERAL.a(storage_pl.o)
                0x00001d2c                storage_close_pl

i.storage_open_pl
                0x00001d30       0x1c
 i.storage_open_pl
                0x00001d30       0x1c C:\Program Files (x86)\Cypress\PSoC Creator\3.2\PSoC Creator\psoc\content\cycomponentlibrary\CyComponentLibrary.cylib\BLE_v2_10\Library\gccCyBLEStack_BLE_SOC_PERIPHERAL.a(storage_pl.o)
                0x00001d30                storage_open_pl

i.storage_read_pl
                0x00001d4c       0x28
 i.storage_read_pl
                0x00001d4c       0x28 C:\Program Files (x86)\Cypress\PSoC Creator\3.2\PSoC Creator\psoc\content\cycomponentlibrary\CyComponentLibrary.cylib\BLE_v2_10\Library\gccCyBLEStack_BLE_SOC_PERIPHERAL.a(storage_pl.o)
                0x00001d4c                storage_read_pl

i.storage_read_signature_pl
                0x00001d74       0x2c
 i.storage_read_signature_pl
                0x00001d74       0x2c C:\Program Files (x86)\Cypress\PSoC Creator\3.2\PSoC Creator\psoc\content\cycomponentlibrary\CyComponentLibrary.cylib\BLE_v2_10\Library\gccCyBLEStack_BLE_SOC_PERIPHERAL.a(storage_pl.o)
                0x00001d74                storage_read_signature_pl

i.storage_register_flash_pointer
                0x00001da0       0x20
 i.storage_register_flash_pointer
                0x00001da0       0x20 C:\Program Files (x86)\Cypress\PSoC Creator\3.2\PSoC Creator\psoc\content\cycomponentlibrary\CyComponentLibrary.cylib\BLE_v2_10\Library\gccCyBLEStack_BLE_SOC_PERIPHERAL.a(storage_pl.o)
                0x00001da0                storage_register_flash_pointer

i.storage_reset_storage_offset
                0x00001dc0       0x10
 i.storage_reset_storage_offset
                0x00001dc0       0x10 C:\Program Files (x86)\Cypress\PSoC Creator\3.2\PSoC Creator\psoc\content\cycomponentlibrary\CyComponentLibrary.cylib\BLE_v2_10\Library\gccCyBLEStack_BLE_SOC_PERIPHERAL.a(storage_pl.o)

i.storage_write_pl
                0x00001dd0       0x24
 i.storage_write_pl
                0x00001dd0       0x24 C:\Program Files (x86)\Cypress\PSoC Creator\3.2\PSoC Creator\psoc\content\cycomponentlibrary\CyComponentLibrary.cylib\BLE_v2_10\Library\gccCyBLEStack_BLE_SOC_PERIPHERAL.a(storage_pl.o)
                0x00001dd0                storage_write_pl

i.storage_write_signature_pl
                0x00001df4       0x14
 i.storage_write_signature_pl
                0x00001df4       0x14 C:\Program Files (x86)\Cypress\PSoC Creator\3.2\PSoC Creator\psoc\content\cycomponentlibrary\CyComponentLibrary.cylib\BLE_v2_10\Library\gccCyBLEStack_BLE_SOC_PERIPHERAL.a(storage_pl.o)
                0x00001df4                storage_write_signature_pl

i.OS_init       0x00001e08       0x64
 i.OS_init      0x00001e08       0x64 C:\Program Files (x86)\Cypress\PSoC Creator\3.2\PSoC Creator\psoc\content\cycomponentlibrary\CyComponentLibrary.cylib\BLE_v2_10\Library\gccCyBLEStack_BLE_SOC_PERIPHERAL.a(mint_os.o)
                0x00001e08                OS_init

i.mintos_malloc
                0x00001e6c       0x34
 i.mintos_malloc
                0x00001e6c       0x34 C:\Program Files (x86)\Cypress\PSoC Creator\3.2\PSoC Creator\psoc\content\cycomponentlibrary\CyComponentLibrary.cylib\BLE_v2_10\Library\gccCyBLEStack_BLE_SOC_PERIPHERAL.a(mint_os.o)
                0x00001e6c                mintos_malloc

i.OS_create_queue
                0x00001ea0       0x64
 i.OS_create_queue
                0x00001ea0       0x64 C:\Program Files (x86)\Cypress\PSoC Creator\3.2\PSoC Creator\psoc\content\cycomponentlibrary\CyComponentLibrary.cylib\BLE_v2_10\Library\gccCyBLEStack_BLE_SOC_PERIPHERAL.a(mint_os_queue.o)
                0x00001ea0                OS_create_queue

i.OS_enqueue_item
                0x00001f04       0x8c
 i.OS_enqueue_item
                0x00001f04       0x8c C:\Program Files (x86)\Cypress\PSoC Creator\3.2\PSoC Creator\psoc\content\cycomponentlibrary\CyComponentLibrary.cylib\BLE_v2_10\Library\gccCyBLEStack_BLE_SOC_PERIPHERAL.a(mint_os_queue.o)
                0x00001f04                OS_enqueue_item

i.OS_queue_get_num_of_items
                0x00001f90       0x28
 i.OS_queue_get_num_of_items
                0x00001f90       0x28 C:\Program Files (x86)\Cypress\PSoC Creator\3.2\PSoC Creator\psoc\content\cycomponentlibrary\CyComponentLibrary.cylib\BLE_v2_10\Library\gccCyBLEStack_BLE_SOC_PERIPHERAL.a(mint_os_queue.o)
                0x00001f90                OS_queue_get_num_of_items

i.OS_queue_mgmt_init
                0x00001fb8       0x40
 i.OS_queue_mgmt_init
                0x00001fb8       0x40 C:\Program Files (x86)\Cypress\PSoC Creator\3.2\PSoC Creator\psoc\content\cycomponentlibrary\CyComponentLibrary.cylib\BLE_v2_10\Library\gccCyBLEStack_BLE_SOC_PERIPHERAL.a(mint_os_queue.o)
                0x00001fb8                OS_queue_mgmt_init

i.OS_remove_item
                0x00001ff8       0xa0
 i.OS_remove_item
                0x00001ff8       0xa0 C:\Program Files (x86)\Cypress\PSoC Creator\3.2\PSoC Creator\psoc\content\cycomponentlibrary\CyComponentLibrary.cylib\BLE_v2_10\Library\gccCyBLEStack_BLE_SOC_PERIPHERAL.a(mint_os_queue.o)
                0x00001ff8                OS_remove_item

i.OS_create_task
                0x00002098       0x88
 i.OS_create_task
                0x00002098       0x88 C:\Program Files (x86)\Cypress\PSoC Creator\3.2\PSoC Creator\psoc\content\cycomponentlibrary\CyComponentLibrary.cylib\BLE_v2_10\Library\gccCyBLEStack_BLE_SOC_PERIPHERAL.a(mint_os_task.o)
                0x00002098                OS_create_task

i.OS_isr_send_signal_to_task
                0x00002120        0xc
 i.OS_isr_send_signal_to_task
                0x00002120        0xc C:\Program Files (x86)\Cypress\PSoC Creator\3.2\PSoC Creator\psoc\content\cycomponentlibrary\CyComponentLibrary.cylib\BLE_v2_10\Library\gccCyBLEStack_BLE_SOC_PERIPHERAL.a(mint_os_task.o)
                0x00002120                OS_isr_send_signal_to_task

i.OS_scheduler  0x0000212c       0x64
 i.OS_scheduler
                0x0000212c       0x64 C:\Program Files (x86)\Cypress\PSoC Creator\3.2\PSoC Creator\psoc\content\cycomponentlibrary\CyComponentLibrary.cylib\BLE_v2_10\Library\gccCyBLEStack_BLE_SOC_PERIPHERAL.a(mint_os_task.o)
                0x0000212c                OS_scheduler

i.OS_send_signal_to_task
                0x00002190        0xc
 i.OS_send_signal_to_task
                0x00002190        0xc C:\Program Files (x86)\Cypress\PSoC Creator\3.2\PSoC Creator\psoc\content\cycomponentlibrary\CyComponentLibrary.cylib\BLE_v2_10\Library\gccCyBLEStack_BLE_SOC_PERIPHERAL.a(mint_os_task.o)
                0x00002190                OS_send_signal_to_task

i.OS_send_signal_to_task_context
                0x0000219c       0x3c
 i.OS_send_signal_to_task_context
                0x0000219c       0x3c C:\Program Files (x86)\Cypress\PSoC Creator\3.2\PSoC Creator\psoc\content\cycomponentlibrary\CyComponentLibrary.cylib\BLE_v2_10\Library\gccCyBLEStack_BLE_SOC_PERIPHERAL.a(mint_os_task.o)

i.OS_task_mgmt_init
                0x000021d8       0x50
 i.OS_task_mgmt_init
                0x000021d8       0x50 C:\Program Files (x86)\Cypress\PSoC Creator\3.2\PSoC Creator\psoc\content\cycomponentlibrary\CyComponentLibrary.cylib\BLE_v2_10\Library\gccCyBLEStack_BLE_SOC_PERIPHERAL.a(mint_os_task.o)
                0x000021d8                OS_task_mgmt_init

i.mint_buf_mgmt_allocate_buffer
                0x00002228       0x4c
 i.mint_buf_mgmt_allocate_buffer
                0x00002228       0x4c C:\Program Files (x86)\Cypress\PSoC Creator\3.2\PSoC Creator\psoc\content\cycomponentlibrary\CyComponentLibrary.cylib\BLE_v2_10\Library\gccCyBLEStack_BLE_SOC_PERIPHERAL.a(mint_buf_mgmt.o)
                0x00002228                mint_buf_mgmt_allocate_buffer

i.mint_buf_mgmt_create_pool
                0x00002274       0xd0
 i.mint_buf_mgmt_create_pool
                0x00002274       0xd0 C:\Program Files (x86)\Cypress\PSoC Creator\3.2\PSoC Creator\psoc\content\cycomponentlibrary\CyComponentLibrary.cylib\BLE_v2_10\Library\gccCyBLEStack_BLE_SOC_PERIPHERAL.a(mint_buf_mgmt.o)
                0x00002274                mint_buf_mgmt_create_pool

i.mint_buf_mgmt_free_buffer
                0x00002344       0xa4
 i.mint_buf_mgmt_free_buffer
                0x00002344       0xa4 C:\Program Files (x86)\Cypress\PSoC Creator\3.2\PSoC Creator\psoc\content\cycomponentlibrary\CyComponentLibrary.cylib\BLE_v2_10\Library\gccCyBLEStack_BLE_SOC_PERIPHERAL.a(mint_buf_mgmt.o)
                0x00002344                mint_buf_mgmt_free_buffer

i.mint_buf_mgmt_init
                0x000023e8       0x44
 i.mint_buf_mgmt_init
                0x000023e8       0x44 C:\Program Files (x86)\Cypress\PSoC Creator\3.2\PSoC Creator\psoc\content\cycomponentlibrary\CyComponentLibrary.cylib\BLE_v2_10\Library\gccCyBLEStack_BLE_SOC_PERIPHERAL.a(mint_buf_mgmt.o)
                0x000023e8                mint_buf_mgmt_init

i.mint_buf_mgmt_malloc
                0x0000242c       0x2c
 i.mint_buf_mgmt_malloc
                0x0000242c       0x2c C:\Program Files (x86)\Cypress\PSoC Creator\3.2\PSoC Creator\psoc\content\cycomponentlibrary\CyComponentLibrary.cylib\BLE_v2_10\Library\gccCyBLEStack_BLE_SOC_PERIPHERAL.a(mint_buf_mgmt.o)
                0x0000242c                mint_buf_mgmt_malloc

i.mint_buf_mgmt_pl_init
                0x00002458       0x48
 i.mint_buf_mgmt_pl_init
                0x00002458       0x48 C:\Program Files (x86)\Cypress\PSoC Creator\3.2\PSoC Creator\psoc\content\cycomponentlibrary\CyComponentLibrary.cylib\BLE_v2_10\Library\gccCyBLEStack_BLE_SOC_PERIPHERAL.a(mint_buf_mgmt.o)
                0x00002458                mint_buf_mgmt_pl_init

i.mint_buf_mgmt_reset_pool
                0x000024a0       0x70
 i.mint_buf_mgmt_reset_pool
                0x000024a0       0x70 C:\Program Files (x86)\Cypress\PSoC Creator\3.2\PSoC Creator\psoc\content\cycomponentlibrary\CyComponentLibrary.cylib\BLE_v2_10\Library\gccCyBLEStack_BLE_SOC_PERIPHERAL.a(mint_buf_mgmt.o)
                0x000024a0                mint_buf_mgmt_reset_pool

i.mint_buf_mgmt_stack_init
                0x00002510       0x24
 i.mint_buf_mgmt_stack_init
                0x00002510       0x24 C:\Program Files (x86)\Cypress\PSoC Creator\3.2\PSoC Creator\psoc\content\cycomponentlibrary\CyComponentLibrary.cylib\BLE_v2_10\Library\gccCyBLEStack_BLE_SOC_PERIPHERAL.a(mint_buf_mgmt.o)
                0x00002510                mint_buf_mgmt_stack_init

i.mint_buf_mgmt_stack_pop
                0x00002534       0x36
 i.mint_buf_mgmt_stack_pop
                0x00002534       0x36 C:\Program Files (x86)\Cypress\PSoC Creator\3.2\PSoC Creator\psoc\content\cycomponentlibrary\CyComponentLibrary.cylib\BLE_v2_10\Library\gccCyBLEStack_BLE_SOC_PERIPHERAL.a(mint_buf_mgmt.o)
                0x00002534                mint_buf_mgmt_stack_pop

i.mint_buf_mgmt_stack_push
                0x0000256a       0x36
 i.mint_buf_mgmt_stack_push
                0x0000256a       0x36 C:\Program Files (x86)\Cypress\PSoC Creator\3.2\PSoC Creator\psoc\content\cycomponentlibrary\CyComponentLibrary.cylib\BLE_v2_10\Library\gccCyBLEStack_BLE_SOC_PERIPHERAL.a(mint_buf_mgmt.o)
                0x0000256a                mint_buf_mgmt_stack_push

i.mint_buf_mgmt_stack_reset
                0x000025a0       0x1e
 i.mint_buf_mgmt_stack_reset
                0x000025a0       0x1e C:\Program Files (x86)\Cypress\PSoC Creator\3.2\PSoC Creator\psoc\content\cycomponentlibrary\CyComponentLibrary.cylib\BLE_v2_10\Library\gccCyBLEStack_BLE_SOC_PERIPHERAL.a(mint_buf_mgmt.o)
                0x000025a0                mint_buf_mgmt_stack_reset

i.mint_buf_mgmt_stack_search_item
                0x000025be       0x30
 i.mint_buf_mgmt_stack_search_item
                0x000025be       0x30 C:\Program Files (x86)\Cypress\PSoC Creator\3.2\PSoC Creator\psoc\content\cycomponentlibrary\CyComponentLibrary.cylib\BLE_v2_10\Library\gccCyBLEStack_BLE_SOC_PERIPHERAL.a(mint_buf_mgmt.o)
                0x000025be                mint_buf_mgmt_stack_search_item

i.CyBleControllerIP_GetPingState
                0x000025f0        0xc
 i.CyBleControllerIP_GetPingState
                0x000025f0        0xc C:\Program Files (x86)\Cypress\PSoC Creator\3.2\PSoC Creator\psoc\content\cycomponentlibrary\CyComponentLibrary.cylib\BLE_v2_10\Library\gccCyBLEStack_BLE_SOC_PERIPHERAL.a(CyBleControllerIP_Interface.o)
                0x000025f0                CyBleControllerIP_GetPingState

i.CyBleController_AddDeviceToWhiteList
                0x000025fc       0x40
 i.CyBleController_AddDeviceToWhiteList
                0x000025fc       0x40 C:\Program Files (x86)\Cypress\PSoC Creator\3.2\PSoC Creator\psoc\content\cycomponentlibrary\CyComponentLibrary.cylib\BLE_v2_10\Library\gccCyBLEStack_BLE_SOC_PERIPHERAL.a(CyBleControllerIP_Interface.o)
                0x000025fc                CyBleController_AddDeviceToWhiteList

i.CyBleController_ExitLowPowerMode
                0x0000263c       0x10
 i.CyBleController_ExitLowPowerMode
                0x0000263c       0x10 C:\Program Files (x86)\Cypress\PSoC Creator\3.2\PSoC Creator\psoc\content\cycomponentlibrary\CyComponentLibrary.cylib\BLE_v2_10\Library\gccCyBLEStack_BLE_SOC_PERIPHERAL.a(CyBleControllerIP_Interface.o)
                0x0000263c                CyBleController_ExitLowPowerMode

i.CyBleController_Init
                0x0000264c       0x32
 i.CyBleController_Init
                0x0000264c       0x32 C:\Program Files (x86)\Cypress\PSoC Creator\3.2\PSoC Creator\psoc\content\cycomponentlibrary\CyComponentLibrary.cylib\BLE_v2_10\Library\gccCyBLEStack_BLE_SOC_PERIPHERAL.a(CyBleControllerIP_Interface.o)
                0x0000264c                CyBleController_Init

i.CyBleController_SetDeviceAddress
                0x0000267e       0x2e
 i.CyBleController_SetDeviceAddress
                0x0000267e       0x2e C:\Program Files (x86)\Cypress\PSoC Creator\3.2\PSoC Creator\psoc\content\cycomponentlibrary\CyComponentLibrary.cylib\BLE_v2_10\Library\gccCyBLEStack_BLE_SOC_PERIPHERAL.a(CyBleControllerIP_Interface.o)
                0x0000267e                CyBleController_SetDeviceAddress

i.CyBle_GetTxPowerLevel
                0x000026ac       0x4e
 i.CyBle_GetTxPowerLevel
                0x000026ac       0x4e C:\Program Files (x86)\Cypress\PSoC Creator\3.2\PSoC Creator\psoc\content\cycomponentlibrary\CyComponentLibrary.cylib\BLE_v2_10\Library\gccCyBLEStack_BLE_SOC_PERIPHERAL.a(CyBleControllerIP_Interface.o)
                0x000026ac                CyBle_GetTxPowerLevel

i.CyBle_SetTxPowerLevel
                0x000026fa       0x56
 i.CyBle_SetTxPowerLevel
                0x000026fa       0x56 C:\Program Files (x86)\Cypress\PSoC Creator\3.2\PSoC Creator\psoc\content\cycomponentlibrary\CyComponentLibrary.cylib\BLE_v2_10\Library\gccCyBLEStack_BLE_SOC_PERIPHERAL.a(CyBleControllerIP_Interface.o)
                0x000026fa                CyBle_SetTxPowerLevel

i.ll_check_and_mark_packet_ready_for_transmission
                0x00002750       0x28
 i.ll_check_and_mark_packet_ready_for_transmission
                0x00002750       0x28 C:\Program Files (x86)\Cypress\PSoC Creator\3.2\PSoC Creator\psoc\content\cycomponentlibrary\CyComponentLibrary.cylib\BLE_v2_10\Library\gccCyBLEStack_BLE_SOC_PERIPHERAL.a(ll.o)
                0x00002750                ll_check_and_mark_packet_ready_for_transmission

i.ll_cleanup_pending_data_pdu
                0x00002778       0x38
 i.ll_cleanup_pending_data_pdu
                0x00002778       0x38 C:\Program Files (x86)\Cypress\PSoC Creator\3.2\PSoC Creator\psoc\content\cycomponentlibrary\CyComponentLibrary.cylib\BLE_v2_10\Library\gccCyBLEStack_BLE_SOC_PERIPHERAL.a(ll.o)
                0x00002778                ll_cleanup_pending_data_pdu

i.ll_exit_low_power_mode
                0x000027b0       0xac
 i.ll_exit_low_power_mode
                0x000027b0       0xac C:\Program Files (x86)\Cypress\PSoC Creator\3.2\PSoC Creator\psoc\content\cycomponentlibrary\CyComponentLibrary.cylib\BLE_v2_10\Library\gccCyBLEStack_BLE_SOC_PERIPHERAL.a(ll.o)
                0x000027b0                ll_exit_low_power_mode

i.ll_get_ack_status
                0x0000285c       0x3c
 i.ll_get_ack_status
                0x0000285c       0x3c C:\Program Files (x86)\Cypress\PSoC Creator\3.2\PSoC Creator\psoc\content\cycomponentlibrary\CyComponentLibrary.cylib\BLE_v2_10\Library\gccCyBLEStack_BLE_SOC_PERIPHERAL.a(ll.o)
                0x0000285c                ll_get_ack_status

i.ll_get_adv_ch_tx_power
                0x00002898       0x20
 i.ll_get_adv_ch_tx_power
                0x00002898       0x20 C:\Program Files (x86)\Cypress\PSoC Creator\3.2\PSoC Creator\psoc\content\cycomponentlibrary\CyComponentLibrary.cylib\BLE_v2_10\Library\gccCyBLEStack_BLE_SOC_PERIPHERAL.a(ll.o)
                0x00002898                ll_get_adv_ch_tx_power

i.ll_get_data_channel_map
                0x000028b8       0x24
 i.ll_get_data_channel_map
                0x000028b8       0x24 C:\Program Files (x86)\Cypress\PSoC Creator\3.2\PSoC Creator\psoc\content\cycomponentlibrary\CyComponentLibrary.cylib\BLE_v2_10\Library\gccCyBLEStack_BLE_SOC_PERIPHERAL.a(ll.o)
                0x000028b8                ll_get_data_channel_map

i.ll_get_max_white_list_size
                0x000028dc        0xc
 i.ll_get_max_white_list_size
                0x000028dc        0xc C:\Program Files (x86)\Cypress\PSoC Creator\3.2\PSoC Creator\psoc\content\cycomponentlibrary\CyComponentLibrary.cylib\BLE_v2_10\Library\gccCyBLEStack_BLE_SOC_PERIPHERAL.a(ll.o)
                0x000028dc                ll_get_max_white_list_size

i.ll_get_my_role
                0x000028e8        0xc
 i.ll_get_my_role
                0x000028e8        0xc C:\Program Files (x86)\Cypress\PSoC Creator\3.2\PSoC Creator\psoc\content\cycomponentlibrary\CyComponentLibrary.cylib\BLE_v2_10\Library\gccCyBLEStack_BLE_SOC_PERIPHERAL.a(ll.o)
                0x000028e8                ll_get_my_role

i.ll_get_next_available_fifo_for_data_pdu
                0x000028f4        0x8
 i.ll_get_next_available_fifo_for_data_pdu
                0x000028f4        0x8 C:\Program Files (x86)\Cypress\PSoC Creator\3.2\PSoC Creator\psoc\content\cycomponentlibrary\CyComponentLibrary.cylib\BLE_v2_10\Library\gccCyBLEStack_BLE_SOC_PERIPHERAL.a(ll.o)
                0x000028f4                ll_get_next_available_fifo_for_data_pdu

i.ll_get_next_available_fifo_for_ll_pdu
                0x000028fc       0x24
 i.ll_get_next_available_fifo_for_ll_pdu
                0x000028fc       0x24 C:\Program Files (x86)\Cypress\PSoC Creator\3.2\PSoC Creator\psoc\content\cycomponentlibrary\CyComponentLibrary.cylib\BLE_v2_10\Library\gccCyBLEStack_BLE_SOC_PERIPHERAL.a(ll.o)
                0x000028fc                ll_get_next_available_fifo_for_ll_pdu

i.ll_get_rssi_value
                0x00002920       0x26
 i.ll_get_rssi_value
                0x00002920       0x26 C:\Program Files (x86)\Cypress\PSoC Creator\3.2\PSoC Creator\psoc\content\cycomponentlibrary\CyComponentLibrary.cylib\BLE_v2_10\Library\gccCyBLEStack_BLE_SOC_PERIPHERAL.a(ll.o)
                0x00002920                ll_get_rssi_value

i.ll_get_transmit_power_level
                0x00002948       0x2c
 i.ll_get_transmit_power_level
                0x00002948       0x2c C:\Program Files (x86)\Cypress\PSoC Creator\3.2\PSoC Creator\psoc\content\cycomponentlibrary\CyComponentLibrary.cylib\BLE_v2_10\Library\gccCyBLEStack_BLE_SOC_PERIPHERAL.a(ll.o)
                0x00002948                ll_get_transmit_power_level

i.ll_handle_ack_received
                0x00002974       0x74
 i.ll_handle_ack_received
                0x00002974       0x74 C:\Program Files (x86)\Cypress\PSoC Creator\3.2\PSoC Creator\psoc\content\cycomponentlibrary\CyComponentLibrary.cylib\BLE_v2_10\Library\gccCyBLEStack_BLE_SOC_PERIPHERAL.a(ll.o)
                0x00002974                ll_handle_ack_received

i.ll_handle_add_device_in_whitelist
                0x000029e8       0x3a
 i.ll_handle_add_device_in_whitelist
                0x000029e8       0x3a C:\Program Files (x86)\Cypress\PSoC Creator\3.2\PSoC Creator\psoc\content\cycomponentlibrary\CyComponentLibrary.cylib\BLE_v2_10\Library\gccCyBLEStack_BLE_SOC_PERIPHERAL.a(ll.o)
                0x000029e8                ll_handle_add_device_in_whitelist

i.ll_handle_clear_whitelist
                0x00002a22       0x16
 i.ll_handle_clear_whitelist
                0x00002a22       0x16 C:\Program Files (x86)\Cypress\PSoC Creator\3.2\PSoC Creator\psoc\content\cycomponentlibrary\CyComponentLibrary.cylib\BLE_v2_10\Library\gccCyBLEStack_BLE_SOC_PERIPHERAL.a(ll.o)
                0x00002a22                ll_handle_clear_whitelist

i.ll_handle_encrypt_host_data
                0x00002a38       0x36
 i.ll_handle_encrypt_host_data
                0x00002a38       0x36 C:\Program Files (x86)\Cypress\PSoC Creator\3.2\PSoC Creator\psoc\content\cycomponentlibrary\CyComponentLibrary.cylib\BLE_v2_10\Library\gccCyBLEStack_BLE_SOC_PERIPHERAL.a(ll.o)
                0x00002a38                ll_handle_encrypt_host_data

i.ll_handle_host_data_packet
                0x00002a6e       0x54
 i.ll_handle_host_data_packet
                0x00002a6e       0x54 C:\Program Files (x86)\Cypress\PSoC Creator\3.2\PSoC Creator\psoc\content\cycomponentlibrary\CyComponentLibrary.cylib\BLE_v2_10\Library\gccCyBLEStack_BLE_SOC_PERIPHERAL.a(ll.o)
                0x00002a6e                ll_handle_host_data_packet

i.ll_handle_read_host_channel_map
                0x00002ac2        0x4
 i.ll_handle_read_host_channel_map
                0x00002ac2        0x4 C:\Program Files (x86)\Cypress\PSoC Creator\3.2\PSoC Creator\psoc\content\cycomponentlibrary\CyComponentLibrary.cylib\BLE_v2_10\Library\gccCyBLEStack_BLE_SOC_PERIPHERAL.a(ll.o)
                0x00002ac2                ll_handle_read_host_channel_map

i.ll_handle_remove_device_in_whitelist
                0x00002ac6       0x2a
 i.ll_handle_remove_device_in_whitelist
                0x00002ac6       0x2a C:\Program Files (x86)\Cypress\PSoC Creator\3.2\PSoC Creator\psoc\content\cycomponentlibrary\CyComponentLibrary.cylib\BLE_v2_10\Library\gccCyBLEStack_BLE_SOC_PERIPHERAL.a(ll.o)
                0x00002ac6                ll_handle_remove_device_in_whitelist

i.ll_handle_reset
                0x00002af0        0xe
 i.ll_handle_reset
                0x00002af0        0xe C:\Program Files (x86)\Cypress\PSoC Creator\3.2\PSoC Creator\psoc\content\cycomponentlibrary\CyComponentLibrary.cylib\BLE_v2_10\Library\gccCyBLEStack_BLE_SOC_PERIPHERAL.a(ll.o)
                0x00002af0                ll_handle_reset

i.ll_handle_set_random_address
                0x00002afe       0x36
 i.ll_handle_set_random_address
                0x00002afe       0x36 C:\Program Files (x86)\Cypress\PSoC Creator\3.2\PSoC Creator\psoc\content\cycomponentlibrary\CyComponentLibrary.cylib\BLE_v2_10\Library\gccCyBLEStack_BLE_SOC_PERIPHERAL.a(ll.o)
                0x00002afe                ll_handle_set_random_address

i.ll_init       0x00002b34       0x18
 i.ll_init      0x00002b34       0x18 C:\Program Files (x86)\Cypress\PSoC Creator\3.2\PSoC Creator\psoc\content\cycomponentlibrary\CyComponentLibrary.cylib\BLE_v2_10\Library\gccCyBLEStack_BLE_SOC_PERIPHERAL.a(ll.o)
                0x00002b34                ll_init

i.ll_initialize_device_attributes
                0x00002b4c       0x4c
 i.ll_initialize_device_attributes
                0x00002b4c       0x4c C:\Program Files (x86)\Cypress\PSoC Creator\3.2\PSoC Creator\psoc\content\cycomponentlibrary\CyComponentLibrary.cylib\BLE_v2_10\Library\gccCyBLEStack_BLE_SOC_PERIPHERAL.a(ll.o)
                0x00002b4c                ll_initialize_device_attributes

i.ll_is_pkt_pending
                0x00002b98       0x2a
 i.ll_is_pkt_pending
                0x00002b98       0x2a C:\Program Files (x86)\Cypress\PSoC Creator\3.2\PSoC Creator\psoc\content\cycomponentlibrary\CyComponentLibrary.cylib\BLE_v2_10\Library\gccCyBLEStack_BLE_SOC_PERIPHERAL.a(ll.o)
                0x00002b98                ll_is_pkt_pending

i.ll_is_sent_pkt_pending
                0x00002bc2       0x1a
 i.ll_is_sent_pkt_pending
                0x00002bc2       0x1a C:\Program Files (x86)\Cypress\PSoC Creator\3.2\PSoC Creator\psoc\content\cycomponentlibrary\CyComponentLibrary.cylib\BLE_v2_10\Library\gccCyBLEStack_BLE_SOC_PERIPHERAL.a(ll.o)
                0x00002bc2                ll_is_sent_pkt_pending

i.ll_isr_exit_low_power_mode
                0x00002bdc       0x16
 i.ll_isr_exit_low_power_mode
                0x00002bdc       0x16 C:\Program Files (x86)\Cypress\PSoC Creator\3.2\PSoC Creator\psoc\content\cycomponentlibrary\CyComponentLibrary.cylib\BLE_v2_10\Library\gccCyBLEStack_BLE_SOC_PERIPHERAL.a(ll.o)
                0x00002bdc                ll_isr_exit_low_power_mode

i.ll_load_host_data_packet
                0x00002bf2       0x4a
 i.ll_load_host_data_packet
                0x00002bf2       0x4a C:\Program Files (x86)\Cypress\PSoC Creator\3.2\PSoC Creator\psoc\content\cycomponentlibrary\CyComponentLibrary.cylib\BLE_v2_10\Library\gccCyBLEStack_BLE_SOC_PERIPHERAL.a(ll.o)
                0x00002bf2                ll_load_host_data_packet

i.ll_load_packet_to_fifo
                0x00002c3c       0x6e
 i.ll_load_packet_to_fifo
                0x00002c3c       0x6e C:\Program Files (x86)\Cypress\PSoC Creator\3.2\PSoC Creator\psoc\content\cycomponentlibrary\CyComponentLibrary.cylib\BLE_v2_10\Library\gccCyBLEStack_BLE_SOC_PERIPHERAL.a(ll.o)
                0x00002c3c                ll_load_packet_to_fifo

i.ll_process_acks
                0x00002caa       0x3c
 i.ll_process_acks
                0x00002caa       0x3c C:\Program Files (x86)\Cypress\PSoC Creator\3.2\PSoC Creator\psoc\content\cycomponentlibrary\CyComponentLibrary.cylib\BLE_v2_10\Library\gccCyBLEStack_BLE_SOC_PERIPHERAL.a(ll.o)
                0x00002caa                ll_process_acks

i.ll_reset      0x00002ce6       0x12
 i.ll_reset     0x00002ce6       0x12 C:\Program Files (x86)\Cypress\PSoC Creator\3.2\PSoC Creator\psoc\content\cycomponentlibrary\CyComponentLibrary.cylib\BLE_v2_10\Library\gccCyBLEStack_BLE_SOC_PERIPHERAL.a(ll.o)
                0x00002ce6                ll_reset

i.ll_update_active_features
                0x00002cf8       0x58
 i.ll_update_active_features
                0x00002cf8       0x58 C:\Program Files (x86)\Cypress\PSoC Creator\3.2\PSoC Creator\psoc\content\cycomponentlibrary\CyComponentLibrary.cylib\BLE_v2_10\Library\gccCyBLEStack_BLE_SOC_PERIPHERAL.a(ll.o)
                0x00002cf8                ll_update_active_features

i.ll_update_device_fsm
                0x00002d50        0x8
 i.ll_update_device_fsm
                0x00002d50        0x8 C:\Program Files (x86)\Cypress\PSoC Creator\3.2\PSoC Creator\psoc\content\cycomponentlibrary\CyComponentLibrary.cylib\BLE_v2_10\Library\gccCyBLEStack_BLE_SOC_PERIPHERAL.a(ll.o)
                0x00002d50                ll_update_device_fsm

i.pf_le_start_timer
                0x00002d58       0x16
 i.pf_le_start_timer
                0x00002d58       0x16 C:\Program Files (x86)\Cypress\PSoC Creator\3.2\PSoC Creator\psoc\content\cycomponentlibrary\CyComponentLibrary.cylib\BLE_v2_10\Library\gccCyBLEStack_BLE_SOC_PERIPHERAL.a(ll.o)
                0x00002d58                pf_le_start_timer

i.pf_le_stop_timer
                0x00002d6e       0x12
 i.pf_le_stop_timer
                0x00002d6e       0x12 C:\Program Files (x86)\Cypress\PSoC Creator\3.2\PSoC Creator\psoc\content\cycomponentlibrary\CyComponentLibrary.cylib\BLE_v2_10\Library\gccCyBLEStack_BLE_SOC_PERIPHERAL.a(ll.o)
                0x00002d6e                pf_le_stop_timer

i.CyBleControllerIP_TuneAdvEventInterPktSlots
                0x00002d80       0x44
 i.CyBleControllerIP_TuneAdvEventInterPktSlots
                0x00002d80       0x44 C:\Program Files (x86)\Cypress\PSoC Creator\3.2\PSoC Creator\psoc\content\cycomponentlibrary\CyComponentLibrary.cylib\BLE_v2_10\Library\gccCyBLEStack_BLE_SOC_PERIPHERAL.a(ll_advertiser.o)
                0x00002d80                CyBleControllerIP_TuneAdvEventInterPktSlots

i.ll_adv_is_configured_connection_adv
                0x00002dc4       0x1e
 i.ll_adv_is_configured_connection_adv
                0x00002dc4       0x1e C:\Program Files (x86)\Cypress\PSoC Creator\3.2\PSoC Creator\psoc\content\cycomponentlibrary\CyComponentLibrary.cylib\BLE_v2_10\Library\gccCyBLEStack_BLE_SOC_PERIPHERAL.a(ll_advertiser.o)
                0x00002dc4                ll_adv_is_configured_connection_adv

i.ll_check_random_address_in_use_by_advertiser
                0x00002de2       0x10
 i.ll_check_random_address_in_use_by_advertiser
                0x00002de2       0x10 C:\Program Files (x86)\Cypress\PSoC Creator\3.2\PSoC Creator\psoc\content\cycomponentlibrary\CyComponentLibrary.cylib\BLE_v2_10\Library\gccCyBLEStack_BLE_SOC_PERIPHERAL.a(ll_advertiser.o)
                0x00002de2                ll_check_random_address_in_use_by_advertiser

i.ll_check_whitelist_in_use_by_advertiser
                0x00002df2       0x10
 i.ll_check_whitelist_in_use_by_advertiser
                0x00002df2       0x10 C:\Program Files (x86)\Cypress\PSoC Creator\3.2\PSoC Creator\psoc\content\cycomponentlibrary\CyComponentLibrary.cylib\BLE_v2_10\Library\gccCyBLEStack_BLE_SOC_PERIPHERAL.a(ll_advertiser.o)
                0x00002df2                ll_check_whitelist_in_use_by_advertiser

i.ll_get_adv_status
                0x00002e02        0xc
 i.ll_get_adv_status
                0x00002e02        0xc C:\Program Files (x86)\Cypress\PSoC Creator\3.2\PSoC Creator\psoc\content\cycomponentlibrary\CyComponentLibrary.cylib\BLE_v2_10\Library\gccCyBLEStack_BLE_SOC_PERIPHERAL.a(ll_advertiser.o)
                0x00002e02                ll_get_adv_status

i.ll_get_adv_type
                0x00002e0e       0x16
 i.ll_get_adv_type
                0x00002e0e       0x16 C:\Program Files (x86)\Cypress\PSoC Creator\3.2\PSoC Creator\psoc\content\cycomponentlibrary\CyComponentLibrary.cylib\BLE_v2_10\Library\gccCyBLEStack_BLE_SOC_PERIPHERAL.a(ll_advertiser.o)
                0x00002e0e                ll_get_adv_type

i.ll_handle_adv_intr
                0x00002e24       0x50
 i.ll_handle_adv_intr
                0x00002e24       0x50 C:\Program Files (x86)\Cypress\PSoC Creator\3.2\PSoC Creator\psoc\content\cycomponentlibrary\CyComponentLibrary.cylib\BLE_v2_10\Library\gccCyBLEStack_BLE_SOC_PERIPHERAL.a(ll_advertiser.o)
                0x00002e24                ll_handle_adv_intr

i.ll_handle_set_adv_data
                0x00002e74       0x14
 i.ll_handle_set_adv_data
                0x00002e74       0x14 C:\Program Files (x86)\Cypress\PSoC Creator\3.2\PSoC Creator\psoc\content\cycomponentlibrary\CyComponentLibrary.cylib\BLE_v2_10\Library\gccCyBLEStack_BLE_SOC_PERIPHERAL.a(ll_advertiser.o)
                0x00002e74                ll_handle_set_adv_data

i.ll_handle_set_adv_parameters
                0x00002e88       0x84
 i.ll_handle_set_adv_parameters
                0x00002e88       0x84 C:\Program Files (x86)\Cypress\PSoC Creator\3.2\PSoC Creator\psoc\content\cycomponentlibrary\CyComponentLibrary.cylib\BLE_v2_10\Library\gccCyBLEStack_BLE_SOC_PERIPHERAL.a(ll_advertiser.o)
                0x00002e88                ll_handle_set_adv_parameters

i.ll_handle_set_advertise_enable
                0x00002f0c       0x70
 i.ll_handle_set_advertise_enable
                0x00002f0c       0x70 C:\Program Files (x86)\Cypress\PSoC Creator\3.2\PSoC Creator\psoc\content\cycomponentlibrary\CyComponentLibrary.cylib\BLE_v2_10\Library\gccCyBLEStack_BLE_SOC_PERIPHERAL.a(ll_advertiser.o)
                0x00002f0c                ll_handle_set_advertise_enable

i.ll_handle_set_scan_resp_data
                0x00002f7c       0x14
 i.ll_handle_set_scan_resp_data
                0x00002f7c       0x14 C:\Program Files (x86)\Cypress\PSoC Creator\3.2\PSoC Creator\psoc\content\cycomponentlibrary\CyComponentLibrary.cylib\BLE_v2_10\Library\gccCyBLEStack_BLE_SOC_PERIPHERAL.a(ll_advertiser.o)
                0x00002f7c                ll_handle_set_scan_resp_data

i.ll_init_advertiser
                0x00002f90       0x68
 i.ll_init_advertiser
                0x00002f90       0x68 C:\Program Files (x86)\Cypress\PSoC Creator\3.2\PSoC Creator\psoc\content\cycomponentlibrary\CyComponentLibrary.cylib\BLE_v2_10\Library\gccCyBLEStack_BLE_SOC_PERIPHERAL.a(ll_advertiser.o)
                0x00002f90                ll_init_advertiser

i.is_le_connection_handle
                0x00002ff8       0x28
 i.is_le_connection_handle
                0x00002ff8       0x28 C:\Program Files (x86)\Cypress\PSoC Creator\3.2\PSoC Creator\psoc\content\cycomponentlibrary\CyComponentLibrary.cylib\BLE_v2_10\Library\gccCyBLEStack_BLE_SOC_PERIPHERAL.a(ll_connection.o)
                0x00002ff8                is_le_connection_handle

i.le_assign_connection_handle
                0x00003020       0x28
 i.le_assign_connection_handle
                0x00003020       0x28 C:\Program Files (x86)\Cypress\PSoC Creator\3.2\PSoC Creator\psoc\content\cycomponentlibrary\CyComponentLibrary.cylib\BLE_v2_10\Library\gccCyBLEStack_BLE_SOC_PERIPHERAL.a(ll_connection.o)
                0x00003020                le_assign_connection_handle

i.le_get_connection_index
                0x00003048        0x6
 i.le_get_connection_index
                0x00003048        0x6 C:\Program Files (x86)\Cypress\PSoC Creator\3.2\PSoC Creator\psoc\content\cycomponentlibrary\CyComponentLibrary.cylib\BLE_v2_10\Library\gccCyBLEStack_BLE_SOC_PERIPHERAL.a(ll_connection.o)
                0x00003048                le_get_connection_index

i.ll_allocate_connection
                0x00003050       0x44
 i.ll_allocate_connection
                0x00003050       0x44 C:\Program Files (x86)\Cypress\PSoC Creator\3.2\PSoC Creator\psoc\content\cycomponentlibrary\CyComponentLibrary.cylib\BLE_v2_10\Library\gccCyBLEStack_BLE_SOC_PERIPHERAL.a(ll_connection.o)
                0x00003050                ll_allocate_connection

i.ll_calculate_and_program_def_win_widen_drift
                0x00003094       0x14
 i.ll_calculate_and_program_def_win_widen_drift
                0x00003094       0x14 C:\Program Files (x86)\Cypress\PSoC Creator\3.2\PSoC Creator\psoc\content\cycomponentlibrary\CyComponentLibrary.cylib\BLE_v2_10\Library\gccCyBLEStack_BLE_SOC_PERIPHERAL.a(ll_connection.o)
                0x00003094                ll_calculate_and_program_def_win_widen_drift

i.ll_calculate_drift
                0x000030a8       0x2c
 i.ll_calculate_drift
                0x000030a8       0x2c C:\Program Files (x86)\Cypress\PSoC Creator\3.2\PSoC Creator\psoc\content\cycomponentlibrary\CyComponentLibrary.cylib\BLE_v2_10\Library\gccCyBLEStack_BLE_SOC_PERIPHERAL.a(ll_connection.o)
                0x000030a8                ll_calculate_drift

i.ll_check_and_decrypt_ll_pdu
                0x000030d4       0x68
 i.ll_check_and_decrypt_ll_pdu
                0x000030d4       0x68 C:\Program Files (x86)\Cypress\PSoC Creator\3.2\PSoC Creator\psoc\content\cycomponentlibrary\CyComponentLibrary.cylib\BLE_v2_10\Library\gccCyBLEStack_BLE_SOC_PERIPHERAL.a(ll_connection.o)
                0x000030d4                ll_check_and_decrypt_ll_pdu

i.ll_check_and_decrypt_packet
                0x0000313c       0x6a
 i.ll_check_and_decrypt_packet
                0x0000313c       0x6a C:\Program Files (x86)\Cypress\PSoC Creator\3.2\PSoC Creator\psoc\content\cycomponentlibrary\CyComponentLibrary.cylib\BLE_v2_10\Library\gccCyBLEStack_BLE_SOC_PERIPHERAL.a(ll_connection.o)
                0x0000313c                ll_check_and_decrypt_packet

i.ll_check_and_encrypt_ll_pdu
                0x000031a6       0x72
 i.ll_check_and_encrypt_ll_pdu
                0x000031a6       0x72 C:\Program Files (x86)\Cypress\PSoC Creator\3.2\PSoC Creator\psoc\content\cycomponentlibrary\CyComponentLibrary.cylib\BLE_v2_10\Library\gccCyBLEStack_BLE_SOC_PERIPHERAL.a(ll_connection.o)
                0x000031a6                ll_check_and_encrypt_ll_pdu

i.ll_check_and_encrypt_packet
                0x00003218       0x8a
 i.ll_check_and_encrypt_packet
                0x00003218       0x8a C:\Program Files (x86)\Cypress\PSoC Creator\3.2\PSoC Creator\psoc\content\cycomponentlibrary\CyComponentLibrary.cylib\BLE_v2_10\Library\gccCyBLEStack_BLE_SOC_PERIPHERAL.a(ll_connection.o)
                0x00003218                ll_check_and_encrypt_packet

i.ll_check_for_allowing_incoming_connection_update
                0x000032a2       0x42
 i.ll_check_for_allowing_incoming_connection_update
                0x000032a2       0x42 C:\Program Files (x86)\Cypress\PSoC Creator\3.2\PSoC Creator\psoc\content\cycomponentlibrary\CyComponentLibrary.cylib\BLE_v2_10\Library\gccCyBLEStack_BLE_SOC_PERIPHERAL.a(ll_connection.o)
                0x000032a2                ll_check_for_allowing_incoming_connection_update

i.ll_check_if_pdu_is_loaded_to_hardware
                0x000032e4       0x1c
 i.ll_check_if_pdu_is_loaded_to_hardware
                0x000032e4       0x1c C:\Program Files (x86)\Cypress\PSoC Creator\3.2\PSoC Creator\psoc\content\cycomponentlibrary\CyComponentLibrary.cylib\BLE_v2_10\Library\gccCyBLEStack_BLE_SOC_PERIPHERAL.a(ll_connection.o)
                0x000032e4                ll_check_if_pdu_is_loaded_to_hardware

i.ll_check_random_address_in_use_by_initiator
                0x00003300       0x30
 i.ll_check_random_address_in_use_by_initiator
                0x00003300       0x30 C:\Program Files (x86)\Cypress\PSoC Creator\3.2\PSoC Creator\psoc\content\cycomponentlibrary\CyComponentLibrary.cylib\BLE_v2_10\Library\gccCyBLEStack_BLE_SOC_PERIPHERAL.a(ll_connection.o)
                0x00003300                ll_check_random_address_in_use_by_initiator

i.ll_check_white_list_in_use_by_initiator
                0x00003330       0x30
 i.ll_check_white_list_in_use_by_initiator
                0x00003330       0x30 C:\Program Files (x86)\Cypress\PSoC Creator\3.2\PSoC Creator\psoc\content\cycomponentlibrary\CyComponentLibrary.cylib\BLE_v2_10\Library\gccCyBLEStack_BLE_SOC_PERIPHERAL.a(ll_connection.o)
                0x00003330                ll_check_white_list_in_use_by_initiator

i.ll_conn_free_enc_txn_buffer
                0x00003360       0x16
 i.ll_conn_free_enc_txn_buffer
                0x00003360       0x16 C:\Program Files (x86)\Cypress\PSoC Creator\3.2\PSoC Creator\psoc\content\cycomponentlibrary\CyComponentLibrary.cylib\BLE_v2_10\Library\gccCyBLEStack_BLE_SOC_PERIPHERAL.a(ll_connection.o)
                0x00003360                ll_conn_free_enc_txn_buffer

i.ll_conn_fsm_update_channel_state
                0x00003376        0x6
 i.ll_conn_fsm_update_channel_state
                0x00003376        0x6 C:\Program Files (x86)\Cypress\PSoC Creator\3.2\PSoC Creator\psoc\content\cycomponentlibrary\CyComponentLibrary.cylib\BLE_v2_10\Library\gccCyBLEStack_BLE_SOC_PERIPHERAL.a(ll_connection.o)
                0x00003376                ll_conn_fsm_update_channel_state

i.ll_conn_fsm_update_conn_update_state
                0x0000337c        0x6
 i.ll_conn_fsm_update_conn_update_state
                0x0000337c        0x6 C:\Program Files (x86)\Cypress\PSoC Creator\3.2\PSoC Creator\psoc\content\cycomponentlibrary\CyComponentLibrary.cylib\BLE_v2_10\Library\gccCyBLEStack_BLE_SOC_PERIPHERAL.a(ll_connection.o)
                0x0000337c                ll_conn_fsm_update_conn_update_state

i.ll_conn_fsm_update_enc_state
                0x00003382        0x6
 i.ll_conn_fsm_update_enc_state
                0x00003382        0x6 C:\Program Files (x86)\Cypress\PSoC Creator\3.2\PSoC Creator\psoc\content\cycomponentlibrary\CyComponentLibrary.cylib\BLE_v2_10\Library\gccCyBLEStack_BLE_SOC_PERIPHERAL.a(ll_connection.o)
                0x00003382                ll_conn_fsm_update_enc_state

i.ll_conn_fsm_update_state
                0x00003388        0x4
 i.ll_conn_fsm_update_state
                0x00003388        0x4 C:\Program Files (x86)\Cypress\PSoC Creator\3.2\PSoC Creator\psoc\content\cycomponentlibrary\CyComponentLibrary.cylib\BLE_v2_10\Library\gccCyBLEStack_BLE_SOC_PERIPHERAL.a(ll_connection.o)
                0x00003388                ll_conn_fsm_update_state

i.ll_conn_handle_data_pdu_from_host_when_data_paused
                0x0000338c        0x8
 i.ll_conn_handle_data_pdu_from_host_when_data_paused
                0x0000338c        0x8 C:\Program Files (x86)\Cypress\PSoC Creator\3.2\PSoC Creator\psoc\content\cycomponentlibrary\CyComponentLibrary.cylib\BLE_v2_10\Library\gccCyBLEStack_BLE_SOC_PERIPHERAL.a(ll_connection.o)
                0x0000338c                ll_conn_handle_data_pdu_from_host_when_data_paused

i.ll_conn_handle_direct_adv_timeout
                0x00003394       0x2a
 i.ll_conn_handle_direct_adv_timeout
                0x00003394       0x2a C:\Program Files (x86)\Cypress\PSoC Creator\3.2\PSoC Creator\psoc\content\cycomponentlibrary\CyComponentLibrary.cylib\BLE_v2_10\Library\gccCyBLEStack_BLE_SOC_PERIPHERAL.a(ll_connection.o)
                0x00003394                ll_conn_handle_direct_adv_timeout

i.ll_conn_handle_ping_timer_expired_interrupt
                0x000033c0       0x1c
 i.ll_conn_handle_ping_timer_expired_interrupt
                0x000033c0       0x1c C:\Program Files (x86)\Cypress\PSoC Creator\3.2\PSoC Creator\psoc\content\cycomponentlibrary\CyComponentLibrary.cylib\BLE_v2_10\Library\gccCyBLEStack_BLE_SOC_PERIPHERAL.a(ll_connection.o)
                0x000033c0                ll_conn_handle_ping_timer_expired_interrupt

i.ll_conn_handle_ping_timer_nearly_expired_interrupt
                0x000033dc       0x20
 i.ll_conn_handle_ping_timer_nearly_expired_interrupt
                0x000033dc       0x20 C:\Program Files (x86)\Cypress\PSoC Creator\3.2\PSoC Creator\psoc\content\cycomponentlibrary\CyComponentLibrary.cylib\BLE_v2_10\Library\gccCyBLEStack_BLE_SOC_PERIPHERAL.a(ll_connection.o)
                0x000033dc                ll_conn_handle_ping_timer_nearly_expired_interrupt

i.ll_conn_handle_stop_connectable_adv
                0x000033fc       0x12
 i.ll_conn_handle_stop_connectable_adv
                0x000033fc       0x12 C:\Program Files (x86)\Cypress\PSoC Creator\3.2\PSoC Creator\psoc\content\cycomponentlibrary\CyComponentLibrary.cylib\BLE_v2_10\Library\gccCyBLEStack_BLE_SOC_PERIPHERAL.a(ll_connection.o)
                0x000033fc                ll_conn_handle_stop_connectable_adv

i.ll_conn_process_pending_transactions
                0x0000340e        0x4
 i.ll_conn_process_pending_transactions
                0x0000340e        0x4 C:\Program Files (x86)\Cypress\PSoC Creator\3.2\PSoC Creator\psoc\content\cycomponentlibrary\CyComponentLibrary.cylib\BLE_v2_10\Library\gccCyBLEStack_BLE_SOC_PERIPHERAL.a(ll_connection.o)
                0x0000340e                ll_conn_process_pending_transactions

i.ll_conn_program_authenticated_payload_timer
                0x00003414       0x50
 i.ll_conn_program_authenticated_payload_timer
                0x00003414       0x50 C:\Program Files (x86)\Cypress\PSoC Creator\3.2\PSoC Creator\psoc\content\cycomponentlibrary\CyComponentLibrary.cylib\BLE_v2_10\Library\gccCyBLEStack_BLE_SOC_PERIPHERAL.a(ll_connection.o)
                0x00003414                ll_conn_program_authenticated_payload_timer

i.ll_conn_read_data_pdu_from_hardware
                0x00003464       0x14
 i.ll_conn_read_data_pdu_from_hardware
                0x00003464       0x14 C:\Program Files (x86)\Cypress\PSoC Creator\3.2\PSoC Creator\psoc\content\cycomponentlibrary\CyComponentLibrary.cylib\BLE_v2_10\Library\gccCyBLEStack_BLE_SOC_PERIPHERAL.a(ll_connection.o)
                0x00003464                ll_conn_read_data_pdu_from_hardware

i.ll_conn_send_ping_req_pdu
                0x00003478       0x40
 i.ll_conn_send_ping_req_pdu
                0x00003478       0x40 C:\Program Files (x86)\Cypress\PSoC Creator\3.2\PSoC Creator\psoc\content\cycomponentlibrary\CyComponentLibrary.cylib\BLE_v2_10\Library\gccCyBLEStack_BLE_SOC_PERIPHERAL.a(ll_connection.o)
                0x00003478                ll_conn_send_ping_req_pdu

i.ll_conn_store_pending_tx_pdu
                0x000034b8       0x1a
 i.ll_conn_store_pending_tx_pdu
                0x000034b8       0x1a C:\Program Files (x86)\Cypress\PSoC Creator\3.2\PSoC Creator\psoc\content\cycomponentlibrary\CyComponentLibrary.cylib\BLE_v2_10\Library\gccCyBLEStack_BLE_SOC_PERIPHERAL.a(ll_connection.o)
                0x000034b8                ll_conn_store_pending_tx_pdu

i.ll_conn_update_rssi
                0x000034d2       0x16
 i.ll_conn_update_rssi
                0x000034d2       0x16 C:\Program Files (x86)\Cypress\PSoC Creator\3.2\PSoC Creator\psoc\content\cycomponentlibrary\CyComponentLibrary.cylib\BLE_v2_10\Library\gccCyBLEStack_BLE_SOC_PERIPHERAL.a(ll_connection.o)
                0x000034d2                ll_conn_update_rssi

i.ll_convert_hci_llid_to_ll_llid_host_to_controller
                0x000034e8        0x8
 i.ll_convert_hci_llid_to_ll_llid_host_to_controller
                0x000034e8        0x8 C:\Program Files (x86)\Cypress\PSoC Creator\3.2\PSoC Creator\psoc\content\cycomponentlibrary\CyComponentLibrary.cylib\BLE_v2_10\Library\gccCyBLEStack_BLE_SOC_PERIPHERAL.a(ll_connection.o)
                0x000034e8                ll_convert_hci_llid_to_ll_llid_host_to_controller

i.ll_convert_ll_llid_to_hci_llid_controller_to_host
                0x000034f0        0x2
 i.ll_convert_ll_llid_to_hci_llid_controller_to_host
                0x000034f0        0x2 C:\Program Files (x86)\Cypress\PSoC Creator\3.2\PSoC Creator\psoc\content\cycomponentlibrary\CyComponentLibrary.cylib\BLE_v2_10\Library\gccCyBLEStack_BLE_SOC_PERIPHERAL.a(ll_connection.o)
                0x000034f0                ll_convert_ll_llid_to_hci_llid_controller_to_host

i.ll_decode_and_program_connect_req
                0x000034f4       0xec
 i.ll_decode_and_program_connect_req
                0x000034f4       0xec C:\Program Files (x86)\Cypress\PSoC Creator\3.2\PSoC Creator\psoc\content\cycomponentlibrary\CyComponentLibrary.cylib\BLE_v2_10\Library\gccCyBLEStack_BLE_SOC_PERIPHERAL.a(ll_connection.o)
                0x000034f4                ll_decode_and_program_connect_req

i.ll_enc_fsm_derive_session_key
                0x000035e0       0x46
 i.ll_enc_fsm_derive_session_key
                0x000035e0       0x46 C:\Program Files (x86)\Cypress\PSoC Creator\3.2\PSoC Creator\psoc\content\cycomponentlibrary\CyComponentLibrary.cylib\BLE_v2_10\Library\gccCyBLEStack_BLE_SOC_PERIPHERAL.a(ll_connection.o)
                0x000035e0                ll_enc_fsm_derive_session_key

i.ll_enc_handle_enc_complete
                0x00003626       0x68
 i.ll_enc_handle_enc_complete
                0x00003626       0x68 C:\Program Files (x86)\Cypress\PSoC Creator\3.2\PSoC Creator\psoc\content\cycomponentlibrary\CyComponentLibrary.cylib\BLE_v2_10\Library\gccCyBLEStack_BLE_SOC_PERIPHERAL.a(ll_connection.o)
                0x00003626                ll_enc_handle_enc_complete

i.ll_enc_handle_enc_failure
                0x00003690       0xa4
 i.ll_enc_handle_enc_failure
                0x00003690       0xa4 C:\Program Files (x86)\Cypress\PSoC Creator\3.2\PSoC Creator\psoc\content\cycomponentlibrary\CyComponentLibrary.cylib\BLE_v2_10\Library\gccCyBLEStack_BLE_SOC_PERIPHERAL.a(ll_connection.o)
                0x00003690                ll_enc_handle_enc_failure

i.ll_enc_handle_ll_reject_pdu_cb
                0x00003734       0x24
 i.ll_enc_handle_ll_reject_pdu_cb
                0x00003734       0x24 C:\Program Files (x86)\Cypress\PSoC Creator\3.2\PSoC Creator\psoc\content\cycomponentlibrary\CyComponentLibrary.cylib\BLE_v2_10\Library\gccCyBLEStack_BLE_SOC_PERIPHERAL.a(ll_connection.o)
                0x00003734                ll_enc_handle_ll_reject_pdu_cb

i.ll_enc_handle_ll_terminate_pdu
                0x00003758       0x16
 i.ll_enc_handle_ll_terminate_pdu
                0x00003758       0x16 C:\Program Files (x86)\Cypress\PSoC Creator\3.2\PSoC Creator\psoc\content\cycomponentlibrary\CyComponentLibrary.cylib\BLE_v2_10\Library\gccCyBLEStack_BLE_SOC_PERIPHERAL.a(ll_connection.o)
                0x00003758                ll_enc_handle_ll_terminate_pdu

i.ll_enc_handle_ll_unknown_resp_pdu_cb
                0x0000376e       0x24
 i.ll_enc_handle_ll_unknown_resp_pdu_cb
                0x0000376e       0x24 C:\Program Files (x86)\Cypress\PSoC Creator\3.2\PSoC Creator\psoc\content\cycomponentlibrary\CyComponentLibrary.cylib\BLE_v2_10\Library\gccCyBLEStack_BLE_SOC_PERIPHERAL.a(ll_connection.o)
                0x0000376e                ll_enc_handle_ll_unknown_resp_pdu_cb

i.ll_enc_handle_slave_await_to_start_cb
                0x00003794       0x80
 i.ll_enc_handle_slave_await_to_start_cb
                0x00003794       0x80 C:\Program Files (x86)\Cypress\PSoC Creator\3.2\PSoC Creator\psoc\content\cycomponentlibrary\CyComponentLibrary.cylib\BLE_v2_10\Library\gccCyBLEStack_BLE_SOC_PERIPHERAL.a(ll_connection.o)
                0x00003794                ll_enc_handle_slave_await_to_start_cb

i.ll_enc_handle_slave_enc_resp_ack_cb
                0x00003814       0x28
 i.ll_enc_handle_slave_enc_resp_ack_cb
                0x00003814       0x28 C:\Program Files (x86)\Cypress\PSoC Creator\3.2\PSoC Creator\psoc\content\cycomponentlibrary\CyComponentLibrary.cylib\BLE_v2_10\Library\gccCyBLEStack_BLE_SOC_PERIPHERAL.a(ll_connection.o)
                0x00003814                ll_enc_handle_slave_enc_resp_ack_cb

i.ll_enc_handle_slave_ltk_neg_reply_cb
                0x0000383c       0x60
 i.ll_enc_handle_slave_ltk_neg_reply_cb
                0x0000383c       0x60 C:\Program Files (x86)\Cypress\PSoC Creator\3.2\PSoC Creator\psoc\content\cycomponentlibrary\CyComponentLibrary.cylib\BLE_v2_10\Library\gccCyBLEStack_BLE_SOC_PERIPHERAL.a(ll_connection.o)
                0x0000383c                ll_enc_handle_slave_ltk_neg_reply_cb

i.ll_enc_handle_slave_pause_enc_req_cb
                0x0000389c       0x46
 i.ll_enc_handle_slave_pause_enc_req_cb
                0x0000389c       0x46 C:\Program Files (x86)\Cypress\PSoC Creator\3.2\PSoC Creator\psoc\content\cycomponentlibrary\CyComponentLibrary.cylib\BLE_v2_10\Library\gccCyBLEStack_BLE_SOC_PERIPHERAL.a(ll_connection.o)
                0x0000389c                ll_enc_handle_slave_pause_enc_req_cb

i.ll_enc_handle_slave_pause_enc_resp_cb
                0x000038e2       0x10
 i.ll_enc_handle_slave_pause_enc_resp_cb
                0x000038e2       0x10 C:\Program Files (x86)\Cypress\PSoC Creator\3.2\PSoC Creator\psoc\content\cycomponentlibrary\CyComponentLibrary.cylib\BLE_v2_10\Library\gccCyBLEStack_BLE_SOC_PERIPHERAL.a(ll_connection.o)
                0x000038e2                ll_enc_handle_slave_pause_enc_resp_cb

i.ll_enc_handle_slave_reject_ind_ack_cb
                0x000038f2       0x22
 i.ll_enc_handle_slave_reject_ind_ack_cb
                0x000038f2       0x22 C:\Program Files (x86)\Cypress\PSoC Creator\3.2\PSoC Creator\psoc\content\cycomponentlibrary\CyComponentLibrary.cylib\BLE_v2_10\Library\gccCyBLEStack_BLE_SOC_PERIPHERAL.a(ll_connection.o)
                0x000038f2                ll_enc_handle_slave_reject_ind_ack_cb

i.ll_enc_handle_slave_start_enc_resp_ack_cb
                0x00003914        0x8
 i.ll_enc_handle_slave_start_enc_resp_ack_cb
                0x00003914        0x8 C:\Program Files (x86)\Cypress\PSoC Creator\3.2\PSoC Creator\psoc\content\cycomponentlibrary\CyComponentLibrary.cylib\BLE_v2_10\Library\gccCyBLEStack_BLE_SOC_PERIPHERAL.a(ll_connection.o)
                0x00003914                ll_enc_handle_slave_start_enc_resp_ack_cb

i.ll_enc_handle_slave_start_enc_resp_cb
                0x0000391c       0x34
 i.ll_enc_handle_slave_start_enc_resp_cb
                0x0000391c       0x34 C:\Program Files (x86)\Cypress\PSoC Creator\3.2\PSoC Creator\psoc\content\cycomponentlibrary\CyComponentLibrary.cylib\BLE_v2_10\Library\gccCyBLEStack_BLE_SOC_PERIPHERAL.a(ll_connection.o)
                0x0000391c                ll_enc_handle_slave_start_enc_resp_cb

i.ll_enc_send_start_encryption_request
                0x00003950       0x38
 i.ll_enc_send_start_encryption_request
                0x00003950       0x38 C:\Program Files (x86)\Cypress\PSoC Creator\3.2\PSoC Creator\psoc\content\cycomponentlibrary\CyComponentLibrary.cylib\BLE_v2_10\Library\gccCyBLEStack_BLE_SOC_PERIPHERAL.a(ll_connection.o)
                0x00003950                ll_enc_send_start_encryption_request

i.ll_extract_pdu_opcode
                0x00003988        0x4
 i.ll_extract_pdu_opcode