Archive member included because of file (symbol)

.\CortexM0\ARM_GCC_493\Debug\PSOC_CapSense_2_BLE.a(cyfitter_cfg.o)
                              .\CortexM0\ARM_GCC_493\Debug\Cm0Start.o (cyfitter_cfg)
.\CortexM0\ARM_GCC_493\Debug\PSOC_CapSense_2_BLE.a(PrISM_2.o)
                              .\CortexM0\ARM_GCC_493\Debug\_PrISM.o (PrISM_2_WritePulse0)
.\CortexM0\ARM_GCC_493\Debug\PSOC_CapSense_2_BLE.a(PrISM_1.o)
                              .\CortexM0\ARM_GCC_493\Debug\_PrISM.o (PrISM_1_WritePulse0)
.\CortexM0\ARM_GCC_493\Debug\PSOC_CapSense_2_BLE.a(BLE.o)
                              .\CortexM0\ARM_GCC_493\Debug\_BLE.o (CyBle_Start)
.\CortexM0\ARM_GCC_493\Debug\PSOC_CapSense_2_BLE.a(BLE_gatt.o)
                              .\CortexM0\ARM_GCC_493\Debug\_BLE.o (cyBle_state)
.\CortexM0\ARM_GCC_493\Debug\PSOC_CapSense_2_BLE.a(BLE_eventHandler.o)
                              .\CortexM0\ARM_GCC_493\Debug\PSOC_CapSense_2_BLE.a(BLE.o) (cyBle_eventHandlerFlag)
.\CortexM0\ARM_GCC_493\Debug\PSOC_CapSense_2_BLE.a(BLE_custom.o)
                              .\CortexM0\ARM_GCC_493\Debug\PSOC_CapSense_2_BLE.a(BLE.o) (CyBle_CustomInit)
.\CortexM0\ARM_GCC_493\Debug\PSOC_CapSense_2_BLE.a(CapSense.o)
                              .\CortexM0\ARM_GCC_493\Debug\_CapSense.o (CapSense_IsBusy)
.\CortexM0\ARM_GCC_493\Debug\PSOC_CapSense_2_BLE.a(CapSense_CSHL.o)
                              .\CortexM0\ARM_GCC_493\Debug\_CapSense.o (CapSense_InitializeEnabledBaselines)
.\CortexM0\ARM_GCC_493\Debug\PSOC_CapSense_2_BLE.a(CapSense_INT.o)
                              .\CortexM0\ARM_GCC_493\Debug\PSOC_CapSense_2_BLE.a(CapSense.o) (CapSense_ISR)
.\CortexM0\ARM_GCC_493\Debug\PSOC_CapSense_2_BLE.a(BLUE.o)
                              .\CortexM0\ARM_GCC_493\Debug\_PrISM.o (BLUE_SetDriveMode)
.\CortexM0\ARM_GCC_493\Debug\PSOC_CapSense_2_BLE.a(GREEN.o)
                              .\CortexM0\ARM_GCC_493\Debug\_PrISM.o (GREEN_SetDriveMode)
.\CortexM0\ARM_GCC_493\Debug\PSOC_CapSense_2_BLE.a(RED.o)
                              .\CortexM0\ARM_GCC_493\Debug\_PrISM.o (RED_SetDriveMode)
.\CortexM0\ARM_GCC_493\Debug\PSOC_CapSense_2_BLE.a(CapSense_SampleClk.o)
                              .\CortexM0\ARM_GCC_493\Debug\PSOC_CapSense_2_BLE.a(CapSense.o) (CapSense_SampleClk_StartEx)
.\CortexM0\ARM_GCC_493\Debug\PSOC_CapSense_2_BLE.a(CapSense_SenseClk.o)
                              .\CortexM0\ARM_GCC_493\Debug\PSOC_CapSense_2_BLE.a(CapSense.o) (CapSense_SenseClk_StartEx)
.\CortexM0\ARM_GCC_493\Debug\PSOC_CapSense_2_BLE.a(CyBootAsmGnu.o)
                              .\CortexM0\ARM_GCC_493\Debug\PSOC_CapSense_2_BLE.a(cyfitter_cfg.o) (CyDelayCycles)
.\CortexM0\ARM_GCC_493\Debug\PSOC_CapSense_2_BLE.a(CyLib.o)
                              .\CortexM0\ARM_GCC_493\Debug\PSOC_CapSense_2_BLE.a(cyfitter_cfg.o) (CySysClkWriteImoFreq)
.\CortexM0\ARM_GCC_493\Debug\PSOC_CapSense_2_BLE.a(cyPm.o)
                              .\CortexM0\ARM_GCC_493\Debug\_CapSense.o (CySysPmSleep)
.\CortexM0\ARM_GCC_493\Debug\PSOC_CapSense_2_BLE.a(CyLFClk.o)
                              .\CortexM0\ARM_GCC_493\Debug\PSOC_CapSense_2_BLE.a(cyfitter_cfg.o) (CySysClkWcoStart)
.\CortexM0\ARM_GCC_493\Debug\PSOC_CapSense_2_BLE.a(TimerDelay.o)
                              .\CortexM0\ARM_GCC_493\Debug\_Timer.o (TimerDelay_Stop)
.\CortexM0\ARM_GCC_493\Debug\PSOC_CapSense_2_BLE.a(TimerDelay_Interrupt.o)
                              .\CortexM0\ARM_GCC_493\Debug\_Timer.o (TimerDelay_Interrupt_StartEx)
C:\Program Files (x86)\Cypress\PSoC Creator\3.3\PSoC Creator\psoc\content\cycomponentlibrary\CyComponentLibrary.cylib\BLE_v2_20\Library\gccCyBLEStack_BLE_SOC_PERIPHERAL.a(CyBle.o)
                              .\CortexM0\ARM_GCC_493\Debug\main.o (CyBle_ProcessEvents)
C:\Program Files (x86)\Cypress\PSoC Creator\3.3\PSoC Creator\psoc\content\cycomponentlibrary\CyComponentLibrary.cylib\BLE_v2_20\Library\gccCyBLEStack_BLE_SOC_PERIPHERAL.a(CyBleStackMgrIP_Interface.o)
                              C:\Program Files (x86)\Cypress\PSoC Creator\3.3\PSoC Creator\psoc\content\cycomponentlibrary\CyComponentLibrary.cylib\BLE_v2_20\Library\gccCyBLEStack_BLE_SOC_PERIPHERAL.a(CyBle.o) (CyBleStackMgr_Init)
C:\Program Files (x86)\Cypress\PSoC Creator\3.3\PSoC Creator\psoc\content\cycomponentlibrary\CyComponentLibrary.cylib\BLE_v2_20\Library\gccCyBLEStack_BLE_SOC_PERIPHERAL.a(BT_os.o)
                              C:\Program Files (x86)\Cypress\PSoC Creator\3.3\PSoC Creator\psoc\content\cycomponentlibrary\CyComponentLibrary.cylib\BLE_v2_20\Library\gccCyBLEStack_BLE_SOC_PERIPHERAL.a(CyBleStackMgrIP_Interface.o) (cyBleStackMemoryConfig)
C:\Program Files (x86)\Cypress\PSoC Creator\3.3\PSoC Creator\psoc\content\cycomponentlibrary\CyComponentLibrary.cylib\BLE_v2_20\Library\gccCyBLEStack_BLE_SOC_PERIPHERAL.a(CyBleStackMgr_StackTaskHandler.o)
[...]
Memory Configuration

Name             Origin             Length             Attributes
rom              0x00000000         0x00020000         xr
ram              0x20000000         0x00004000         xrw
*default*        0x00000000         0xffffffff

Linker script and memory map

LOAD c:/program files (x86)/cypress/psoc creator/3.3/psoc creator/import/gnu/arm/4.9.3/bin/../lib/gcc/arm-none-eabi/4.9.3/armv6-m/crti.o
LOAD c:/program files (x86)/cypress/psoc creator/3.3/psoc creator/import/gnu/arm/4.9.3/bin/../lib/gcc/arm-none-eabi/4.9.3/armv6-m/crtbegin.o
LOAD c:/program files (x86)/cypress/psoc creator/3.3/psoc creator/import/gnu/arm/4.9.3/bin/../lib/gcc/arm-none-eabi/4.9.3/../../../../arm-none-eabi/lib/armv6-m/crt0.o
START GROUP
LOAD .\CortexM0\ARM_GCC_493\Debug\main.o
LOAD .\CortexM0\ARM_GCC_493\Debug\crc.o
LOAD .\CortexM0\ARM_GCC_493\Debug\_PrISM.o
LOAD .\CortexM0\ARM_GCC_493\Debug\_CapSense.o
LOAD .\CortexM0\ARM_GCC_493\Debug\_BLE.o
LOAD .\CortexM0\ARM_GCC_493\Debug\vector.o
LOAD .\CortexM0\ARM_GCC_493\Debug\_Watchdog.o
LOAD .\CortexM0\ARM_GCC_493\Debug\_Timer.o
LOAD .\CortexM0\ARM_GCC_493\Debug\cymetadata.o
LOAD .\CortexM0\ARM_GCC_493\Debug\Cm0Start.o
LOAD .\CortexM0\ARM_GCC_493\Debug\PSOC_CapSense_2_BLE.a
LOAD C:\Program Files (x86)\Cypress\PSoC Creator\3.3\PSoC Creator\psoc\content\cycomponentlibrary\CyComponentLibrary.cylib\BLE_v2_20\Library\gccCyBLEStack_BLE_SOC_PERIPHERAL.a
LOAD C:\Program Files (x86)\Cypress\PSoC Creator\3.3\PSoC Creator\psoc\content\cycomponentlibrary\CyComponentLibrary.cylib\CapSense_CSD_P4_v2_30\PSoC4\Library\CapsenseP4Library_GCC.a
LOAD C:\Program Files (x86)\Cypress\PSoC Creator\3.3\PSoC Creator\psoc\content\cycomponentlibrary\CyComponentLibrary.cylib\CortexM0\ARM_GCC_493\Debug\CyComponentLibrary.a
END GROUP
START GROUP
LOAD c:/program files (x86)/cypress/psoc creator/3.3/psoc creator/import/gnu/arm/4.9.3/bin/../lib/gcc/arm-none-eabi/4.9.3/armv6-m\libgcc.a
LOAD c:/program files (x86)/cypress/psoc creator/3.3/psoc creator/import/gnu/arm/4.9.3/bin/../lib/gcc/arm-none-eabi/4.9.3/../../../../arm-none-eabi/lib/armv6-m\libg_nano.a
LOAD c:/program files (x86)/cypress/psoc creator/3.3/psoc creator/import/gnu/arm/4.9.3/bin/../lib/gcc/arm-none-eabi/4.9.3/../../../../arm-none-eabi/lib/armv6-m\libc_nano.a
END GROUP
START GROUP
LOAD c:/program files (x86)/cypress/psoc creator/3.3/psoc creator/import/gnu/arm/4.9.3/bin/../lib/gcc/arm-none-eabi/4.9.3/armv6-m\libgcc.a
LOAD c:/program files (x86)/cypress/psoc creator/3.3/psoc creator/import/gnu/arm/4.9.3/bin/../lib/gcc/arm-none-eabi/4.9.3/../../../../arm-none-eabi/lib/armv6-m\libc_nano.a
END GROUP
LOAD c:/program files (x86)/cypress/psoc creator/3.3/psoc creator/import/gnu/arm/4.9.3/bin/../lib/gcc/arm-none-eabi/4.9.3/armv6-m/crtend.o
LOAD c:/program files (x86)/cypress/psoc creator/3.3/psoc creator/import/gnu/arm/4.9.3/bin/../lib/gcc/arm-none-eabi/4.9.3/armv6-m/crtn.o
START GROUP
LOAD c:/program files (x86)/cypress/psoc creator/3.3/psoc creator/import/gnu/arm/4.9.3/bin/../lib/gcc/arm-none-eabi/4.9.3/armv6-m\libgcc.a
LOAD c:/program files (x86)/cypress/psoc creator/3.3/psoc creator/import/gnu/arm/4.9.3/bin/../lib/gcc/arm-none-eabi/4.9.3/../../../../arm-none-eabi/lib/armv6-m\libc.a
LOAD c:/program files (x86)/cypress/psoc creator/3.3/psoc creator/import/gnu/arm/4.9.3/bin/../lib/gcc/arm-none-eabi/4.9.3/../../../../arm-none-eabi/lib/armv6-m\libnosys.a
END GROUP
                0x00000000                CY_APPL_ORIGIN = 0x0
                0x00000080                CY_FLASH_ROW_SIZE = 0x80
                0x00000001                CY_APPL_NUM = 0x1
                0x00000001                CY_APPL_MAX = 0x1
                0x00000040                CY_METADATA_SIZE = 0x40
                0x00000000                CY_APPL_LOADABLE = 0x0
                0x00000000                CY_CHECKSUM_EXCLUDE_SIZE = ALIGN (0x0, CY_FLASH_ROW_SIZE)
                0x00000000                CY_APP_FOR_STACK_AND_COPIER = 0x0
                0x20003a40                PROVIDE (__cy_heap_start, _end)
                0x00000001                PROVIDE (__cy_region_num, ((__cy_regions_end - __cy_regions) / 0x10))
                0x20004000                PROVIDE (__cy_stack, (ORIGIN (ram) + 0x4000))
                0x20003e00                PROVIDE (__cy_heap_end, (__cy_stack - 0x200))

.cybootloader   0x00000000        0x0
 *(.cybootloader)
                0x00000000                appl1_start = CY_APPL_ORIGIN?CY_APPL_ORIGIN:ALIGN (CY_FLASH_ROW_SIZE)
                0x0000ff80                appl2_start = (appl1_start + ALIGN ((((0x20000 - appl1_start) - (0x2 * CY_FLASH_ROW_SIZE)) / 0x2), CY_FLASH_ROW_SIZE))
                0x00000000                appl_start = (CY_APPL_NUM == 0x1)?appl1_start:appl2_start
                0x00000001                cy_project_type_bootloader = (appl_start == 0x0)?0x1:0x0
                0x00000000                cy_project_type_app_for_stack_and_copier = (CY_APP_FOR_STACK_AND_COPIER == 0x1)?0x1:0x0

.text           0x00000000     0x2918
 CREATE_OBJECT_SYMBOLS
                0x00000000                PROVIDE (__cy_interrupt_vector, RomVectors)
 *(.romvectors)
 .romvectors    0x00000000       0x10 .\CortexM0\ARM_GCC_493\Debug\Cm0Start.o
                0x00000000                RomVectors
                0x00000001                ASSERT ((. != __cy_interrupt_vector), No interrupt vector)
                0x00000001                ASSERT (CY_APPL_ORIGIN?(SIZEOF (.cybootloader) <= CY_APPL_ORIGIN):0x1, Wrong image location)
                0x00000010                PROVIDE (__cy_reset, Reset)
 *(.text.Reset)
 .text.Reset    0x00000010        0x8 .\CortexM0\ARM_GCC_493\Debug\Cm0Start.o
                0x00000010                Reset
                0x00000001                ASSERT ((. != __cy_reset), No reset code)
 *(.psocinit)
 .psocinit      0x00000018      0x278 .\CortexM0\ARM_GCC_493\Debug\PSOC_CapSense_2_BLE.a(cyfitter_cfg.o)
                0x00000118                cyfitter_cfg
                0x00000290                . = MAX (., 0x100)
 *(.text .text.* .gnu.linkonce.t.*)
 .text          0x00000290       0x60 c:/program files (x86)/cypress/psoc creator/3.3/psoc creator/import/gnu/arm/4.9.3/bin/../lib/gcc/arm-none-eabi/4.9.3/armv6-m/crtbegin.o
 .text.InitializeSystem
                0x000002f0       0x58 .\CortexM0\ARM_GCC_493\Debug\main.o
                0x000002f0                InitializeSystem
 .text.ResetSystem
                0x00000348       0x40 .\CortexM0\ARM_GCC_493\Debug\main.o
                0x00000348                ResetSystem
 .text.main     0x00000388      0x158 .\CortexM0\ARM_GCC_493\Debug\main.o
                0x00000388                main
 .text.crc_Init
                0x000004e0       0x40 .\CortexM0\ARM_GCC_493\Debug\crc.o
                0x000004e0                crc_Init
 .text.crcCompute
                0x00000520       0x30 .\CortexM0\ARM_GCC_493\Debug\crc.o
                0x00000520                crcCompute
 .text.encodeCRC
                0x00000550       0x30 .\CortexM0\ARM_GCC_493\Debug\crc.o
                0x00000550                encodeCRC
 .text._PrISM_Init
                0x00000580       0x4c .\CortexM0\ARM_GCC_493\Debug\_PrISM.o
                0x00000580                _PrISM_Init
 .text._PrISM_TurnOnLED
                0x000005cc       0x58 .\CortexM0\ARM_GCC_493\Debug\_PrISM.o
                0x000005cc                _PrISM_TurnOnLED
 .text._PrISM_TurnOffLED
                0x00000624       0x58 .\CortexM0\ARM_GCC_493\Debug\_PrISM.o
                0x00000624                _PrISM_TurnOffLED
 .text._CapSense_Init
                0x0000067c        0xc .\CortexM0\ARM_GCC_493\Debug\_CapSense.o
                0x0000067c                _CapSense_Init
 .text._CapSense_Scan
                0x00000688       0x3c .\CortexM0\ARM_GCC_493\Debug\_CapSense.o
                0x00000688                _CapSense_Scan
 .text._BLE_Init
                0x000006c4       0x88 .\CortexM0\ARM_GCC_493\Debug\_BLE.o
                0x000006c4                _BLE_Init
 .text._BLE_Reset
                0x0000074c       0x70 .\CortexM0\ARM_GCC_493\Debug\_BLE.o
                0x0000074c                _BLE_Reset
 .text._BLE_UpdateCCCD
                0x000007bc       0xa0 .\CortexM0\ARM_GCC_493\Debug\_BLE.o
                0x000007bc                _BLE_UpdateCCCD
 .text._BLE_UpdateControl
                0x0000085c       0x64 .\CortexM0\ARM_GCC_493\Debug\_BLE.o
                0x0000085c                _BLE_UpdateControl
 .text._BLE_sendCapSenseData
                0x000008c0      0x15c .\CortexM0\ARM_GCC_493\Debug\_BLE.o
                0x000008c0                _BLE_sendCapSenseData
 .text._BLE_sendStatusFlags
                0x00000a1c      0x110 .\CortexM0\ARM_GCC_493\Debug\_BLE.o
                0x00000a1c                _BLE_sendStatusFlags
 .text._BLE_writeStatusFlags
                0x00000b2c       0x60 .\CortexM0\ARM_GCC_493\Debug\_BLE.o
                0x00000b2c                _BLE_writeStatusFlags
 .text.EventHandler
                0x00000b8c      0x218 .\CortexM0\ARM_GCC_493\Debug\_BLE.o
                0x00000b8c                EventHandler
 .text.Vector_Init
                0x00000da4       0x14 .\CortexM0\ARM_GCC_493\Debug\vector.o
                0x00000da4                Vector_Init
 .text.pushInVector
                0x00000db8       0x3c .\CortexM0\ARM_GCC_493\Debug\vector.o
                0x00000db8                pushInVector
 .text.popOutVector
                0x00000df4       0x3c .\CortexM0\ARM_GCC_493\Debug\vector.o
                0x00000df4                popOutVector
 .text.vectorSize
                0x00000e30       0x24 .\CortexM0\ARM_GCC_493\Debug\vector.o
                0x00000e30                vectorSize
 .text.vectorIsEmpty
                0x00000e54       0x1c .\CortexM0\ARM_GCC_493\Debug\vector.o
                0x00000e54                vectorIsEmpty
 .text.vectorIsFull
                0x00000e70       0x14 .\CortexM0\ARM_GCC_493\Debug\vector.o
                0x00000e70                vectorIsFull
 .text.clearVector
                0x00000e84       0x14 .\CortexM0\ARM_GCC_493\Debug\vector.o
                0x00000e84                clearVector
 .text._Watchdog_Handler
                0x00000e98      0x120 .\CortexM0\ARM_GCC_493\Debug\_Watchdog.o
                0x00000e98                _Watchdog_Handler
 .text._Watchdog_Init
                0x00000fb8       0x6c .\CortexM0\ARM_GCC_493\Debug\_Watchdog.o
                0x00000fb8                _Watchdog_Init
 .text.Delay    0x00001024       0x2c .\CortexM0\ARM_GCC_493\Debug\_Timer.o
                0x00001024                Delay
 .text._Timer_Init
                0x00001050       0x10 .\CortexM0\ARM_GCC_493\Debug\_Timer.o
                0x00001050                _Timer_Init
 .text.IntDefaultHandler
                0x00001060        0x4 .\CortexM0\ARM_GCC_493\Debug\Cm0Start.o
                0x00001060                IntDefaultHandler
 .text.Start_c  0x00001064       0x48 .\CortexM0\ARM_GCC_493\Debug\Cm0Start.o
                0x00001064                Start_c
 .text.initialize_psoc
                0x000010ac       0x54 .\CortexM0\ARM_GCC_493\Debug\Cm0Start.o
                0x000010ac                initialize_psoc
 .text.cfg_write_bytes32
                0x00001100       0x34 .\CortexM0\ARM_GCC_493\Debug\PSOC_CapSense_2_BLE.a(cyfitter_cfg.o)
 .text.CYMEMZERO
                0x00001134        0xc .\CortexM0\ARM_GCC_493\Debug\PSOC_CapSense_2_BLE.a(cyfitter_cfg.o)
 .text.SetAnalogRoutingPumps
                0x00001140       0x40 .\CortexM0\ARM_GCC_493\Debug\PSOC_CapSense_2_BLE.a(cyfitter_cfg.o)
                0x00001140                SetAnalogRoutingPumps
 .text.AnalogSetDefault
                0x00001180       0x30 .\CortexM0\ARM_GCC_493\Debug\PSOC_CapSense_2_BLE.a(cyfitter_cfg.o)
 .text.PrISM_2_Enable
                0x000011b0       0x10 .\CortexM0\ARM_GCC_493\Debug\PSOC_CapSense_2_BLE.a(PrISM_2.o)
                0x000011b0                PrISM_2_Enable
 .text.PrISM_2_WriteSeed
                0x000011c0       0x18 .\CortexM0\ARM_GCC_493\Debug\PSOC_CapSense_2_BLE.a(PrISM_2.o)
                0x000011c0                PrISM_2_WriteSeed
 .text.PrISM_2_WritePolynomial
                0x000011d8        0xc .\CortexM0\ARM_GCC_493\Debug\PSOC_CapSense_2_BLE.a(PrISM_2.o)
                0x000011d8                PrISM_2_WritePolynomial
 .text.PrISM_2_WritePulse0
                0x000011e4        0xc .\CortexM0\ARM_GCC_493\Debug\PSOC_CapSense_2_BLE.a(PrISM_2.o)
                0x000011e4                PrISM_2_WritePulse0
 .text.PrISM_2_WritePulse1
                0x000011f0        0xc .\CortexM0\ARM_GCC_493\Debug\PSOC_CapSense_2_BLE.a(PrISM_2.o)
                0x000011f0                PrISM_2_WritePulse1
 .text.PrISM_2_Init
                0x000011fc       0x48 .\CortexM0\ARM_GCC_493\Debug\PSOC_CapSense_2_BLE.a(PrISM_2.o)
                0x000011fc                PrISM_2_Init
 .text.PrISM_2_Start
                0x00001244       0x20 .\CortexM0\ARM_GCC_493\Debug\PSOC_CapSense_2_BLE.a(PrISM_2.o)
                0x00001244                PrISM_2_Start
 .text.PrISM_1_Enable
                0x00001264       0x10 .\CortexM0\ARM_GCC_493\Debug\PSOC_CapSense_2_BLE.a(PrISM_1.o)
                0x00001264                PrISM_1_Enable
 .text.PrISM_1_WriteSeed
                0x00001274       0x18 .\CortexM0\ARM_GCC_493\Debug\PSOC_CapSense_2_BLE.a(PrISM_1.o)
                0x00001274                PrISM_1_WriteSeed
 .text.PrISM_1_WritePolynomial
                0x0000128c        0xc .\CortexM0\ARM_GCC_493\Debug\PSOC_CapSense_2_BLE.a(PrISM_1.o)
                0x0000128c                PrISM_1_WritePolynomial
 .text.PrISM_1_WritePulse0
                0x00001298        0xc .\CortexM0\ARM_GCC_493\Debug\PSOC_CapSense_2_BLE.a(PrISM_1.o)
                0x00001298                PrISM_1_WritePulse0
 .text.PrISM_1_WritePulse1
                0x000012a4        0xc .\CortexM0\ARM_GCC_493\Debug\PSOC_CapSense_2_BLE.a(PrISM_1.o)
                0x000012a4                PrISM_1_WritePulse1
 .text.PrISM_1_Init
                0x000012b0       0x48 .\CortexM0\ARM_GCC_493\Debug\PSOC_CapSense_2_BLE.a(PrISM_1.o)
                0x000012b0                PrISM_1_Init
 .text.PrISM_1_Start
                0x000012f8       0x20 .\CortexM0\ARM_GCC_493\Debug\PSOC_CapSense_2_BLE.a(PrISM_1.o)
                0x000012f8                PrISM_1_Start
 .text.CyBle_ServiceInit
                0x00001318        0x8 .\CortexM0\ARM_GCC_493\Debug\PSOC_CapSense_2_BLE.a(BLE.o)
                0x00001318                CyBle_ServiceInit
 .text.CyBle_Init
                0x00001320       0x24 .\CortexM0\ARM_GCC_493\Debug\PSOC_CapSense_2_BLE.a(BLE.o)
                0x00001320                CyBle_Init
 .text.CyBle_Start
                0x00001344       0x84 .\CortexM0\ARM_GCC_493\Debug\PSOC_CapSense_2_BLE.a(BLE.o)
                0x00001344                CyBle_Start
 .text.CyBle_GappStartAdvertisement
                0x000013c8       0x8c .\CortexM0\ARM_GCC_493\Debug\PSOC_CapSense_2_BLE.a(BLE.o)
                0x000013c8                CyBle_GappStartAdvertisement
 .text.CyBle_ChangeAdDeviceAddress
                0x00001454        0x4 .\CortexM0\ARM_GCC_493\Debug\PSOC_CapSense_2_BLE.a(BLE.o)
                0x00001454                CyBle_ChangeAdDeviceAddress
 .text.CyBle_Get16ByPtr
                0x00001458        0xc .\CortexM0\ARM_GCC_493\Debug\PSOC_CapSense_2_BLE.a(BLE.o)
                0x00001458                CyBle_Get16ByPtr
 .text.CyBle_GattsWriteEventHandler
                0x00001464       0x58 .\CortexM0\ARM_GCC_493\Debug\PSOC_CapSense_2_BLE.a(BLE_gatt.o)
                0x00001464                CyBle_GattsWriteEventHandler
 .text.CyBle_GattDisconnectEventHandler
                0x000014bc       0x10 .\CortexM0\ARM_GCC_493\Debug\PSOC_CapSense_2_BLE.a(BLE_eventHandler.o)
 .text.CyBle_IsDeviceAddressValid
                0x000014cc       0x24 .\CortexM0\ARM_GCC_493\Debug\PSOC_CapSense_2_BLE.a(BLE_eventHandler.o)
 .text.CyBle_WriteReqHandler
                0x000014f0       0x38 .\CortexM0\ARM_GCC_493\Debug\PSOC_CapSense_2_BLE.a(BLE_eventHandler.o)
 .text.CyBle_EventHandler
                0x00001528      0x1cc .\CortexM0\ARM_GCC_493\Debug\PSOC_CapSense_2_BLE.a(BLE_eventHandler.o)
                0x00001528                CyBle_EventHandler
 .text.CyBle_CustomInit
                0x000016f4        0x4 .\CortexM0\ARM_GCC_493\Debug\PSOC_CapSense_2_BLE.a(BLE_custom.o)
                0x000016f4                CyBle_CustomInit
 .text.CapSense_CsdHwBlockInit
                0x000016f8       0x80 .\CortexM0\ARM_GCC_493\Debug\PSOC_CapSense_2_BLE.a(CapSense.o)
                0x000016f8                CapSense_CsdHwBlockInit
 .text.CapSense_Enable
                0x00001778       0x40 .\CortexM0\ARM_GCC_493\Debug\PSOC_CapSense_2_BLE.a(CapSense.o)
                0x00001778                CapSense_Enable
 .text.CapSense_IsBusy
                0x000017b8       0x10 .\CortexM0\ARM_GCC_493\Debug\PSOC_CapSense_2_BLE.a(CapSense.o)
                0x000017b8                CapSense_IsBusy
 .text.CapSense_EnableSensor
                0x000017c8       0x48 .\CortexM0\ARM_GCC_493\Debug\PSOC_CapSense_2_BLE.a(CapSense.o)
                0x000017c8                CapSense_EnableSensor
 .text.CapSense_DisableSensor
                0x00001810       0x70 .\CortexM0\ARM_GCC_493\Debug\PSOC_CapSense_2_BLE.a(CapSense.o)
                0x00001810                CapSense_DisableSensor
 .text.CapSense_ClearSensors
                0x00001880       0x14 .\CortexM0\ARM_GCC_493\Debug\PSOC_CapSense_2_BLE.a(CapSense.o)
                0x00001880                CapSense_ClearSensors
 .text.CapSense_PreScan
                0x00001894       0xdc .\CortexM0\ARM_GCC_493\Debug\PSOC_CapSense_2_BLE.a(CapSense.o)
                0x00001894                CapSense_PreScan
 .text.CapSense_PostScan
                0x00001970       0x54 .\CortexM0\ARM_GCC_493\Debug\PSOC_CapSense_2_BLE.a(CapSense.o)
                0x00001970                CapSense_PostScan
 .text.CapSense_SetShieldDelay
                0x000019c4       0x14 .\CortexM0\ARM_GCC_493\Debug\PSOC_CapSense_2_BLE.a(CapSense.o)
                0x000019c4                CapSense_SetShieldDelay
 .text.CapSense_Init
                0x000019d8       0x28 .\CortexM0\ARM_GCC_493\Debug\PSOC_CapSense_2_BLE.a(CapSense.o)
                0x000019d8                CapSense_Init
 .text.CapSense_Start
                0x00001a00       0x30 .\CortexM0\ARM_GCC_493\Debug\PSOC_CapSense_2_BLE.a(CapSense.o)
                0x00001a00                CapSense_Start
 .text.CapSense_GetBitValue
                0x00001a30       0x1c .\CortexM0\ARM_GCC_493\Debug\PSOC_CapSense_2_BLE.a(CapSense.o)
                0x00001a30                CapSense_GetBitValue
 .text.CapSense_FindNextSensor
                0x00001a4c       0x20 .\CortexM0\ARM_GCC_493\Debug\PSOC_CapSense_2_BLE.a(CapSense.o)
                0x00001a4c                CapSense_FindNextSensor
 .text.CapSense_ScanEnabledWidgets
                0x00001a6c       0x34 .\CortexM0\ARM_GCC_493\Debug\PSOC_CapSense_2_BLE.a(CapSense.o)
                0x00001a6c                CapSense_ScanEnabledWidgets
 .text.CapSense_BaseInit
                0x00001aa0       0x20 .\CortexM0\ARM_GCC_493\Debug\PSOC_CapSense_2_BLE.a(CapSense_CSHL.o)
                0x00001aa0                CapSense_BaseInit
 .text.CapSense_InitializeEnabledBaselines
                0x00001ac0       0x30 .\CortexM0\ARM_GCC_493\Debug\PSOC_CapSense_2_BLE.a(CapSense_CSHL.o)
                0x00001ac0                CapSense_InitializeEnabledBaselines
 .text.CapSense_UpdateBaselineNoThreshold
                0x00001af0       0xac .\CortexM0\ARM_GCC_493\Debug\PSOC_CapSense_2_BLE.a(CapSense_CSHL.o)
                0x00001af0                CapSense_UpdateBaselineNoThreshold
 .text.CapSense_UpdateSensorBaseline
                0x00001b9c        0x8 .\CortexM0\ARM_GCC_493\Debug\PSOC_CapSense_2_BLE.a(CapSense_CSHL.o)
                0x00001b9c                CapSense_UpdateSensorBaseline
 .text.CapSense_UpdateEnabledBaselines
                0x00001ba4       0x24 .\CortexM0\ARM_GCC_493\Debug\PSOC_CapSense_2_BLE.a(CapSense_CSHL.o)
                0x00001ba4                CapSense_UpdateEnabledBaselines
 .text.CapSense_ISR
                0x00001bc8       0x9c .\CortexM0\ARM_GCC_493\Debug\PSOC_CapSense_2_BLE.a(CapSense_INT.o)
                0x00001bc8                CapSense_ISR
 .text.BLUE_SetDriveMode
                0x00001c64       0x18 .\CortexM0\ARM_GCC_493\Debug\PSOC_CapSense_2_BLE.a(BLUE.o)
                0x00001c64                BLUE_SetDriveMode
 .text.GREEN_SetDriveMode
                0x00001c7c       0x18 .\CortexM0\ARM_GCC_493\Debug\PSOC_CapSense_2_BLE.a(GREEN.o)
                0x00001c7c                GREEN_SetDriveMode
 .text.RED_SetDriveMode
                0x00001c94       0x18 .\CortexM0\ARM_GCC_493\Debug\PSOC_CapSense_2_BLE.a(RED.o)
                0x00001c94                RED_SetDriveMode
 .text.CapSense_SampleClk_StartEx
                0x00001cac       0x1c .\CortexM0\ARM_GCC_493\Debug\PSOC_CapSense_2_BLE.a(CapSense_SampleClk.o)
                0x00001cac                CapSense_SampleClk_StartEx
 .text.CapSense_SampleClk_Stop
                0x00001cc8       0x18 .\CortexM0\ARM_GCC_493\Debug\PSOC_CapSense_2_BLE.a(CapSense_SampleClk.o)
                0x00001cc8                CapSense_SampleClk_Stop
 .text.CapSense_SampleClk_SetFractionalDividerRegister
                0x00001ce0       0x20 .\CortexM0\ARM_GCC_493\Debug\PSOC_CapSense_2_BLE.a(CapSense_SampleClk.o)
                0x00001ce0                CapSense_SampleClk_SetFractionalDividerRegister
 .text.CapSense_SenseClk_StartEx
                0x00001d00       0x1c .\CortexM0\ARM_GCC_493\Debug\PSOC_CapSense_2_BLE.a(CapSense_SenseClk.o)
                0x00001d00                CapSense_SenseClk_StartEx
 .text.CapSense_SenseClk_Stop
                0x00001d1c       0x18 .\CortexM0\ARM_GCC_493\Debug\PSOC_CapSense_2_BLE.a(CapSense_SenseClk.o)
                0x00001d1c                CapSense_SenseClk_Stop
 .text.CapSense_SenseClk_SetFractionalDividerRegister
                0x00001d34       0x20 .\CortexM0\ARM_GCC_493\Debug\PSOC_CapSense_2_BLE.a(CapSense_SenseClk.o)
                0x00001d34                CapSense_SenseClk_SetFractionalDividerRegister
 *fill*         0x00001d54        0x4 
 .text          0x00001d58       0x20 .\CortexM0\ARM_GCC_493\Debug\PSOC_CapSense_2_BLE.a(CyBootAsmGnu.o)
                0x00001d58                CyDelayCycles
                0x00001d6a                CyEnterCriticalSection
                0x00001d72                CyExitCriticalSection
 .text.CySysClkWriteImoFreq
                0x00001d78       0x64 .\CortexM0\ARM_GCC_493\Debug\PSOC_CapSense_2_BLE.a(CyLib.o)
                0x00001d78                CySysClkWriteImoFreq
 .text.CySysClkEcoReadStatus
                0x00001ddc       0x10 .\CortexM0\ARM_GCC_493\Debug\PSOC_CapSense_2_BLE.a(CyLib.o)
                0x00001ddc                CySysClkEcoReadStatus
 .text.CyIntEnable
                0x00001dec       0x14 .\CortexM0\ARM_GCC_493\Debug\PSOC_CapSense_2_BLE.a(CyLib.o)
                0x00001dec                CyIntEnable
 .text.CyIntDisable
                0x00001e00       0x14 .\CortexM0\ARM_GCC_493\Debug\PSOC_CapSense_2_BLE.a(CyLib.o)
                0x00001e00                CyIntDisable
 .text.CyHalt   0x00001e14        0x4 .\CortexM0\ARM_GCC_493\Debug\PSOC_CapSense_2_BLE.a(CyLib.o)
                0x00001e14                CyHalt
 .text.CyIntSetVector
                0x00001e18       0x24 .\CortexM0\ARM_GCC_493\Debug\PSOC_CapSense_2_BLE.a(CyLib.o)
                0x00001e18                CyIntSetVector
 .text.CyIntSetPriority
                0x00001e3c       0x4c .\CortexM0\ARM_GCC_493\Debug\PSOC_CapSense_2_BLE.a(CyLib.o)
                0x00001e3c                CyIntSetPriority
 .text.CyDelayUs
                0x00001e88       0x14 .\CortexM0\ARM_GCC_493\Debug\PSOC_CapSense_2_BLE.a(CyLib.o)
                0x00001e88                CyDelayUs
 .text.CySysClkEcoStart
                0x00001e9c       0x54 .\CortexM0\ARM_GCC_493\Debug\PSOC_CapSense_2_BLE.a(CyLib.o)
                0x00001e9c                CySysClkEcoStart
 .text.CySysPmSleep
                0x00001ef0       0x1c .\CortexM0\ARM_GCC_493\Debug\PSOC_CapSense_2_BLE.a(cyPm.o)
                0x00001ef0                CySysPmSleep
 .text.CySysWdtLocked
                0x00001f0c       0x14 .\CortexM0\ARM_GCC_493\Debug\PSOC_CapSense_2_BLE.a(CyLFClk.o)
 .text.CySysClkWcoStart
                0x00001f20       0x40 .\CortexM0\ARM_GCC_493\Debug\PSOC_CapSense_2_BLE.a(CyLFClk.o)
                0x00001f20                CySysClkWcoStart
 .text.CySysClkWcoSetPowerMode
                0x00001f60       0x80 .\CortexM0\ARM_GCC_493\Debug\PSOC_CapSense_2_BLE.a(CyLFClk.o)
                0x00001f60                CySysClkWcoSetPowerMode
 .text.CySysWdtLock
                0x00001fe0       0x1c .\CortexM0\ARM_GCC_493\Debug\PSOC_CapSense_2_BLE.a(CyLFClk.o)
                0x00001fe0                CySysWdtLock
 .text.CySysWdtUnlock
                0x00001ffc       0x30 .\CortexM0\ARM_GCC_493\Debug\PSOC_CapSense_2_BLE.a(CyLFClk.o)
                0x00001ffc                CySysWdtUnlock
 .text.CySysWdtGetEnabledStatus
                0x0000202c       0x24 .\CortexM0\ARM_GCC_493\Debug\PSOC_CapSense_2_BLE.a(CyLFClk.o)
                0x0000202c                CySysWdtGetEnabledStatus
 .text.CySysWdtSetMode
                0x00002050       0x38 .\CortexM0\ARM_GCC_493\Debug\PSOC_CapSense_2_BLE.a(CyLFClk.o)
                0x00002050                CySysWdtSetMode
 .text.CySysWdtSetClearOnMatch
                0x00002088       0x38 .\CortexM0\ARM_GCC_493\Debug\PSOC_CapSense_2_BLE.a(CyLFClk.o)
                0x00002088                CySysWdtSetClearOnMatch
 .text.CySysWdtEnable
                0x000020c0       0x3c .\CortexM0\ARM_GCC_493\Debug\PSOC_CapSense_2_BLE.a(CyLFClk.o)
                0x000020c0                CySysWdtEnable
 .text.CySysWdtDisable
                0x000020fc       0x44 .\CortexM0\ARM_GCC_493\Debug\PSOC_CapSense_2_BLE.a(CyLFClk.o)
                0x000020fc                CySysWdtDisable
 .text.CySysWdtSetMatch
                0x00002140       0x58 .\CortexM0\ARM_GCC_493\Debug\PSOC_CapSense_2_BLE.a(CyLFClk.o)
                0x00002140                CySysWdtSetMatch
 .text.CySysWdtGetInterruptSource
                0x00002198       0x14 .\CortexM0\ARM_GCC_493\Debug\PSOC_CapSense_2_BLE.a(CyLFClk.o)
                0x00002198                CySysWdtGetInterruptSource
 .text.CySysWdtClearInterrupt
                0x000021ac       0x4c .\CortexM0\ARM_GCC_493\Debug\PSOC_CapSense_2_BLE.a(CyLFClk.o)
                0x000021ac                CySysWdtClearInterrupt
 .text.CySysWdtResetCounters
                0x000021f8       0x20 .\CortexM0\ARM_GCC_493\Debug\PSOC_CapSense_2_BLE.a(CyLFClk.o)
                0x000021f8                CySysWdtResetCounters
 .text.CySysWdtIsr
                0x00002218       0xa4 .\CortexM0\ARM_GCC_493\Debug\PSOC_CapSense_2_BLE.a(CyLFClk.o)
                0x00002218                CySysWdtIsr
 .text.TimerDelay_Enable
                0x000022bc       0x10 .\CortexM0\ARM_GCC_493\Debug\PSOC_CapSense_2_BLE.a(TimerDelay.o)
                0x000022bc                TimerDelay_Enable
 .text.TimerDelay_Stop
                0x000022cc       0x10 .\CortexM0\ARM_GCC_493\Debug\PSOC_CapSense_2_BLE.a(TimerDelay.o)
                0x000022cc                TimerDelay_Stop
 .text.TimerDelay_SetInterruptMode
                0x000022dc        0xc .\CortexM0\ARM_GCC_493\Debug\PSOC_CapSense_2_BLE.a(TimerDelay.o)
                0x000022dc                TimerDelay_SetInterruptMode
 .text.TimerDelay_ReadStatusRegister
                0x000022e8        0xc .\CortexM0\ARM_GCC_493\Debug\PSOC_CapSense_2_BLE.a(TimerDelay.o)
                0x000022e8                TimerDelay_ReadStatusRegister
 .text.TimerDelay_WritePeriod
                0x000022f4        0xc .\CortexM0\ARM_GCC_493\Debug\PSOC_CapSense_2_BLE.a(TimerDelay.o)
                0x000022f4                TimerDelay_WritePeriod
 .text.TimerDelay_ReadCapture
                0x00002300        0xc .\CortexM0\ARM_GCC_493\Debug\PSOC_CapSense_2_BLE.a(TimerDelay.o)
                0x00002300                TimerDelay_ReadCapture
 .text.TimerDelay_WriteCounter
                0x0000230c        0xc .\CortexM0\ARM_GCC_493\Debug\PSOC_CapSense_2_BLE.a(TimerDelay.o)
                0x0000230c                TimerDelay_WriteCounter
 .text.TimerDelay_ClearFIFO
                0x00002318       0x14 .\CortexM0\ARM_GCC_493\Debug\PSOC_CapSense_2_BLE.a(TimerDelay.o)
                0x00002318                TimerDelay_ClearFIFO
 .text.TimerDelay_Init
                0x0000232c       0x38 .\CortexM0\ARM_GCC_493\Debug\PSOC_CapSense_2_BLE.a(TimerDelay.o)
                0x0000232c                TimerDelay_Init
 .text.TimerDelay_Start
                0x00002364       0x20 .\CortexM0\ARM_GCC_493\Debug\PSOC_CapSense_2_BLE.a(TimerDelay.o)
                0x00002364                TimerDelay_Start
 .text.TimerDelay_Interrupt_SetVector
                0x00002384        0xc .\CortexM0\ARM_GCC_493\Debug\PSOC_CapSense_2_BLE.a(TimerDelay_Interrupt.o)
                0x00002384                TimerDelay_Interrupt_SetVector
 .text.TimerDelay_Interrupt_SetPriority
                0x00002390       0x24 .\CortexM0\ARM_GCC_493\Debug\PSOC_CapSense_2_BLE.a(TimerDelay_Interrupt.o)
                0x00002390                TimerDelay_Interrupt_SetPriority
 .text.TimerDelay_Interrupt_Enable
                0x000023b4        0xc .\CortexM0\ARM_GCC_493\Debug\PSOC_CapSense_2_BLE.a(TimerDelay_Interrupt.o)
                0x000023b4                TimerDelay_Interrupt_Enable
 .text.TimerDelay_Interrupt_Disable
                0x000023c0        0xc .\CortexM0\ARM_GCC_493\Debug\PSOC_CapSense_2_BLE.a(TimerDelay_Interrupt.o)
                0x000023c0                TimerDelay_Interrupt_Disable
 .text.TimerDelay_Interrupt_StartEx
                0x000023cc       0x1c .\CortexM0\ARM_GCC_493\Debug\PSOC_CapSense_2_BLE.a(TimerDelay_Interrupt.o)
                0x000023cc                TimerDelay_Interrupt_StartEx
 .text.TimerDelay_Interrupt_ClearPending
                0x000023e8        0xc .\CortexM0\ARM_GCC_493\Debug\PSOC_CapSense_2_BLE.a(TimerDelay_Interrupt.o)
                0x000023e8                TimerDelay_Interrupt_ClearPending
 .text.CyBLE_Bless_LlRegWrite
                0x000023f4        0x4 .\CortexM0\ARM_GCC_493\Debug\PSOC_CapSense_2_BLE.a(BLE_HAL_PVT.o)
                0x000023f4                CyBLE_Bless_LlRegWrite
 .text.CyBLE_Bless_RfRegWrite
                0x000023f8        0x4 .\CortexM0\ARM_GCC_493\Debug\PSOC_CapSense_2_BLE.a(BLE_HAL_PVT.o)
                0x000023f8                CyBLE_Bless_RfRegWrite
 .text.CyBLE_BlessDeviceConfig
                0x000023fc       0xdc .\CortexM0\ARM_GCC_493\Debug\PSOC_CapSense_2_BLE.a(BLE_HAL_PVT.o)
                0x000023fc                CyBLE_BlessDeviceConfig
 .text.CyBleHal_DelayUs
                0x000024d8        0x8 .\CortexM0\ARM_GCC_493\Debug\PSOC_CapSense_2_BLE.a(BLE_HAL_PVT.o)
                0x000024d8                CyBleHal_DelayUs
 .text.CyBleHal_EnableGlobalInterrupts
                0x000024e0        0x8 .\CortexM0\ARM_GCC_493\Debug\PSOC_CapSense_2_BLE.a(BLE_HAL_PVT.o)
                0x000024e0                CyBleHal_EnableGlobalInterrupts
 .text.CyBleHal_DisableGlobalInterrupts
                0x000024e8        0x8 .\CortexM0\ARM_GCC_493\Debug\PSOC_CapSense_2_BLE.a(BLE_HAL_PVT.o)
                0x000024e8                CyBleHal_DisableGlobalInterrupts
 .text.CyBle_HalInit
                0x000024f0       0x18 .\CortexM0\ARM_GCC_493\Debug\PSOC_CapSense_2_BLE.a(BLE_HAL_PVT.o)
                0x000024f0                CyBle_HalInit
 .text.CYBLE_BlessStart
                0x00002508       0x10 .\CortexM0\ARM_GCC_493\Debug\PSOC_CapSense_2_BLE.a(BLE_HAL_PVT.o)
                0x00002508                CYBLE_BlessStart
 .text.BLE_bless_isr_SetVector
                0x00002518        0xc .\CortexM0\ARM_GCC_493\Debug\PSOC_CapSense_2_BLE.a(BLE_bless_isr.o)
                0x00002518                BLE_bless_isr_SetVector
 .text.BLE_bless_isr_SetPriority
                0x00002524       0x20 .\CortexM0\ARM_GCC_493\Debug\PSOC_CapSense_2_BLE.a(BLE_bless_isr.o)
                0x00002524                BLE_bless_isr_SetPriority
 .text.BLE_bless_isr_Enable
                0x00002544       0x10 .\CortexM0\ARM_GCC_493\Debug\PSOC_CapSense_2_BLE.a(BLE_bless_isr.o)
                0x00002544                BLE_bless_isr_Enable
 .text.BLE_bless_isr_Disable
                0x00002554       0x10 .\CortexM0\ARM_GCC_493\Debug\PSOC_CapSense_2_BLE.a(BLE_bless_isr.o)
                0x00002554                BLE_bless_isr_Disable
 .text.BLE_bless_isr_StartEx
                0x00002564       0x1c .\CortexM0\ARM_GCC_493\Debug\PSOC_CapSense_2_BLE.a(BLE_bless_isr.o)
                0x00002564                BLE_bless_isr_StartEx
 .text.CyBLE_Bless_Interrupt
                0x00002580        0x8 .\CortexM0\ARM_GCC_493\Debug\PSOC_CapSense_2_BLE.a(BLE_HAL_INT.o)
                0x00002580                CyBLE_Bless_Interrupt
 .text          0x00002588      0x120 c:/program files (x86)/cypress/psoc creator/3.3/psoc creator/import/gnu/arm/4.9.3/bin/../lib/gcc/arm-none-eabi/4.9.3/armv6-m\libgcc.a(_udivsi3.o)
                0x00002588                __aeabi_uidiv
                0x00002588                __udivsi3
                0x00002694                __aeabi_uidivmod
 .text          0x000026a8      0x1e0 c:/program files (x86)/cypress/psoc creator/3.3/psoc creator/import/gnu/arm/4.9.3/bin/../lib/gcc/arm-none-eabi/4.9.3/armv6-m\libgcc.a(_divsi3.o)
                0x000026a8                __divsi3
                0x000026a8                __aeabi_idiv
                0x00002874                __aeabi_idivmod
 .text          0x00002888        0x4 c:/program files (x86)/cypress/psoc creator/3.3/psoc creator/import/gnu/arm/4.9.3/bin/../lib/gcc/arm-none-eabi/4.9.3/armv6-m\libgcc.a(_dvmd_tls.o)
                0x00002888                __aeabi_idiv0
                0x00002888                __aeabi_ldiv0
 .text.__libc_init_array
                0x0000288c       0x4c c:/program files (x86)/cypress/psoc creator/3.3/psoc creator/import/gnu/arm/4.9.3/bin/../lib/gcc/arm-none-eabi/4.9.3/../../../../arm-none-eabi/lib/armv6-m\libg_nano.a(lib_a-init.o)
                0x0000288c                __libc_init_array
 .text.memcmp   0x000028d8       0x1e c:/program files (x86)/cypress/psoc creator/3.3/psoc creator/import/gnu/arm/4.9.3/bin/../lib/gcc/arm-none-eabi/4.9.3/../../../../arm-none-eabi/lib/armv6-m\libg_nano.a(lib_a-memcmp.o)
                0x000028d8                memcmp
 .text.memcpy   0x000028f6       0x12 c:/program files (x86)/cypress/psoc creator/3.3/psoc creator/import/gnu/arm/4.9.3/bin/../lib/gcc/arm-none-eabi/4.9.3/../../../../arm-none-eabi/lib/armv6-m\libg_nano.a(lib_a-memcpy.o)
                0x000028f6                memcpy
 .text.memset   0x00002908       0x10 c:/program files (x86)/cypress/psoc creator/3.3/psoc creator/import/gnu/arm/4.9.3/bin/../lib/gcc/arm-none-eabi/4.9.3/../../../../arm-none-eabi/lib/armv6-m\libg_nano.a(lib_a-memset.o)
                0x00002908                memset
 *(.plt)
 *(.gnu.warning)
 *(.glue_7t)
 .glue_7t       0x00000000        0x0 linker stubs
 *(.glue_7)
 .glue_7        0x00000000        0x0 linker stubs
 *(.vfp11_veneer)
 .vfp11_veneer  0x00000000        0x0 linker stubs
 *(.bootloader)
 *(.ARM.extab* .gnu.linkonce.armextab.*)
 *(.gcc_except_table)

.v4_bx          0x00002918        0x0
 .v4_bx         0x00000000        0x0 linker stubs

.iplt           0x00002918        0x0
 .iplt          0x00000000        0x0 c:/program files (x86)/cypress/psoc creator/3.3/psoc creator/import/gnu/arm/4.9.3/bin/../lib/gcc/arm-none-eabi/4.9.3/armv6-m/crtbegin.o

i.CyBle_ExitLPM
                0x00002918        0x8
 i.CyBle_ExitLPM
                0x00002918        0x8 C:\Program Files (x86)\Cypress\PSoC Creator\3.3\PSoC Creator\psoc\content\cycomponentlibrary\CyComponentLibrary.cylib\BLE_v2_20\Library\gccCyBLEStack_BLE_SOC_PERIPHERAL.a(CyBle.o)
                0x00002918                CyBle_ExitLPM

i.CyBle_ProcessEvents
                0x00002920        0x8
 i.CyBle_ProcessEvents
                0x00002920        0x8 C:\Program Files (x86)\Cypress\PSoC Creator\3.3\PSoC Creator\psoc\content\cycomponentlibrary\CyComponentLibrary.cylib\BLE_v2_20\Library\gccCyBLEStack_BLE_SOC_PERIPHERAL.a(CyBle.o)
                0x00002920                CyBle_ProcessEvents

i.CyBle_SetDeviceAddress
                0x00002928       0x24
 i.CyBle_SetDeviceAddress
                0x00002928       0x24 C:\Program Files (x86)\Cypress\PSoC Creator\3.3\PSoC Creator\psoc\content\cycomponentlibrary\CyComponentLibrary.cylib\BLE_v2_20\Library\gccCyBLEStack_BLE_SOC_PERIPHERAL.a(CyBle.o)
                0x00002928                CyBle_SetDeviceAddress

i.CyBle_StackInit
                0x0000294c       0xfc
 i.CyBle_StackInit
                0x0000294c       0xfc C:\Program Files (x86)\Cypress\PSoC Creator\3.3\PSoC Creator\psoc\content\cycomponentlibrary\CyComponentLibrary.cylib\BLE_v2_20\Library\gccCyBLEStack_BLE_SOC_PERIPHERAL.a(CyBle.o)
                0x0000294c                CyBle_StackInit

i.CyBle_StackValidateInputParams
                0x00002a48       0xf4
 i.CyBle_StackValidateInputParams
                0x00002a48       0xf4 C:\Program Files (x86)\Cypress\PSoC Creator\3.3\PSoC Creator\psoc\content\cycomponentlibrary\CyComponentLibrary.cylib\BLE_v2_20\Library\gccCyBLEStack_BLE_SOC_PERIPHERAL.a(CyBle.o)

i.__ARM_common_switch8
                0x00002b3c       0x1a
 i.__ARM_common_switch8
                0x00002b3c       0x1a C:\Program Files (x86)\Cypress\PSoC Creator\3.3\PSoC Creator\psoc\content\cycomponentlibrary\CyComponentLibrary.cylib\BLE_v2_20\Library\gccCyBLEStack_BLE_SOC_PERIPHERAL.a(CyBle.o)
                0x00002b3c                __ARM_common_switch8

i.CyBleStackMgr_Init
                0x00002b58       0x9c
 i.CyBleStackMgr_Init
                0x00002b58       0x9c C:\Program Files (x86)\Cypress\PSoC Creator\3.3\PSoC Creator\psoc\content\cycomponentlibrary\CyComponentLibrary.cylib\BLE_v2_20\Library\gccCyBLEStack_BLE_SOC_PERIPHERAL.a(CyBleStackMgrIP_Interface.o)
                0x00002b58                CyBleStackMgr_Init

i.CyBleStackMgr_ProcessBleEvents
                0x00002bf4       0x14
 i.CyBleStackMgr_ProcessBleEvents
                0x00002bf4       0x14 C:\Program Files (x86)\Cypress\PSoC Creator\3.3\PSoC Creator\psoc\content\cycomponentlibrary\CyComponentLibrary.cylib\BLE_v2_20\Library\gccCyBLEStack_BLE_SOC_PERIPHERAL.a(CyBleStackMgrIP_Interface.o)
                0x00002bf4                CyBleStackMgr_ProcessBleEvents

i.CyBle_GetHeapMemory
                0x00002c08       0x28
 i.CyBle_GetHeapMemory
                0x00002c08       0x28 C:\Program Files (x86)\Cypress\PSoC Creator\3.3\PSoC Creator\psoc\content\cycomponentlibrary\CyComponentLibrary.cylib\BLE_v2_20\Library\gccCyBLEStack_BLE_SOC_PERIPHERAL.a(CyBleStackMgrIP_Interface.o)
                0x00002c08                CyBle_GetHeapMemory

i.CyBle_GetNumAppBufferPools
                0x00002c30        0xc
 i.CyBle_GetNumAppBufferPools
                0x00002c30        0xc C:\Program Files (x86)\Cypress\PSoC Creator\3.3\PSoC Creator\psoc\content\cycomponentlibrary\CyComponentLibrary.cylib\BLE_v2_20\Library\gccCyBLEStack_BLE_SOC_PERIPHERAL.a(CyBleStackMgrIP_Interface.o)
                0x00002c30                CyBle_GetNumAppBufferPools

i.CyBle_HostStackBufferPoolInit
                0x00002c3c       0xec
 i.CyBle_HostStackBufferPoolInit
                0x00002c3c       0xec C:\Program Files (x86)\Cypress\PSoC Creator\3.3\PSoC Creator\psoc\content\cycomponentlibrary\CyComponentLibrary.cylib\BLE_v2_20\Library\gccCyBLEStack_BLE_SOC_PERIPHERAL.a(CyBleStackMgrIP_Interface.o)

i.ble_stack_idle_task_callback
                0x00002d28        0x2
 i.ble_stack_idle_task_callback
                0x00002d28        0x2 C:\Program Files (x86)\Cypress\PSoC Creator\3.3\PSoC Creator\psoc\content\cycomponentlibrary\CyComponentLibrary.cylib\BLE_v2_20\Library\gccCyBLEStack_BLE_SOC_PERIPHERAL.a(CyBleStackMgrIP_Interface.o)
                0x00002d28                ble_stack_idle_task_callback

i.BT_OSFreeBuf  0x00002d2c       0x20
 i.BT_OSFreeBuf
                0x00002d2c       0x20 C:\Program Files (x86)\Cypress\PSoC Creator\3.3\PSoC Creator\psoc\content\cycomponentlibrary\CyComponentLibrary.cylib\BLE_v2_20\Library\gccCyBLEStack_BLE_SOC_PERIPHERAL.a(BT_os.o)
                0x00002d2c                BT_OSFreeBuf

i.BT_OSGetBuF   0x00002d4c       0x34
 i.BT_OSGetBuF  0x00002d4c       0x34 C:\Program Files (x86)\Cypress\PSoC Creator\3.3\PSoC Creator\psoc\content\cycomponentlibrary\CyComponentLibrary.cylib\BLE_v2_20\Library\gccCyBLEStack_BLE_SOC_PERIPHERAL.a(BT_os.o)
                0x00002d4c                BT_OSGetBuF

i.BT_OSMemCreate
                0x00002d80       0x3c
 i.BT_OSMemCreate
                0x00002d80       0x3c C:\Program Files (x86)\Cypress\PSoC Creator\3.3\PSoC Creator\psoc\content\cycomponentlibrary\CyComponentLibrary.cylib\BLE_v2_20\Library\gccCyBLEStack_BLE_SOC_PERIPHERAL.a(BT_os.o)
                0x00002d80                BT_OSMemCreate

i.BT_alloc_mem_ext
                0x00002dbc       0x3c
 i.BT_alloc_mem_ext
                0x00002dbc       0x3c C:\Program Files (x86)\Cypress\PSoC Creator\3.3\PSoC Creator\psoc\content\cycomponentlibrary\CyComponentLibrary.cylib\BLE_v2_20\Library\gccCyBLEStack_BLE_SOC_PERIPHERAL.a(BT_os.o)
                0x00002dbc                BT_alloc_mem_ext

i.BT_free_mem   0x00002df8        0xc
 i.BT_free_mem  0x00002df8        0xc C:\Program Files (x86)\Cypress\PSoC Creator\3.3\PSoC Creator\psoc\content\cycomponentlibrary\CyComponentLibrary.cylib\BLE_v2_20\Library\gccCyBLEStack_BLE_SOC_PERIPHERAL.a(BT_os.o)
                0x00002df8                BT_free_mem

i.bt_stack_create_buffer_pool
                0x00002e04       0x30
 i.bt_stack_create_buffer_pool
                0x00002e04       0x30 C:\Program Files (x86)\Cypress\PSoC Creator\3.3\PSoC Creator\psoc\content\cycomponentlibrary\CyComponentLibrary.cylib\BLE_v2_20\Library\gccCyBLEStack_BLE_SOC_PERIPHERAL.a(BT_os.o)
                0x00002e04                bt_stack_create_buffer_pool

i.CyBle_CheckBleStackTaskStatus
                0x00002e34        0x4
 i.CyBle_CheckBleStackTaskStatus
                0x00002e34        0x4 C:\Program Files (x86)\Cypress\PSoC Creator\3.3\PSoC Creator\psoc\content\cycomponentlibrary\CyComponentLibrary.cylib\BLE_v2_20\Library\gccCyBLEStack_BLE_SOC_PERIPHERAL.a(CyBleStackMgr_StackTaskHandler.o)
                0x00002e34                CyBle_CheckBleStackTaskStatus

i.CyBle_CreateBleStackTask
                0x00002e38       0x2c
 i.CyBle_CreateBleStackTask
                0x00002e38       0x2c C:\Program Files (x86)\Cypress\PSoC Creator\3.3\PSoC Creator\psoc\content\cycomponentlibrary\CyComponentLibrary.cylib\BLE_v2_20\Library\gccCyBLEStack_BLE_SOC_PERIPHERAL.a(CyBleStackMgr_StackTaskHandler.o)
                0x00002e38                CyBle_CreateBleStackTask

i.CyBle_SignalBleStackTask
                0x00002e64       0x50
 i.CyBle_SignalBleStackTask
                0x00002e64       0x50 C:\Program Files (x86)\Cypress\PSoC Creator\3.3\PSoC Creator\psoc\content\cycomponentlibrary\CyComponentLibrary.cylib\BLE_v2_20\Library\gccCyBLEStack_BLE_SOC_PERIPHERAL.a(CyBleStackMgr_StackTaskHandler.o)
                0x00002e64                CyBle_SignalBleStackTask

i.CyBle_StackTaskHandler
                0x00002eb4       0x5c
 i.CyBle_StackTaskHandler
                0x00002eb4       0x5c C:\Program Files (x86)\Cypress\PSoC Creator\3.3\PSoC Creator\psoc\content\cycomponentlibrary\CyComponentLibrary.cylib\BLE_v2_20\Library\gccCyBLEStack_BLE_SOC_PERIPHERAL.a(CyBleStackMgr_StackTaskHandler.o)
                0x00002eb4                CyBle_StackTaskHandler

i.hci_soft_transport_notify_data_received
                0x00002f10        0xc
 i.hci_soft_transport_notify_data_received
                0x00002f10        0xc C:\Program Files (x86)\Cypress\PSoC Creator\3.3\PSoC Creator\psoc\content\cycomponentlibrary\CyComponentLibrary.cylib\BLE_v2_20\Library\gccCyBLEStack_BLE_SOC_PERIPHERAL.a(transport_sf.o)
                0x00002f10                hci_soft_transport_notify_data_received

i.hci_soft_transport_rx_data
                0x00002f1c       0x40
 i.hci_soft_transport_rx_data
                0x00002f1c       0x40 C:\Program Files (x86)\Cypress\PSoC Creator\3.3\PSoC Creator\psoc\content\cycomponentlibrary\CyComponentLibrary.cylib\BLE_v2_20\Library\gccCyBLEStack_BLE_SOC_PERIPHERAL.a(transport_sf.o)
                0x00002f1c                hci_soft_transport_rx_data

i.hci_transport_bt_init
                0x00002f5c        0x2
 i.hci_transport_bt_init
                0x00002f5c        0x2 C:\Program Files (x86)\Cypress\PSoC Creator\3.3\PSoC Creator\psoc\content\cycomponentlibrary\CyComponentLibrary.cylib\BLE_v2_20\Library\gccCyBLEStack_BLE_SOC_PERIPHERAL.a(transport_sf.o)
                0x00002f5c                hci_transport_bt_init

i.hci_transport_init
                0x00002f60       0x10
 i.hci_transport_init
                0x00002f60       0x10 C:\Program Files (x86)\Cypress\PSoC Creator\3.3\PSoC Creator\psoc\content\cycomponentlibrary\CyComponentLibrary.cylib\BLE_v2_20\Library\gccCyBLEStack_BLE_SOC_PERIPHERAL.a(transport_sf.o)
                0x00002f60                hci_transport_init

i.hci_transport_write_data
                0x00002f70       0xd4
 i.hci_transport_write_data
                0x00002f70       0xd4 C:\Program Files (x86)\Cypress\PSoC Creator\3.3\PSoC Creator\psoc\content\cycomponentlibrary\CyComponentLibrary.cylib\BLE_v2_20\Library\gccCyBLEStack_BLE_SOC_PERIPHERAL.a(transport_sf.o)
                0x00002f70                hci_transport_write_data

i.pf_hci_soft_transport_write
                0x00003044       0x44
 i.pf_hci_soft_transport_write
                0x00003044       0x44 C:\Program Files (x86)\Cypress\PSoC Creator\3.3\PSoC Creator\psoc\content\cycomponentlibrary\CyComponentLibrary.cylib\BLE_v2_20\Library\gccCyBLEStack_BLE_SOC_PERIPHERAL.a(transport_sf.o)
                0x00003044                pf_hci_soft_transport_write

i.pf_soft_hci_transport_init
                0x00003088        0xc
 i.pf_soft_hci_transport_init
                0x00003088        0xc C:\Program Files (x86)\Cypress\PSoC Creator\3.3\PSoC Creator\psoc\content\cycomponentlibrary\CyComponentLibrary.cylib\BLE_v2_20\Library\gccCyBLEStack_BLE_SOC_PERIPHERAL.a(transport_sf.o)
                0x00003088                pf_soft_hci_transport_init

i.CyBleStackMgr_GetTime
                0x00003094       0x14
 i.CyBleStackMgr_GetTime
                0x00003094       0x14 C:\Program Files (x86)\Cypress\PSoC Creator\3.3\PSoC Creator\psoc\content\cycomponentlibrary\CyComponentLibrary.cylib\BLE_v2_20\Library\gccCyBLEStack_BLE_SOC_PERIPHERAL.a(CyBleStackMgr_PSoCHal.o)
                0x00003094                CyBleStackMgr_GetTime

i.CyBleStackMgr_HalInit
                0x000030a8       0x24
 i.CyBleStackMgr_HalInit
                0x000030a8       0x24 C:\Program Files (x86)\Cypress\PSoC Creator\3.3\PSoC Creator\psoc\content\cycomponentlibrary\CyComponentLibrary.cylib\BLE_v2_20\Library\gccCyBLEStack_BLE_SOC_PERIPHERAL.a(CyBleStackMgr_PSoCHal.o)
                0x000030a8                CyBleStackMgr_HalInit

i.CyBleStackMgr_HalIntrEnable
                0x000030cc        0x8
 i.CyBleStackMgr_HalIntrEnable
                0x000030cc        0x8 C:\Program Files (x86)\Cypress\PSoC Creator\3.3\PSoC Creator\psoc\content\cycomponentlibrary\CyComponentLibrary.cylib\BLE_v2_20\Library\gccCyBLEStack_BLE_SOC_PERIPHERAL.a(CyBleStackMgr_PSoCHal.o)
                0x000030cc                CyBleStackMgr_HalIntrEnable

i.CyBleStackMgr_HandleLinkLayerTick
                0x000030d4       0x5c
 i.CyBleStackMgr_HandleLinkLayerTick
                0x000030d4       0x5c C:\Program Files (x86)\Cypress\PSoC Creator\3.3\PSoC Creator\psoc\content\cycomponentlibrary\CyComponentLibrary.cylib\BLE_v2_20\Library\gccCyBLEStack_BLE_SOC_PERIPHERAL.a(CyBleStackMgr_PSoCHal.o)
                0x000030d4                CyBleStackMgr_HandleLinkLayerTick

i.CyBleStackMgr_HciPortInit
                0x00003130        0xc
 i.CyBleStackMgr_HciPortInit
                0x00003130        0xc C:\Program Files (x86)\Cypress\PSoC Creator\3.3\PSoC Creator\psoc\content\cycomponentlibrary\CyComponentLibrary.cylib\BLE_v2_20\Library\gccCyBLEStack_BLE_SOC_PERIPHERAL.a(CyBleStackMgr_PSoCHal.o)
                0x00003130                CyBleStackMgr_HciPortInit

i.CyBleStackMgr_HciPortReset
                0x0000313c        0x2
 i.CyBleStackMgr_HciPortReset
                0x0000313c        0x2 C:\Program Files (x86)\Cypress\PSoC Creator\3.3\PSoC Creator\psoc\content\cycomponentlibrary\CyComponentLibrary.cylib\BLE_v2_20\Library\gccCyBLEStack_BLE_SOC_PERIPHERAL.a(CyBleStackMgr_PSoCHal.o)
                0x0000313c                CyBleStackMgr_HciPortReset

i.CyBleStackMgr_HciPortWrite
                0x0000313e        0x8
 i.CyBleStackMgr_HciPortWrite
                0x0000313e        0x8 C:\Program Files (x86)\Cypress\PSoC Creator\3.3\PSoC Creator\psoc\content\cycomponentlibrary\CyComponentLibrary.cylib\BLE_v2_20\Library\gccCyBLEStack_BLE_SOC_PERIPHERAL.a(CyBleStackMgr_PSoCHal.o)
                0x0000313e                CyBleStackMgr_HciPortWrite

i.CyBleStackMgr_ResetLinkLayerTimerEntity
                0x00003148       0x14
 i.CyBleStackMgr_ResetLinkLayerTimerEntity
                0x00003148       0x14 C:\Program Files (x86)\Cypress\PSoC Creator\3.3\PSoC Creator\psoc\content\cycomponentlibrary\CyComponentLibrary.cylib\BLE_v2_20\Library\gccCyBLEStack_BLE_SOC_PERIPHERAL.a(CyBleStackMgr_PSoCHal.o)
                0x00003148                CyBleStackMgr_ResetLinkLayerTimerEntity

i.CyBleStackMgr_TimerStart
                0x0000315c       0x2c
 i.CyBleStackMgr_TimerStart
                0x0000315c       0x2c C:\Program Files (x86)\Cypress\PSoC Creator\3.3\PSoC Creator\psoc\content\cycomponentlibrary\CyComponentLibrary.cylib\BLE_v2_20\Library\gccCyBLEStack_BLE_SOC_PERIPHERAL.a(CyBleStackMgr_PSoCHal.o)
                0x0000315c                CyBleStackMgr_TimerStart

i.CyBleStackMgr_TimerStop
                0x00003188       0x18
 i.CyBleStackMgr_TimerStop
                0x00003188       0x18 C:\Program Files (x86)\Cypress\PSoC Creator\3.3\PSoC Creator\psoc\content\cycomponentlibrary\CyComponentLibrary.cylib\BLE_v2_20\Library\gccCyBLEStack_BLE_SOC_PERIPHERAL.a(CyBleStackMgr_PSoCHal.o)
                0x00003188                CyBleStackMgr_TimerStop

i.CyBleStackMgr_isTimerRunning
                0x000031a0       0x10
 i.CyBleStackMgr_isTimerRunning
                0x000031a0       0x10 C:\Program Files (x86)\Cypress\PSoC Creator\3.3\PSoC Creator\psoc\content\cycomponentlibrary\CyComponentLibrary.cylib\BLE_v2_20\Library\gccCyBLEStack_BLE_SOC_PERIPHERAL.a(CyBleStackMgr_PSoCHal.o)
                0x000031a0                CyBleStackMgr_isTimerRunning

i.CyBleAtlantisRadioInit
                0x000031b0      0x110
 i.CyBleAtlantisRadioInit
                0x000031b0      0x110 C:\Program Files (x86)\Cypress\PSoC Creator\3.3\PSoC Creator\psoc\content\cycomponentlibrary\CyComponentLibrary.cylib\BLE_v2_20\Library\gccCyBLEStack_BLE_SOC_PERIPHERAL.a(CyBleStackMgr_BleSSDriver.o)

i.CyBleStackMgr_BleSSFifoRead
                0x000032c0       0x38
 i.CyBleStackMgr_BleSSFifoRead
                0x000032c0       0x38 C:\Program Files (x86)\Cypress\PSoC Creator\3.3\PSoC Creator\psoc\content\cycomponentlibrary\CyComponentLibrary.cylib\BLE_v2_20\Library\gccCyBLEStack_BLE_SOC_PERIPHERAL.a(CyBleStackMgr_BleSSDriver.o)
                0x000032c0                CyBleStackMgr_BleSSFifoRead

i.CyBleStackMgr_BleSSFifoWrite
                0x000032f8       0x30
 i.CyBleStackMgr_BleSSFifoWrite
                0x000032f8       0x30 C:\Program Files (x86)\Cypress\PSoC Creator\3.3\PSoC Creator\psoc\content\cycomponentlibrary\CyComponentLibrary.cylib\BLE_v2_20\Library\gccCyBLEStack_BLE_SOC_PERIPHERAL.a(CyBleStackMgr_BleSSDriver.o)
                0x000032f8                CyBleStackMgr_BleSSFifoWrite

i.CyBleStackMgr_BleSSInit
                0x00003328       0x50
 i.CyBleStackMgr_BleSSInit
                0x00003328       0x50 C:\Program Files (x86)\Cypress\PSoC Creator\3.3\PSoC Creator\psoc\content\cycomponentlibrary\CyComponentLibrary.cylib\BLE_v2_20\Library\gccCyBLEStack_BLE_SOC_PERIPHERAL.a(CyBleStackMgr_BleSSDriver.o)
                0x00003328                CyBleStackMgr_BleSSInit

i.CyBleStackMgr_BleSSMemRead
                0x00003378       0x26
 i.CyBleStackMgr_BleSSMemRead
                0x00003378       0x26 C:\Program Files (x86)\Cypress\PSoC Creator\3.3\PSoC Creator\psoc\content\cycomponentlibrary\CyComponentLibrary.cylib\BLE_v2_20\Library\gccCyBLEStack_BLE_SOC_PERIPHERAL.a(CyBleStackMgr_BleSSDriver.o)
                0x00003378                CyBleStackMgr_BleSSMemRead

i.CyBleStackMgr_BleSSMemWrite
                0x000033a0       0x34
 i.CyBleStackMgr_BleSSMemWrite
                0x000033a0       0x34 C:\Program Files (x86)\Cypress\PSoC Creator\3.3\PSoC Creator\psoc\content\cycomponentlibrary\CyComponentLibrary.cylib\BLE_v2_20\Library\gccCyBLEStack_BLE_SOC_PERIPHERAL.a(CyBleStackMgr_BleSSDriver.o)
                0x000033a0                CyBleStackMgr_BleSSMemWrite

i.CyBleStackMgr_BleSSRegRead
                0x000033d4        0xc
 i.CyBleStackMgr_BleSSRegRead
                0x000033d4        0xc C:\Program Files (x86)\Cypress\PSoC Creator\3.3\PSoC Creator\psoc\content\cycomponentlibrary\CyComponentLibrary.cylib\BLE_v2_20\Library\gccCyBLEStack_BLE_SOC_PERIPHERAL.a(CyBleStackMgr_BleSSDriver.o)
                0x000033d4                CyBleStackMgr_BleSSRegRead

i.CyBleStackMgr_BleSSRegWrite
                0x000033e0        0xc
 i.CyBleStackMgr_BleSSRegWrite
                0x000033e0        0xc C:\Program Files (x86)\Cypress\PSoC Creator\3.3\PSoC Creator\psoc\content\cycomponentlibrary\CyComponentLibrary.cylib\BLE_v2_20\Library\gccCyBLEStack_BLE_SOC_PERIPHERAL.a(CyBleStackMgr_BleSSDriver.o)
                0x000033e0                CyBleStackMgr_BleSSRegWrite

i.CyBleStackMgr_BleSSReset
                0x000033ec       0x38
 i.CyBleStackMgr_BleSSReset
                0x000033ec       0x38 C:\Program Files (x86)\Cypress\PSoC Creator\3.3\PSoC Creator\psoc\content\cycomponentlibrary\CyComponentLibrary.cylib\BLE_v2_20\Library\gccCyBLEStack_BLE_SOC_PERIPHERAL.a(CyBleStackMgr_BleSSDriver.o)
                0x000033ec                CyBleStackMgr_BleSSReset

i.CyBleStackMgr_GenericIface
                0x00003424       0x3c
 i.CyBleStackMgr_GenericIface
                0x00003424       0x3c C:\Program Files (x86)\Cypress\PSoC Creator\3.3\PSoC Creator\psoc\content\cycomponentlibrary\CyComponentLibrary.cylib\BLE_v2_20\Library\gccCyBLEStack_BLE_SOC_PERIPHERAL.a(CyBleStackMgr_BleSSDriver.o)
                0x00003424                CyBleStackMgr_GenericIface

i.CyBleStackMgr_HandleBleSSIntr
                0x00003460       0x90
 i.CyBleStackMgr_HandleBleSSIntr
                0x00003460       0x90 C:\Program Files (x86)\Cypress\PSoC Creator\3.3\PSoC Creator\psoc\content\cycomponentlibrary\CyComponentLibrary.cylib\BLE_v2_20\Library\gccCyBLEStack_BLE_SOC_PERIPHERAL.a(CyBleStackMgr_BleSSDriver.o)
                0x00003460                CyBleStackMgr_HandleBleSSIntr

i.CyBleStackMgr_SetClockParam
                0x000034f0       0xb4
 i.CyBleStackMgr_SetClockParam
                0x000034f0       0xb4 C:\Program Files (x86)\Cypress\PSoC Creator\3.3\PSoC Creator\psoc\content\cycomponentlibrary\CyComponentLibrary.cylib\BLE_v2_20\Library\gccCyBLEStack_BLE_SOC_PERIPHERAL.a(CyBleStackMgr_BleSSDriver.o)

i.CyBle_ExitDsmMode
                0x000035a4       0x2c
 i.CyBle_ExitDsmMode
                0x000035a4       0x2c C:\Program Files (x86)\Cypress\PSoC Creator\3.3\PSoC Creator\psoc\content\cycomponentlibrary\CyComponentLibrary.cylib\BLE_v2_20\Library\gccCyBLEStack_BLE_SOC_PERIPHERAL.a(CyBleStackMgr_BleSSDriver.o)
                0x000035a4                CyBle_ExitDsmMode

i.CyBle_GetBleSsOperationalMode
                0x000035d0        0xc
 i.CyBle_GetBleSsOperationalMode
                0x000035d0        0xc C:\Program Files (x86)\Cypress\PSoC Creator\3.3\PSoC Creator\psoc\content\cycomponentlibrary\CyComponentLibrary.cylib\BLE_v2_20\Library\gccCyBLEStack_BLE_SOC_PERIPHERAL.a(CyBleStackMgr_BleSSDriver.o)
                0x000035d0                CyBle_GetBleSsOperationalMode

i.CyBle_GetLpMode
                0x000035dc       0x26
 i.CyBle_GetLpMode
                0x000035dc       0x26 C:\Program Files (x86)\Cypress\PSoC Creator\3.3\PSoC Creator\psoc\content\cycomponentlibrary\CyComponentLibrary.cylib\BLE_v2_20\Library\gccCyBLEStack_BLE_SOC_PERIPHERAL.a(CyBleStackMgr_BleSSDriver.o)
                0x000035dc                CyBle_GetLpMode

i.CyBle_GetTxGainMode
                0x00003604       0x2c
 i.CyBle_GetTxGainMode
                0x00003604       0x2c C:\Program Files (x86)\Cypress\PSoC Creator\3.3\PSoC Creator\psoc\content\cycomponentlibrary\CyComponentLibrary.cylib\BLE_v2_20\Library\gccCyBLEStack_BLE_SOC_PERIPHERAL.a(CyBleStackMgr_BleSSDriver.o)
                0x00003604                CyBle_GetTxGainMode

i.CyBle_SetBleSsOperationalMode
                0x00003630       0x20
 i.CyBle_SetBleSsOperationalMode
                0x00003630       0x20 C:\Program Files (x86)\Cypress\PSoC Creator\3.3\PSoC Creator\psoc\content\cycomponentlibrary\CyComponentLibrary.cylib\BLE_v2_20\Library\gccCyBLEStack_BLE_SOC_PERIPHERAL.a(CyBleStackMgr_BleSSDriver.o)
                0x00003630                CyBle_SetBleSsOperationalMode

i.CyBle_SetEventCloseState
                0x00003650        0xc
 i.CyBle_SetEventCloseState
                0x00003650        0xc C:\Program Files (x86)\Cypress\PSoC Creator\3.3\PSoC Creator\psoc\content\cycomponentlibrary\CyComponentLibrary.cylib\BLE_v2_20\Library\gccCyBLEStack_BLE_SOC_PERIPHERAL.a(CyBleStackMgr_BleSSDriver.o)
                0x00003650                CyBle_SetEventCloseState

i.CyBle_SetRxGainMode
                0x0000365c       0x20
 i.CyBle_SetRxGainMode
                0x0000365c       0x20 C:\Program Files (x86)\Cypress\PSoC Creator\3.3\PSoC Creator\psoc\content\cycomponentlibrary\CyComponentLibrary.cylib\BLE_v2_20\Library\gccCyBLEStack_BLE_SOC_PERIPHERAL.a(CyBleStackMgr_BleSSDriver.o)
                0x0000365c                CyBle_SetRxGainMode

i.CyBle_SetTxGainMode
                0x0000367c       0x38
 i.CyBle_SetTxGainMode
                0x0000367c       0x38 C:\Program Files (x86)\Cypress\PSoC Creator\3.3\PSoC Creator\psoc\content\cycomponentlibrary\CyComponentLibrary.cylib\BLE_v2_20\Library\gccCyBLEStack_BLE_SOC_PERIPHERAL.a(CyBleStackMgr_BleSSDriver.o)
                0x0000367c                CyBle_SetTxGainMode

i.pf_rf_get_abs_rssi
                0x000036b4       0x24
 i.pf_rf_get_abs_rssi
                0x000036b4       0x24 C:\Program Files (x86)\Cypress\PSoC Creator\3.3\PSoC Creator\psoc\content\cycomponentlibrary\CyComponentLibrary.cylib\BLE_v2_20\Library\gccCyBLEStack_BLE_SOC_PERIPHERAL.a(CyBleStackMgr_BleSSDriver.o)
                0x000036b4                pf_rf_get_abs_rssi

i.BleStackFlashStorageInit
                0x000036d8       0x74
 i.BleStackFlashStorageInit
                0x000036d8       0x74 C:\Program Files (x86)\Cypress\PSoC Creator\3.3\PSoC Creator\psoc\content\cycomponentlibrary\CyComponentLibrary.cylib\BLE_v2_20\Library\gccCyBLEStack_BLE_SOC_PERIPHERAL.a(storage_pl.o)
                0x000036d8                BleStackFlashStorageInit

i.BleStackWriteToFlashPending
                0x0000374c       0x24
 i.BleStackWriteToFlashPending
                0x0000374c       0x24 C:\Program Files (x86)\Cypress\PSoC Creator\3.3\PSoC Creator\psoc\content\cycomponentlibrary\CyComponentLibrary.cylib\BLE_v2_20\Library\gccCyBLEStack_BLE_SOC_PERIPHERAL.a(storage_pl.o)
                0x0000374c                BleStackWriteToFlashPending

i.BleStackWriteToFlashRam
                0x00003770       0x70
 i.BleStackWriteToFlashRam
                0x00003770       0x70 C:\Program Files (x86)\Cypress\PSoC Creator\3.3\PSoC Creator\psoc\content\cycomponentlibrary\CyComponentLibrary.cylib\BLE_v2_20\Library\gccCyBLEStack_BLE_SOC_PERIPHERAL.a(storage_pl.o)
                0x00003770                BleStackWriteToFlashRam

i.storage_bt_init_pl
                0x000037e0       0x28
 i.storage_bt_init_pl
                0x000037e0       0x28 C:\Program Files (x86)\Cypress\PSoC Creator\3.3\PSoC Creator\psoc\content\cycomponentlibrary\CyComponentLibrary.cylib\BLE_v2_20\Library\gccCyBLEStack_BLE_SOC_PERIPHERAL.a(storage_pl.o)
                0x000037e0                storage_bt_init_pl

i.storage_close_pl
                0x00003808        0x4
 i.storage_close_pl
                0x00003808        0x4 C:\Program Files (x86)\Cypress\PSoC Creator\3.3\PSoC Creator\psoc\content\cycomponentlibrary\CyComponentLibrary.cylib\BLE_v2_20\Library\gccCyBLEStack_BLE_SOC_PERIPHERAL.a(storage_pl.o)
                0x00003808                storage_close_pl

i.storage_open_pl
                0x0000380c       0x1c
 i.storage_open_pl
                0x0000380c       0x1c C:\Program Files (x86)\Cypress\PSoC Creator\3.3\PSoC Creator\psoc\content\cycomponentlibrary\CyComponentLibrary.cylib\BLE_v2_20\Library\gccCyBLEStack_BLE_SOC_PERIPHERAL.a(storage_pl.o)
                0x0000380c                storage_open_pl

i.storage_read_pl
                0x00003828       0x28
 i.storage_read_pl
                0x00003828       0x28 C:\Program Files (x86)\Cypress\PSoC Creator\3.3\PSoC Creator\psoc\content\cycomponentlibrary\CyComponentLibrary.cylib\BLE_v2_20\Library\gccCyBLEStack_BLE_SOC_PERIPHERAL.a(storage_pl.o)
                0x00003828                storage_read_pl

i.storage_read_signature_pl
                0x00003850       0x2c
 i.storage_read_signature_pl
                0x00003850       0x2c C:\Program Files (x86)\Cypress\PSoC Creator\3.3\PSoC Creator\psoc\content\cycomponentlibrary\CyComponentLibrary.cylib\BLE_v2_20\Library\gccCyBLEStack_BLE_SOC_PERIPHERAL.a(storage_pl.o)
                0x00003850                storage_read_signature_pl

i.storage_register_flash_pointer
                0x0000387c       0x20
 i.storage_register_flash_pointer
                0x0000387c       0x20 C:\Program Files (x86)\Cypress\PSoC Creator\3.3\PSoC Creator\psoc\content\cycomponentlibrary\CyComponentLibrary.cylib\BLE_v2_20\Library\gccCyBLEStack_BLE_SOC_PERIPHERAL.a(storage_pl.o)
                0x0000387c                storage_register_flash_pointer

i.storage_reset_storage_offset
                0x0000389c       0x10
 i.storage_reset_storage_offset
                0x0000389c       0x10 C:\Program Files (x86)\Cypress\PSoC Creator\3.3\PSoC Creator\psoc\content\cycomponentlibrary\CyComponentLibrary.cylib\BLE_v2_20\Library\gccCyBLEStack_BLE_SOC_PERIPHERAL.a(storage_pl.o)

i.storage_write_pl
                0x000038ac       0x24
 i.storage_write_pl
                0x000038ac       0x24 C:\Program Files (x86)\Cypress\PSoC Creator\3.3\PSoC Creator\psoc\content\cycomponentlibrary\CyComponentLibrary.cylib\BLE_v2_20\Library\gccCyBLEStack_BLE_SOC_PERIPHERAL.a(storage_pl.o)
                0x000038ac                storage_write_pl

i.storage_write_signature_pl
                0x000038d0       0x14
 i.storage_write_signature_pl
                0x000038d0       0x14 C:\Program Files (x86)\Cypress\PSoC Creator\3.3\PSoC Creator\psoc\content\cycomponentlibrary\CyComponentLibrary.cylib\BLE_v2_20\Library\gccCyBLEStack_BLE_SOC_PERIPHERAL.a(storage_pl.o)
                0x000038d0                storage_write_signature_pl

i.OS_init       0x000038e4       0x64
 i.OS_init      0x000038e4       0x64 C:\Program Files (x86)\Cypress\PSoC Creator\3.3\PSoC Creator\psoc\content\cycomponentlibrary\CyComponentLibrary.cylib\BLE_v2_20\Library\gccCyBLEStack_BLE_SOC_PERIPHERAL.a(mint_os.o)
                0x000038e4                OS_init

i.mintos_malloc
                0x00003948       0x34
 i.mintos_malloc
                0x00003948       0x34 C:\Program Files (x86)\Cypress\PSoC Creator\3.3\PSoC Creator\psoc\content\cycomponentlibrary\CyComponentLibrary.cylib\BLE_v2_20\Library\gccCyBLEStack_BLE_SOC_PERIPHERAL.a(mint_os.o)
                0x00003948                mintos_malloc

i.OS_create_queue
                0x0000397c       0x64
 i.OS_create_queue
                0x0000397c       0x64 C:\Program Files (x86)\Cypress\PSoC Creator\3.3\PSoC Creator\psoc\content\cycomponentlibrary\CyComponentLibrary.cylib\BLE_v2_20\Library\gccCyBLEStack_BLE_SOC_PERIPHERAL.a(mint_os_queue.o)
                0x0000397c                OS_create_queue

i.OS_enqueue_item
                0x000039e0       0x8c
 i.OS_enqueue_item
                0x000039e0       0x8c C:\Program Files (x86)\Cypress\PSoC Creator\3.3\PSoC Creator\psoc\content\cycomponentlibrary\CyComponentLibrary.cylib\BLE_v2_20\Library\gccCyBLEStack_BLE_SOC_PERIPHERAL.a(mint_os_queue.o)
                0x000039e0                OS_enqueue_item

i.OS_queue_get_num_of_items
                0x00003a6c       0x28
 i.OS_queue_get_num_of_items
                0x00003a6c       0x28 C:\Program Files (x86)\Cypress\PSoC Creator\3.3\PSoC Creator\psoc\content\cycomponentlibrary\CyComponentLibrary.cylib\BLE_v2_20\Library\gccCyBLEStack_BLE_SOC_PERIPHERAL.a(mint_os_queue.o)
                0x00003a6c                OS_queue_get_num_of_items

i.OS_queue_mgmt_init
                0x00003a94       0x40
 i.OS_queue_mgmt_init
                0x00003a94       0x40 C:\Program Files (x86)\Cypress\PSoC Creator\3.3\PSoC Creator\psoc\content\cycomponentlibrary\CyComponentLibrary.cylib\BLE_v2_20\Library\gccCyBLEStack_BLE_SOC_PERIPHERAL.a(mint_os_queue.o)
                0x00003a94                OS_queue_mgmt_init

i.OS_remove_item
                0x00003ad4       0xa0
 i.OS_remove_item
                0x00003ad4       0xa0 C:\Program Files (x86)\Cypress\PSoC Creator\3.3\PSoC Creator\psoc\content\cycomponentlibrary\CyComponentLibrary.cylib\BLE_v2_20\Library\gccCyBLEStack_BLE_SOC_PERIPHERAL.a(mint_os_queue.o)
                0x00003ad4                OS_remove_item

i.OS_create_task
                0x00003b74       0x88
 i.OS_create_task
                0x00003b74       0x88 C:\Program Files (x86)\Cypress\PSoC Creator\3.3\PSoC Creator\psoc\content\cycomponentlibrary\CyComponentLibrary.cylib\BLE_v2_20\Library\gccCyBLEStack_BLE_SOC_PERIPHERAL.a(mint_os_task.o)
                0x00003b74                OS_create_task

i.OS_isr_send_signal_to_task
                0x00003bfc        0xc
 i.OS_isr_send_signal_to_task
                0x00003bfc        0xc C:\Program Files (x86)\Cypress\PSoC Creator\3.3\PSoC Creator\psoc\content\cycomponentlibrary\CyComponentLibrary.cylib\BLE_v2_20\Library\gccCyBLEStack_BLE_SOC_PERIPHERAL.a(mint_os_task.o)
                0x00003bfc                OS_isr_send_signal_to_task

i.OS_scheduler  0x00003c08       0x64
 i.OS_scheduler
                0x00003c08       0x64 C:\Program Files (x86)\Cypress\PSoC Creator\3.3\PSoC Creator\psoc\content\cycomponentlibrary\CyComponentLibrary.cylib\BLE_v2_20\Library\gccCyBLEStack_BLE_SOC_PERIPHERAL.a(mint_os_task.o)
                0x00003c08                OS_scheduler

i.OS_send_signal_to_task
                0x00003c6c        0xc
 i.OS_send_signal_to_task
                0x00003c6c        0xc C:\Program Files (x86)\Cypress\PSoC Creator\3.3\PSoC Creator\psoc\content\cycomponentlibrary\CyComponentLibrary.cylib\BLE_v2_20\Library\gccCyBLEStack_BLE_SOC_PERIPHERAL.a(mint_os_task.o)
                0x00003c6c                OS_send_signal_to_task

i.OS_send_signal_to_task_context
                0x00003c78       0x3c
 i.OS_send_signal_to_task_context
                0x00003c78       0x3c C:\Program Files (x86)\Cypress\PSoC Creator\3.3\PSoC Creator\psoc\content\cycomponentlibrary\CyComponentLibrary.cylib\BLE_v2_20\Library\gccCyBLEStack_BLE_SOC_PERIPHERAL.a(mint_os_task.o)

i.OS_task_mgmt_init
                0x00003cb4       0x50
 i.OS_task_mgmt_init
                0x00003cb4       0x50 C:\Program Files (x86)\Cypress\PSoC Creator\3.3\PSoC Creator\psoc\content\cycomponentlibrary\CyComponentLibrary.cylib\BLE_v2_20\Library\gccCyBLEStack_BLE_SOC_PERIPHERAL.a(mint_os_task.o)
                0x00003cb4                OS_task_mgmt_init

i.mint_buf_mgmt_allocate_buffer
                0x00003d04       0x4c
 i.mint_buf_mgmt_allocate_buffer
                0x00003d04       0x4c C:\Program Files (x86)\Cypress\PSoC Creator\3.3\PSoC Creator\psoc\content\cycomponentlibrary\CyComponentLibrary.cylib\BLE_v2_20\Library\gccCyBLEStack_BLE_SOC_PERIPHERAL.a(mint_buf_mgmt.o)
                0x00003d04                mint_buf_mgmt_allocate_buffer

i.mint_buf_mgmt_create_pool
                0x00003d50       0xd0
 i.mint_buf_mgmt_create_pool
                0x00003d50       0xd0 C:\Program Files (x86)\Cypress\PSoC Creator\3.3\PSoC Creator\psoc\content\cycomponentlibrary\CyComponentLibrary.cylib\BLE_v2_20\Library\gccCyBLEStack_BLE_SOC_PERIPHERAL.a(mint_buf_mgmt.o)
                0x00003d50                mint_buf_mgmt_create_pool

i.mint_buf_mgmt_free_buffer
                0x00003e20       0xa4
 i.mint_buf_mgmt_free_buffer
                0x00003e20       0xa4 C:\Program Files (x86)\Cypress\PSoC Creator\3.3\PSoC Creator\psoc\content\cycomponentlibrary\CyComponentLibrary.cylib\BLE_v2_20\Library\gccCyBLEStack_BLE_SOC_PERIPHERAL.a(mint_buf_mgmt.o)
                0x00003e20                mint_buf_mgmt_free_buffer

i.mint_buf_mgmt_init
                0x00003ec4       0x44
 i.mint_buf_mgmt_init
                0x00003ec4       0x44 C:\Program Files (x86)\Cypress\PSoC Creator\3.3\PSoC Creator\psoc\content\cycomponentlibrary\CyComponentLibrary.cylib\BLE_v2_20\Library\gccCyBLEStack_BLE_SOC_PERIPHERAL.a(mint_buf_mgmt.o)
                0x00003ec4                mint_buf_mgmt_init

i.mint_buf_mgmt_malloc
                0x00003f08       0x2c
 i.mint_buf_mgmt_malloc
                0x00003f08       0x2c C:\Program Files (x86)\Cypress\PSoC Creator\3.3\PSoC Creator\psoc\content\cycomponentlibrary\CyComponentLibrary.cylib\BLE_v2_20\Library\gccCyBLEStack_BLE_SOC_PERIPHERAL.a(mint_buf_mgmt.o)
                0x00003f08                mint_buf_mgmt_malloc

i.mint_buf_mgmt_pl_init
                0x00003f34       0x48
 i.mint_buf_mgmt_pl_init
                0x00003f34       0x48 C:\Program Files (x86)\Cypress\PSoC Creator\3.3\PSoC Creator\psoc\content\cycomponentlibrary\CyComponentLibrary.cylib\BLE_v2_20\Library\gccCyBLEStack_BLE_SOC_PERIPHERAL.a(mint_buf_mgmt.o)
                0x00003f34                mint_buf_mgmt_pl_init

i.mint_buf_mgmt_reset_pool
                0x00003f7c       0x70
 i.mint_buf_mgmt_reset_pool
                0x00003f7c       0x70 C:\Program Files (x86)\Cypress\PSoC Creator\3.3\PSoC Creator\psoc\content\cycomponentlibrary\CyComponentLibrary.cylib\BLE_v2_20\Library\gccCyBLEStack_BLE_SOC_PERIPHERAL.a(mint_buf_mgmt.o)
                0x00003f7c                mint_buf_mgmt_reset_pool

i.mint_buf_mgmt_stack_init
                0x00003fec       0x24
 i.mint_buf_mgmt_stack_init
                0x00003fec       0x24 C:\Program Files (x86)\Cypress\PSoC Creator\3.3\PSoC Creator\psoc\content\cycomponentlibrary\CyComponentLibrary.cylib\BLE_v2_20\Library\gccCyBLEStack_BLE_SOC_PERIPHERAL.a(mint_buf_mgmt.o)
                0x00003fec                mint_buf_mgmt_stack_init

i.mint_buf_mgmt_stack_pop
                0x00004010       0x36
 i.mint_buf_mgmt_stack_pop
                0x00004010       0x36 C:\Program Files (x86)\Cypress\PSoC Creator\3.3\PSoC Creator\psoc\content\cycomponentlibrary\CyComponentLibrary.cylib\BLE_v2_20\Library\gccCyBLEStack_BLE_SOC_PERIPHERAL.a(mint_buf_mgmt.o)
                0x00004010                mint_buf_mgmt_stack_pop

i.mint_buf_mgmt_stack_push
                0x00004046       0x36
 i.mint_buf_mgmt_stack_push
                0x00004046       0x36 C:\Program Files (x86)\Cypress\PSoC Creator\3.3\PSoC Creator\psoc\content\cycomponentlibrary\CyComponentLibrary.cylib\BLE_v2_20\Library\gccCyBLEStack_BLE_SOC_PERIPHERAL.a(mint_buf_mgmt.o)
                0x00004046                mint_buf_mgmt_stack_push

i.mint_buf_mgmt_stack_reset
                0x0000407c       0x1e
 i.mint_buf_mgmt_stack_reset
                0x0000407c       0x1e C:\Program Files (x86)\Cypress\PSoC Creator\3.3\PSoC Creator\psoc\content\cycomponentlibrary\CyComponentLibrary.cylib\BLE_v2_20\Library\gccCyBLEStack_BLE_SOC_PERIPHERAL.a(mint_buf_mgmt.o)
                0x0000407c                mint_buf_mgmt_stack_reset

i.mint_buf_mgmt_stack_search_item
                0x0000409a       0x30
 i.mint_buf_mgmt_stack_search_item
                0x0000409a       0x30 C:\Program Files (x86)\Cypress\PSoC Creator\3.3\PSoC Creator\psoc\content\cycomponentlibrary\CyComponentLibrary.cylib\BLE_v2_20\Library\gccCyBLEStack_BLE_SOC_PERIPHERAL.a(mint_buf_mgmt.o)
                0x0000409a                mint_buf_mgmt_stack_search_item

i.CyBleControllerIP_GetPingState
                0x000040cc        0xc
 i.CyBleControllerIP_GetPingState
                0x000040cc        0xc C:\Program Files (x86)\Cypress\PSoC Creator\3.3\PSoC Creator\psoc\content\cycomponentlibrary\CyComponentLibrary.cylib\BLE_v2_20\Library\gccCyBLEStack_BLE_SOC_PERIPHERAL.a(CyBleControllerIP_Interface.o)
                0x000040cc                CyBleControllerIP_GetPingState

i.CyBleController_AddDeviceToWhiteList
                0x000040d8       0x40
 i.CyBleController_AddDeviceToWhiteList
                0x000040d8       0x40 C:\Program Files (x86)\Cypress\PSoC Creator\3.3\PSoC Creator\psoc\content\cycomponentlibrary\CyComponentLibrary.cylib\BLE_v2_20\Library\gccCyBLEStack_BLE_SOC_PERIPHERAL.a(CyBleControllerIP_Interface.o)
                0x000040d8                CyBleController_AddDeviceToWhiteList

i.CyBleController_ExitLowPowerMode
                0x00004118       0x10
 i.CyBleController_ExitLowPowerMode
                0x00004118       0x10 C:\Program Files (x86)\Cypress\PSoC Creator\3.3\PSoC Creator\psoc\content\cycomponentlibrary\CyComponentLibrary.cylib\BLE_v2_20\Library\gccCyBLEStack_BLE_SOC_PERIPHERAL.a(CyBleControllerIP_Interface.o)
                0x00004118                CyBleController_ExitLowPowerMode

i.CyBleController_Init
                0x00004128       0x32
 i.CyBleController_Init
                0x00004128       0x32 C:\Program Files (x86)\Cypress\PSoC Creator\3.3\PSoC Creator\psoc\content\cycomponentlibrary\CyComponentLibrary.cylib\BLE_v2_20\Library\gccCyBLEStack_BLE_SOC_PERIPHERAL.a(CyBleControllerIP_Interface.o)
                0x00004128                CyBleController_Init

i.CyBleController_SetDeviceAddress
                0x0000415a       0x2e
 i.CyBleController_SetDeviceAddress
                0x0000415a       0x2e C:\Program Files (x86)\Cypress\PSoC Creator\3.3\PSoC Creator\psoc\content\cycomponentlibrary\CyComponentLibrary.cylib\BLE_v2_20\Library\gccCyBLEStack_BLE_SOC_PERIPHERAL.a(CyBleControllerIP_Interface.o)
                0x0000415a                CyBleController_SetDeviceAddress

i.CyBle_GetTxPowerLevel
                0x00004188       0x4e
 i.CyBle_GetTxPowerLevel
                0x00004188       0x4e C:\Program Files (x86)\Cypress\PSoC Creator\3.3\PSoC Creator\psoc\content\cycomponentlibrary\CyComponentLibrary.cylib\BLE_v2_20\Library\gccCyBLEStack_BLE_SOC_PERIPHERAL.a(CyBleControllerIP_Interface.o)
                0x00004188                CyBle_GetTxPowerLevel

i.CyBle_SetTxPowerLevel
                0x000041d6       0x56
 i.CyBle_SetTxPowerLevel
                0x000041d6       0x56 C:\Program Files (x86)\Cypress\PSoC Creator\3.3\PSoC Creator\psoc\content\cycomponentlibrary\CyComponentLibrary.cylib\BLE_v2_20\Library\gccCyBLEStack_BLE_SOC_PERIPHERAL.a(CyBleControllerIP_Interface.o)
                0x000041d6                CyBle_SetTxPowerLevel

i.ll_check_and_mark_packet_ready_for_transmission
                0x0000422c       0x28
 i.ll_check_and_mark_packet_ready_for_transmission
                0x0000422c       0x28 C:\Program Files (x86)\Cypress\PSoC Creator\3.3\PSoC Creator\psoc\content\cycomponentlibrary\CyComponentLibrary.cylib\BLE_v2_20\Library\gccCyBLEStack_BLE_SOC_PERIPHERAL.a(ll.o)
                0x0000422c                ll_check_and_mark_packet_ready_for_transmission

i.ll_cleanup_pending_data_pdu
                0x00004254       0x38
 i.ll_cleanup_pending_data_pdu
                0x00004254       0x38 C:\Program Files (x86)\Cypress\PSoC Creator\3.3\PSoC Creator\psoc\content\cycomponentlibrary\CyComponentLibrary.cylib\BLE_v2_20\Library\gccCyBLEStack_BLE_SOC_PERIPHERAL.a(ll.o)
                0x00004254                ll_cleanup_pending_data_pdu

i.ll_exit_low_power_mode
                0x0000428c       0xac
 i.ll_exit_low_power_mode
                0x0000428c       0xac C:\Program Files (x86)\Cypress\PSoC Creator\3.3\PSoC Creator\psoc\content\cycomponentlibrary\CyComponentLibrary.cylib\BLE_v2_20\Library\gccCyBLEStack_BLE_SOC_PERIPHERAL.a(ll.o)
                0x0000428c                ll_exit_low_power_mode

i.ll_get_ack_status
                0x00004338       0x3c
 i.ll_get_ack_status
                0x00004338       0x3c C:\Program Files (x86)\Cypress\PSoC Creator\3.3\PSoC Creator\psoc\content\cycomponentlibrary\CyComponentLibrary.cylib\BLE_v2_20\Library\gccCyBLEStack_BLE_SOC_PERIPHERAL.a(ll.o)
                0x00004338                ll_get_ack_status

i.ll_get_adv_ch_tx_power
                0x00004374       0x20
 i.ll_get_adv_ch_tx_power
                0x00004374       0x20 C:\Program Files (x86)\Cypress\PSoC Creator\3.3\PSoC Creator\psoc\content\cycomponentlibrary\CyComponentLibrary.cylib\BLE_v2_20\Library\gccCyBLEStack_BLE_SOC_PERIPHERAL.a(ll.o)
                0x00004374                ll_get_adv_ch_tx_power

i.ll_get_data_channel_map
                0x00004394       0x24
 i.ll_get_data_channel_map
                0x00004394       0x24 C:\Program Files (x86)\Cypress\PSoC Creator\3.3\PSoC Creator\psoc\content\cycomponentlibrary\CyComponentLibrary.cylib\BLE_v2_20\Library\gccCyBLEStack_BLE_SOC_PERIPHERAL.a(ll.o)
                0x00004394                ll_get_data_channel_map

i.ll_get_max_white_list_size
                0x000043b8        0xc
 i.ll_get_max_white_list_size
                0x000043b8        0xc C:\Program Files (x86)\Cypress\PSoC Creator\3.3\PSoC Creator\psoc\content\cycomponentlibrary\CyComponentLibrary.cylib\BLE_v2_20\Library\gccCyBLEStack_BLE_SOC_PERIPHERAL.a(ll.o)
                0x000043b8                ll_get_max_white_list_size

i.ll_get_my_role
                0x000043c4        0xc
 i.ll_get_my_role
                0x000043c4        0xc C:\Program Files (x86)\Cypress\PSoC Creator\3.3\PSoC Creator\psoc\content\cycomponentlibrary\CyComponentLibrary.cylib\BLE_v2_20\Library\gccCyBLEStack_BLE_SOC_PERIPHERAL.a(ll.o)
                0x000043c4                ll_get_my_role

i.ll_get_next_available_fifo_for_data_pdu
                0x000043d0        0x8
 i.ll_get_next_available_fifo_for_data_pdu
                0x000043d0        0x8 C:\Program Files (x86)\Cypress\PSoC Creator\3.3\PSoC Creator\psoc\content\cycomponentlibrary\CyComponentLibrary.cylib\BLE_v2_20\Library\gccCyBLEStack_BLE_SOC_PERIPHERAL.a(ll.o)
                0x000043d0                ll_get_next_available_fifo_for_data_pdu

i.ll_get_next_available_fifo_for_ll_pdu
                0x000043d8       0x24
 i.ll_get_next_available_fifo_for_ll_pdu
                0x000043d8       0x24 C:\Program Files (x86)\Cypress\PSoC Creator\3.3\PSoC Creator\psoc\content\cycomponentlibrary\CyComponentLibrary.cylib\BLE_v2_20\Library\gccCyBLEStack_BLE_SOC_PERIPHERAL.a(ll.o)
                0x000043d8                ll_get_next_available_fifo_for_ll_pdu

i.ll_get_rssi_value
                0x000043fc       0x26
 i.ll_get_rssi_value
                0x000043fc       0x26 C:\Program Files (x86)\Cypress\PSoC Creator\3.3\PSoC Creator\psoc\content\cycomponentlibrary\CyComponentLibrary.cylib\BLE_v2_20\Library\gccCyBLEStack_BLE_SOC_PERIPHERAL.a(ll.o)
                0x000043fc                ll_get_rssi_value

i.ll_get_transmit_power_level
                0x00004424       0x2c
 i.ll_get_transmit_power_level
                0x00004424       0x2c C:\Program Files (x86)\Cypress\PSoC Creator\3.3\PSoC Creator\psoc\content\cycomponentlibrary\CyComponentLibrary.cylib\BLE_v2_20\Library\gccCyBLEStack_BLE_SOC_PERIPHERAL.a(ll.o)
                0x00004424                ll_get_transmit_power_level

i.ll_handle_ack_received
                0x00004450       0x74
 i.ll_handle_ack_received
                0x00004450       0x74 C:\Program Files (x86)\Cypress\PSoC Creator\3.3\PSoC Creator\psoc\content\cycomponentlibrary\CyComponentLibrary.cylib\BLE_v2_20\Library\gccCyBLEStack_BLE_SOC_PERIPHERAL.a(ll.o)
                0x00004450                ll_handle_ack_received

i.ll_handle_add_device_in_whitelist
                0x000044c4       0x3a
 i.ll_handle_add_device_in_whitelist
                0x000044c4       0x3a C:\Program Files (x86)\Cypress\PSoC Creator\3.3\PSoC Creator\psoc\content\cycomponentlibrary\CyComponentLibrary.cylib\BLE_v2_20\Library\gccCyBLEStack_BLE_SOC_PERIPHERAL.a(ll.o)
                0x000044c4                ll_handle_add_device_in_whitelist

i.ll_handle_clear_whitelist
                0x000044fe       0x16
 i.ll_handle_clear_whitelist
                0x000044fe       0x16 C:\Program Files (x86)\Cypress\PSoC Creator\3.3\PSoC Creator\psoc\content\cycomponentlibrary\CyComponentLibrary.cylib\BLE_v2_20\Library\gccCyBLEStack_BLE_SOC_PERIPHERAL.a(ll.o)
                0x000044fe                ll_handle_clear_whitelist

i.ll_handle_encrypt_host_data
                0x00004514       0x36
 i.ll_handle_encrypt_host_data
                0x00004514       0x36 C:\Program Files (x86)\Cypress\PSoC Creator\3.3\PSoC Creator\psoc\content\cycomponentlibrary\CyComponentLibrary.cylib\BLE_v2_20\Library\gccCyBLEStack_BLE_SOC_PERIPHERAL.a(ll.o)
                0x00004514                ll_handle_encrypt_host_data

i.ll_handle_host_data_packet
                0x0000454a       0x54
 i.ll_handle_host_data_packet
                0x0000454a       0x54 C:\Program Files (x86)\Cypress\PSoC Creator\3.3\PSoC Creator\psoc\content\cycomponentlibrary\CyComponentLibrary.cylib\BLE_v2_20\Library\gccCyBLEStack_BLE_SOC_PERIPHERAL.a(ll.o)
                0x0000454a                ll_handle_host_data_packet

i.ll_handle_read_host_channel_map
                0x0000459e        0x4
 i.ll_handle_read_host_channel_map
                0x0000459e        0x4 C:\Program Files (x86)\Cypress\PSoC Creator\3.3\PSoC Creator\psoc\content\cycomponentlibrary\CyComponentLibrary.cylib\BLE_v2_20\Library\gccCyBLEStack_BLE_SOC_PERIPHERAL.a(ll.o)
                0x0000459e                ll_handle_read_host_channel_map

i.ll_handle_remove_device_in_whitelist
                0x000045a2       0x2a
 i.ll_handle_remove_device_in_whitelist
                0x000045a2       0x2a C:\Program Files (x86)\Cypress\PSoC Creator\3.3\PSoC Creator\psoc\content\cycomponentlibrary\CyComponentLibrary.cylib\BLE_v2_20\Library\gccCyBLEStack_BLE_SOC_PERIPHERAL.a(ll.o)
                0x000045a2                ll_handle_remove_device_in_whitelist

i.ll_handle_reset
                0x000045cc        0xe
 i.ll_handle_reset
                0x000045cc        0xe C:\Program Files (x86)\Cypress\PSoC Creator\3.3\PSoC Creator\psoc\content\cycomponentlibrary\CyComponentLibrary.cylib\BLE_v2_20\Library\gccCyBLEStack_BLE_SOC_PERIPHERAL.a(ll.o)
                0x000045cc                ll_handle_reset

i.ll_handle_set_random_address
                0x000045da       0x36
 i.ll_handle_set_random_address
                0x000045da       0x36 C:\Program Files (x86)\Cypress\PSoC Creator\3.3\PSoC Creator\psoc\content\cycomponentlibrary\CyComponentLibrary.cylib\BLE_v2_20\Library\gccCyBLEStack_BLE_SOC_PERIPHERAL.a(ll.o)
                0x000045da                ll_handle_set_random_address

i.ll_init       0x00004610       0x18
 i.ll_init      0x00004610       0x18 C:\Program Files (x86)\Cypress\PSoC Creator\3.3\PSoC Creator\psoc\content\cycomponentlibrary\CyComponentLibrary.cylib\BLE_v2_20\Library\gccCyBLEStack_BLE_SOC_PERIPHERAL.a(ll.o)
                0x00004610                ll_init

i.ll_initialize_device_attributes
                0x00004628       0x4c
 i.ll_initialize_device_attributes
                0x00004628       0x4c C:\Program Files (x86)\Cypress\PSoC Creator\3.3\PSoC Creator\psoc\content\cycomponentlibrary\CyComponentLibrary.cylib\BLE_v2_20\Library\gccCyBLEStack_BLE_SOC_PERIPHERAL.a(ll.o)
                0x00004628                ll_initialize_device_attributes

i.ll_is_pkt_pending
                0x00004674       0x2a
 i.ll_is_pkt_pending
                0x00004674       0x2a C:\Program Files (x86)\Cypress\PSoC Creator\3.3\PSoC Creator\psoc\content\cycomponentlibrary\CyComponentLibrary.cylib\BLE_v2_20\Library\gccCyBLEStack_BLE_SOC_PERIPHERAL.a(ll.o)
                0x00004674                ll_is_pkt_pending

i.ll_is_sent_pkt_pending
                0x0000469e       0x1a
 i.ll_is_sent_pkt_pending
                0x0000469e       0x1a C:\Program Files (x86)\Cypress\PSoC Creator\3.3\PSoC Creator\psoc\content\cycomponentlibrary\CyComponentLibrary.cylib\BLE_v2_20\Library\gccCyBLEStack_BLE_SOC_PERIPHERAL.a(ll.o)
                0x0000469e                ll_is_sent_pkt_pending

i.ll_isr_exit_low_power_mode
                0x000046b8       0x16
 i.ll_isr_exit_low_power_mode
                0x000046b8       0x16 C:\Program Files (x86)\Cypress\PSoC Creator\3.3\PSoC Creator\psoc\content\cycomponentlibrary\CyComponentLibrary.cylib\BLE_v2_20\Library\gccCyBLEStack_BLE_SOC_PERIPHERAL.a(ll.o)
                0x000046b8                ll_isr_exit_low_power_mode

i.ll_load_host_data_packet
                0x000046ce       0x4a
 i.ll_load_host_data_packet
                0x000046ce       0x4a C:\Program Files (x86)\Cypress\PSoC Creator\3.3\PSoC Creator\psoc\content\cycomponentlibrary\CyComponentLibrary.cylib\BLE_v2_20\Library\gccCyBLEStack_BLE_SOC_PERIPHERAL.a(ll.o)
                0x000046ce                ll_load_host_data_packet

i.ll_load_packet_to_fifo
                0x00004718       0x6e
 i.ll_load_packet_to_fifo
                0x00004718       0x6e C:\Program Files (x86)\Cypress\PSoC Creator\3.3\PSoC Creator\psoc\content\cycomponentlibrary\CyComponentLibrary.cylib\BLE_v2_20\Library\gccCyBLEStack_BLE_SOC_PERIPHERAL.a(ll.o)
                0x00004718                ll_load_packet_to_fifo

i.ll_process_acks
                0x00004786       0x3c
 i.ll_process_acks
                0x00004786       0x3c C:\Program Files (x86)\Cypress\PSoC Creator\3.3\PSoC Creator\psoc\content\cycomponentlibrary\CyComponentLibrary.cylib\BLE_v2_20\Library\gccCyBLEStack_BLE_SOC_PERIPHERAL.a(ll.o)
                0x00004786                ll_process_acks

i.ll_reset      0x000047c2       0x12
 i.ll_reset     0x000047c2       0x12 C:\Program Files (x86)\Cypress\PSoC Creator\3.3\PSoC Creator\psoc\content\cycomponentlibrary\CyComponentLibrary.cylib\BLE_v2_20\Library\gccCyBLEStack_BLE_SOC_PERIPHERAL.a(ll.o)
                0x000047c2                ll_reset

i.ll_update_active_features
                0x000047d4       0x58
 i.ll_update_active_features
                0x000047d4       0x58 C:\Program Files (x86)\Cypress\PSoC Creator\3.3\PSoC Creator\psoc\content\cycomponentlibrary\CyComponentLibrary.cylib\BLE_v2_20\Library\gccCyBLEStack_BLE_SOC_PERIPHERAL.a(ll.o)
                0x000047d4                ll_update_active_features

i.ll_update_device_fsm
                0x0000482c        0x8
 i.ll_update_device_fsm
                0x0000482c        0x8 C:\Program Files (x86)\Cypress\PSoC Creator\3.3\PSoC Creator\psoc\content\cycomponentlibrary\CyComponentLibrary.cylib\BLE_v2_20\Library\gccCyBLEStack_BLE_SOC_PERIPHERAL.a(ll.o)
                0x0000482c                ll_update_device_fsm

i.pf_le_start_timer
                0x00004834       0x16
 i.pf_le_start_timer
                0x00004834       0x16 C:\Program Files (x86)\Cypress\PSoC Creator\3.3\PSoC Creator\psoc\content\cycomponentlibrary\CyComponentLibrary.cylib\BLE_v2_20\Library\gccCyBLEStack_BLE_SOC_PERIPHERAL.a(ll.o)
                0x00004834                pf_le_start_timer

i.pf_le_stop_timer
                0x0000484a       0x12
 i.pf_le_stop_timer
                0x0000484a       0x12 C:\Program Files (x86)\Cypress\PSoC Creator\3.3\PSoC Creator\psoc\content\cycomponentlibrary\CyComponentLibrary.cylib\BLE_v2_20\Library\gccCyBLEStack_BLE_SOC_PERIPHERAL.a(ll.o)
                0x0000484a                pf_le_stop_timer

i.CyBleControllerIP_TuneAdvEventInterPktSlots
                0x0000485c       0x44
 i.CyBleControllerIP_TuneAdvEventInterPktSlots
                0x0000485c       0x44 C:\Program Files (x86)\Cypress\PSoC Creator\3.3\PSoC Creator\psoc\content\cycomponentlibrary\CyComponentLibrary.cylib\BLE_v2_20\Library\gccCyBLEStack_BLE_SOC_PERIPHERAL.a(ll_advertiser.o)
                0x0000485c                CyBleControllerIP_TuneAdvEventInterPktSlots

i.ll_adv_is_configured_connection_adv
                0x000048a0       0x1e
 i.ll_adv_is_configured_connection_adv
                0x000048a0       0x1e C:\Program Files (x86)\Cypress\PSoC Creator\3.3\PSoC Creator\psoc\content\cycomponentlibrary\CyComponentLibrary.cylib\BLE_v2_20\Library\gccCyBLEStack_BLE_SOC_PERIPHERAL.a(ll_advertiser.o)
                0x000048a0                ll_adv_is_configured_connection_adv

i.ll_check_random_address_in_use_by_advertiser
                0x000048be       0x10
 i.ll_check_random_address_in_use_by_advertiser
                0x000048be       0x10 C:\Program Files (x86)\Cypress\PSoC Creator\3.3\PSoC Creator\psoc\content\cycomponentlibrary\CyComponentLibrary.cylib\BLE_v2_20\Library\gccCyBLEStack_BLE_SOC_PERIPHERAL.a(ll_advertiser.o)
                0x000048be                ll_check_random_address_in_use_by_advertiser

i.ll_check_whitelist_in_use_by_advertiser
                0x000048ce       0x10
 i.ll_check_whitelist_in_use_by_advertiser
                0x000048ce       0x10 C:\Program Files (x86)\Cypress\PSoC Creator\3.3\PSoC Creator\psoc\content\cycomponentlibrary\CyComponentLibrary.cylib\BLE_v2_20\Library\gccCyBLEStack_BLE_SOC_PERIPHERAL.a(ll_advertiser.o)
                0x000048ce                ll_check_whitelist_in_use_by_advertiser

i.ll_get_adv_status
                0x000048de        0xc
 i.ll_get_adv_status
                0x000048de        0xc C:\Program Files (x86)\Cypress\PSoC Creator\3.3\PSoC Creator\psoc\content\cycomponentlibrary\CyComponentLibrary.cylib\BLE_v2_20\Library\gccCyBLEStack_BLE_SOC_PERIPHERAL.a(ll_advertiser.o)
                0x000048de                ll_get_adv_status

i.ll_get_adv_type
                0x000048ea       0x16
 i.ll_get_adv_type
                0x000048ea       0x16 C:\Program Files (x86)\Cypress\PSoC Creator\3.3\PSoC Creator\psoc\content\cycomponentlibrary\CyComponentLibrary.cylib\BLE_v2_20\Library\gccCyBLEStack_BLE_SOC_PERIPHERAL.a(ll_advertiser.o)
                0x000048ea                ll_get_adv_type

i.ll_handle_adv_intr
                0x00004900       0x50
 i.ll_handle_adv_intr
                0x00004900       0x50 C:\Program Files (x86)\Cypress\PSoC Creator\3.3\PSoC Creator\psoc\content\cycomponentlibrary\CyComponentLibrary.cylib\BLE_v2_20\Library\gccCyBLEStack_BLE_SOC_PERIPHERAL.a(ll_advertiser.o)
                0x00004900                ll_handle_adv_intr

i.ll_handle_set_adv_data
                0x00004950       0x14
 i.ll_handle_set_adv_data
                0x00004950       0x14 C:\Program Files (x86)\Cypress\PSoC Creator\3.3\PSoC Creator\psoc\content\cycomponentlibrary\CyComponentLibrary.cylib\BLE_v2_20\Library\gccCyBLEStack_BLE_SOC_PERIPHERAL.a(ll_advertiser.o)
                0x00004950                ll_handle_set_adv_data

i.ll_handle_set_adv_parameters
                0x00004964       0x84
 i.ll_handle_set_adv_parameters
                0x00004964       0x84 C:\Program Files (x86)\Cypress\PSoC Creator\3.3\PSoC Creator\psoc\content\cycomponentlibrary\CyComponentLibrary.cylib\BLE_v2_20\Library\gccCyBLEStack_BLE_SOC_PERIPHERAL.a(ll_advertiser.o)
                0x00004964                ll_handle_set_adv_parameters

i.ll_handle_set_advertise_enable
                0x000049e8       0x70
 i.ll_handle_set_advertise_enable
                0x000049e8       0x70 C:\Program Files (x86)\Cypress\PSoC Creator\3.3\PSoC Creator\psoc\content\cycomponentlibrary\CyComponentLibrary.cylib\BLE_v2_20\Library\gccCyBLEStack_BLE_SOC_PERIPHERAL.a(ll_advertiser.o)
                0x000049e8                ll_handle_set_advertise_enable

i.ll_handle_set_scan_resp_data
                0x00004a58       0x14
 i.ll_handle_set_scan_resp_data
                0x00004a58       0x14 C:\Program Files (x86)\Cypress\PSoC Creator\3.3\PSoC Creator\psoc\content\cycomponentlibrary\CyComponentLibrary.cylib\BLE_v2_20\Library\gccCyBLEStack_BLE_SOC_PERIPHERAL.a(ll_advertiser.o)
                0x00004a58                ll_handle_set_scan_resp_data

i.ll_init_advertiser
                0x00004a6c       0x68
 i.ll_init_advertiser
                0x00004a6c       0x68 C:\Program Files (x86)\Cypress\PSoC Creator\3.3\PSoC Creator\psoc\content\cycomponentlibrary\CyComponentLibrary.cylib\BLE_v2_20\Library\gccCyBLEStack_BLE_SOC_PERIPHERAL.a(ll_advertiser.o)
                0x00004a6c                ll_init_advertiser

i.is_le_connection_handle
                0x00004ad4       0x28
 i.is_le_connection_handle
                0x00004ad4       0x28 C:\Program Files (x86)\Cypress\PSoC Creator\3.3\PSoC Creator\psoc\content\cycomponentlibrary\CyComponentLibrary.cylib\BLE_v2_20\Library\gccCyBLEStack_BLE_SOC_PERIPHERAL.a(ll_connection.o)
                0x00004ad4                is_le_connection_handle

i.le_assign_connection_handle
                0x00004afc       0x28
 i.le_assign_connection_handle
                0x00004afc       0x28 C:\Program Files (x86)\Cypress\PSoC Creator\3.3\PSoC Creator\psoc\content\cycomponentlibrary\CyComponentLibrary.cylib\BLE_v2_20\Library\gccCyBLEStack_BLE_SOC_PERIPHERAL.a(ll_connection.o)
                0x00004afc                le_assign_connection_handle

i.le_get_connection_index
                0x00004b24        0x6
 i.le_get_connection_index
                0x00004b24        0x6 C:\Program Files (x86)\Cypress\PSoC Creator\3.3\PSoC Creator\psoc\content\cycomponentlibrary\CyComponentLibrary.cylib\BLE_v2_20\Library\gccCyBLEStack_BLE_SOC_PERIPHERAL.a(ll_connection.o)
                0x00004b24                le_get_connection_index

i.ll_allocate_connection
                0x00004b2c       0x44
 i.ll_allocate_connection