Archive member included because of file (symbol)

.\CortexM0\ARM_GCC_493\Debug\PSOC_CapSense_2_BLE.a(cyfitter_cfg.o)
                              .\CortexM0\ARM_GCC_493\Debug\Cm0Start.o (cyfitter_cfg)
.\CortexM0\ARM_GCC_493\Debug\PSOC_CapSense_2_BLE.a(PrISM_2.o)
                              .\CortexM0\ARM_GCC_493\Debug\_PrISM.o (PrISM_2_WritePulse0)
.\CortexM0\ARM_GCC_493\Debug\PSOC_CapSense_2_BLE.a(PrISM_1.o)
                              .\CortexM0\ARM_GCC_493\Debug\_PrISM.o (PrISM_1_WritePulse0)
.\CortexM0\ARM_GCC_493\Debug\PSOC_CapSense_2_BLE.a(BLE.o)
                              .\CortexM0\ARM_GCC_493\Debug\_BLE.o (CyBle_Start)
.\CortexM0\ARM_GCC_493\Debug\PSOC_CapSense_2_BLE.a(BLE_gatt.o)
                              .\CortexM0\ARM_GCC_493\Debug\_BLE.o (cyBle_state)
.\CortexM0\ARM_GCC_493\Debug\PSOC_CapSense_2_BLE.a(BLE_eventHandler.o)
                              .\CortexM0\ARM_GCC_493\Debug\PSOC_CapSense_2_BLE.a(BLE.o) (cyBle_eventHandlerFlag)
.\CortexM0\ARM_GCC_493\Debug\PSOC_CapSense_2_BLE.a(BLE_custom.o)
                              .\CortexM0\ARM_GCC_493\Debug\PSOC_CapSense_2_BLE.a(BLE.o) (CyBle_CustomInit)
.\CortexM0\ARM_GCC_493\Debug\PSOC_CapSense_2_BLE.a(CapSense.o)
                              .\CortexM0\ARM_GCC_493\Debug\_CapSense.o (CapSense_IsBusy)
.\CortexM0\ARM_GCC_493\Debug\PSOC_CapSense_2_BLE.a(CapSense_CSHL.o)
                              .\CortexM0\ARM_GCC_493\Debug\_CapSense.o (CapSense_InitializeAllBaselines)
.\CortexM0\ARM_GCC_493\Debug\PSOC_CapSense_2_BLE.a(CapSense_INT.o)
                              .\CortexM0\ARM_GCC_493\Debug\PSOC_CapSense_2_BLE.a(CapSense.o) (CapSense_ISR)
.\CortexM0\ARM_GCC_493\Debug\PSOC_CapSense_2_BLE.a(BLUE.o)
                              .\CortexM0\ARM_GCC_493\Debug\_PrISM.o (BLUE_SetDriveMode)
.\CortexM0\ARM_GCC_493\Debug\PSOC_CapSense_2_BLE.a(GREEN.o)
                              .\CortexM0\ARM_GCC_493\Debug\_PrISM.o (GREEN_SetDriveMode)
.\CortexM0\ARM_GCC_493\Debug\PSOC_CapSense_2_BLE.a(RED.o)
                              .\CortexM0\ARM_GCC_493\Debug\_PrISM.o (RED_SetDriveMode)
.\CortexM0\ARM_GCC_493\Debug\PSOC_CapSense_2_BLE.a(CapSense_SampleClk.o)
                              .\CortexM0\ARM_GCC_493\Debug\PSOC_CapSense_2_BLE.a(CapSense.o) (CapSense_SampleClk_StartEx)
.\CortexM0\ARM_GCC_493\Debug\PSOC_CapSense_2_BLE.a(CapSense_SenseClk.o)
                              .\CortexM0\ARM_GCC_493\Debug\PSOC_CapSense_2_BLE.a(CapSense.o) (CapSense_SenseClk_StartEx)
.\CortexM0\ARM_GCC_493\Debug\PSOC_CapSense_2_BLE.a(CyBootAsmGnu.o)
                              .\CortexM0\ARM_GCC_493\Debug\PSOC_CapSense_2_BLE.a(cyfitter_cfg.o) (CyDelayCycles)
.\CortexM0\ARM_GCC_493\Debug\PSOC_CapSense_2_BLE.a(CyLib.o)
                              .\CortexM0\ARM_GCC_493\Debug\PSOC_CapSense_2_BLE.a(cyfitter_cfg.o) (CySysClkWriteImoFreq)
.\CortexM0\ARM_GCC_493\Debug\PSOC_CapSense_2_BLE.a(cyPm.o)
                              .\CortexM0\ARM_GCC_493\Debug\_CapSense.o (CySysPmSleep)
.\CortexM0\ARM_GCC_493\Debug\PSOC_CapSense_2_BLE.a(CyLFClk.o)
                              .\CortexM0\ARM_GCC_493\Debug\PSOC_CapSense_2_BLE.a(cyfitter_cfg.o) (CySysClkWcoStart)
C:\Program Files (x86)\Cypress\PSoC Creator\3.3\PSoC Creator\psoc\content\cycomponentlibrary\CyComponentLibrary.cylib\BLE_v2_20\Library\gccCyBLEStack_BLE_SOC_PERIPHERAL.a(CyBle.o)
                              .\CortexM0\ARM_GCC_493\Debug\main.o (CyBle_ProcessEvents)
C:\Program Files (x86)\Cypress\PSoC Creator\3.3\PSoC Creator\psoc\content\cycomponentlibrary\CyComponentLibrary.cylib\BLE_v2_20\Library\gccCyBLEStack_BLE_SOC_PERIPHERAL.a(CyBleStackMgrIP_Interface.o)
                              C:\Program Files (x86)\Cypress\PSoC Creator\3.3\PSoC Creator\psoc\content\cycomponentlibrary\CyComponentLibrary.cylib\BLE_v2_20\Library\gccCyBLEStack_BLE_SOC_PERIPHERAL.a(CyBle.o) (CyBleStackMgr_Init)
C:\Program Files (x86)\Cypress\PSoC Creator\3.3\PSoC Creator\psoc\content\cycomponentlibrary\CyComponentLibrary.cylib\BLE_v2_20\Library\gccCyBLEStack_BLE_SOC_PERIPHERAL.a(BT_os.o)
                              C:\Program Files (x86)\Cypress\PSoC Creator\3.3\PSoC Creator\psoc\content\cycomponentlibrary\CyComponentLibrary.cylib\BLE_v2_20\Library\gccCyBLEStack_BLE_SOC_PERIPHERAL.a(CyBleStackMgrIP_Interface.o) (cyBleStackMemoryConfig)
C:\Program Files (x86)\Cypress\PSoC Creator\3.3\PSoC Creator\psoc\content\cycomponentlibrary\CyComponentLibrary.cylib\BLE_v2_20\Library\gccCyBLEStack_BLE_SOC_PERIPHERAL.a(CyBleStackMgr_StackTaskHandler.o)
                              C:\Program Files (x86)\Cypress\PSoC Creator\3.3\PSoC Creator\psoc\content\cycomponentlibrary\CyComponentLibrary.cylib\BLE_v2_20\Library\gccCyBLEStack_BLE_SOC_PERIPHERAL.a(CyBleStackMgrIP_Interface.o) (CyBle_CreateBleStackTask)
C:\Program Files (x86)\Cypress\PSoC Creator\3.3\PSoC Creator\psoc\content\cycomponentlibrary\CyComponentLibrary.cylib\BLE_v2_20\Library\gccCyBLEStack_BLE_SOC_PERIPHERAL.a(transport_sf.o)
[...]
Memory Configuration

Name             Origin             Length             Attributes
rom              0x00000000         0x00020000         xr
ram              0x20000000         0x00004000         xrw
*default*        0x00000000         0xffffffff

Linker script and memory map

LOAD c:/program files (x86)/cypress/psoc creator/3.3/psoc creator/import/gnu/arm/4.9.3/bin/../lib/gcc/arm-none-eabi/4.9.3/armv6-m/crti.o
LOAD c:/program files (x86)/cypress/psoc creator/3.3/psoc creator/import/gnu/arm/4.9.3/bin/../lib/gcc/arm-none-eabi/4.9.3/armv6-m/crtbegin.o
LOAD c:/program files (x86)/cypress/psoc creator/3.3/psoc creator/import/gnu/arm/4.9.3/bin/../lib/gcc/arm-none-eabi/4.9.3/../../../../arm-none-eabi/lib/armv6-m/crt0.o
START GROUP
LOAD .\CortexM0\ARM_GCC_493\Debug\main.o
LOAD .\CortexM0\ARM_GCC_493\Debug\crc.o
LOAD .\CortexM0\ARM_GCC_493\Debug\_PrISM.o
LOAD .\CortexM0\ARM_GCC_493\Debug\_CapSense.o
LOAD .\CortexM0\ARM_GCC_493\Debug\_BLE.o
LOAD .\CortexM0\ARM_GCC_493\Debug\vector.o
LOAD .\CortexM0\ARM_GCC_493\Debug\cymetadata.o
LOAD .\CortexM0\ARM_GCC_493\Debug\Cm0Start.o
LOAD .\CortexM0\ARM_GCC_493\Debug\PSOC_CapSense_2_BLE.a
LOAD C:\Program Files (x86)\Cypress\PSoC Creator\3.3\PSoC Creator\psoc\content\cycomponentlibrary\CyComponentLibrary.cylib\BLE_v2_20\Library\gccCyBLEStack_BLE_SOC_PERIPHERAL.a
LOAD C:\Program Files (x86)\Cypress\PSoC Creator\3.3\PSoC Creator\psoc\content\cycomponentlibrary\CyComponentLibrary.cylib\CapSense_CSD_P4_v2_30\PSoC4\Library\CapsenseP4Library_GCC.a
LOAD C:\Program Files (x86)\Cypress\PSoC Creator\3.3\PSoC Creator\psoc\content\cycomponentlibrary\CyComponentLibrary.cylib\CortexM0\ARM_GCC_493\Debug\CyComponentLibrary.a
END GROUP
START GROUP
LOAD c:/program files (x86)/cypress/psoc creator/3.3/psoc creator/import/gnu/arm/4.9.3/bin/../lib/gcc/arm-none-eabi/4.9.3/armv6-m\libgcc.a
LOAD c:/program files (x86)/cypress/psoc creator/3.3/psoc creator/import/gnu/arm/4.9.3/bin/../lib/gcc/arm-none-eabi/4.9.3/../../../../arm-none-eabi/lib/armv6-m\libg_nano.a
LOAD c:/program files (x86)/cypress/psoc creator/3.3/psoc creator/import/gnu/arm/4.9.3/bin/../lib/gcc/arm-none-eabi/4.9.3/../../../../arm-none-eabi/lib/armv6-m\libc_nano.a
END GROUP
START GROUP
LOAD c:/program files (x86)/cypress/psoc creator/3.3/psoc creator/import/gnu/arm/4.9.3/bin/../lib/gcc/arm-none-eabi/4.9.3/armv6-m\libgcc.a
LOAD c:/program files (x86)/cypress/psoc creator/3.3/psoc creator/import/gnu/arm/4.9.3/bin/../lib/gcc/arm-none-eabi/4.9.3/../../../../arm-none-eabi/lib/armv6-m\libc_nano.a
END GROUP
LOAD c:/program files (x86)/cypress/psoc creator/3.3/psoc creator/import/gnu/arm/4.9.3/bin/../lib/gcc/arm-none-eabi/4.9.3/armv6-m/crtend.o
LOAD c:/program files (x86)/cypress/psoc creator/3.3/psoc creator/import/gnu/arm/4.9.3/bin/../lib/gcc/arm-none-eabi/4.9.3/armv6-m/crtn.o
START GROUP
LOAD c:/program files (x86)/cypress/psoc creator/3.3/psoc creator/import/gnu/arm/4.9.3/bin/../lib/gcc/arm-none-eabi/4.9.3/armv6-m\libgcc.a
LOAD c:/program files (x86)/cypress/psoc creator/3.3/psoc creator/import/gnu/arm/4.9.3/bin/../lib/gcc/arm-none-eabi/4.9.3/../../../../arm-none-eabi/lib/armv6-m\libc.a
LOAD c:/program files (x86)/cypress/psoc creator/3.3/psoc creator/import/gnu/arm/4.9.3/bin/../lib/gcc/arm-none-eabi/4.9.3/../../../../arm-none-eabi/lib/armv6-m\libnosys.a
END GROUP
                0x00000000                CY_APPL_ORIGIN = 0x0
                0x00000080                CY_FLASH_ROW_SIZE = 0x80
                0x00000001                CY_APPL_NUM = 0x1
                0x00000001                CY_APPL_MAX = 0x1
                0x00000040                CY_METADATA_SIZE = 0x40
                0x00000000                CY_APPL_LOADABLE = 0x0
                0x00000000                CY_CHECKSUM_EXCLUDE_SIZE = ALIGN (0x0, CY_FLASH_ROW_SIZE)
                0x00000000                CY_APP_FOR_STACK_AND_COPIER = 0x0
                0x200034c0                PROVIDE (__cy_heap_start, _end)
                0x00000001                PROVIDE (__cy_region_num, ((__cy_regions_end - __cy_regions) / 0x10))
                0x20004000                PROVIDE (__cy_stack, (ORIGIN (ram) + 0x4000))
                0x20003800                PROVIDE (__cy_heap_end, (__cy_stack - 0x800))

.cybootloader   0x00000000        0x0
 *(.cybootloader)
                0x00000000                appl1_start = CY_APPL_ORIGIN?CY_APPL_ORIGIN:ALIGN (CY_FLASH_ROW_SIZE)
                0x0000ff80                appl2_start = (appl1_start + ALIGN ((((0x20000 - appl1_start) - (0x2 * CY_FLASH_ROW_SIZE)) / 0x2), CY_FLASH_ROW_SIZE))
                0x00000000                appl_start = (CY_APPL_NUM == 0x1)?appl1_start:appl2_start
                0x00000001                cy_project_type_bootloader = (appl_start == 0x0)?0x1:0x0
                0x00000000                cy_project_type_app_for_stack_and_copier = (CY_APP_FOR_STACK_AND_COPIER == 0x1)?0x1:0x0

.text           0x00000000     0x20c8
 CREATE_OBJECT_SYMBOLS
                0x00000000                PROVIDE (__cy_interrupt_vector, RomVectors)
 *(.romvectors)
 .romvectors    0x00000000       0x10 .\CortexM0\ARM_GCC_493\Debug\Cm0Start.o
                0x00000000                RomVectors
                0x00000001                ASSERT ((. != __cy_interrupt_vector), No interrupt vector)
                0x00000001                ASSERT (CY_APPL_ORIGIN?(SIZEOF (.cybootloader) <= CY_APPL_ORIGIN):0x1, Wrong image location)
                0x00000010                PROVIDE (__cy_reset, Reset)
 *(.text.Reset)
 .text.Reset    0x00000010        0x8 .\CortexM0\ARM_GCC_493\Debug\Cm0Start.o
                0x00000010                Reset
                0x00000001                ASSERT ((. != __cy_reset), No reset code)
 *(.psocinit)
 .psocinit      0x00000018      0x230 .\CortexM0\ARM_GCC_493\Debug\PSOC_CapSense_2_BLE.a(cyfitter_cfg.o)
                0x00000118                cyfitter_cfg
                0x00000248                . = MAX (., 0x100)
 *(.text .text.* .gnu.linkonce.t.*)
 .text          0x00000248       0x60 c:/program files (x86)/cypress/psoc creator/3.3/psoc creator/import/gnu/arm/4.9.3/bin/../lib/gcc/arm-none-eabi/4.9.3/armv6-m/crtbegin.o
 .text.InitializeSystem
                0x000002a8       0x50 .\CortexM0\ARM_GCC_493\Debug\main.o
                0x000002a8                InitializeSystem
 .text.main     0x000002f8       0xe0 .\CortexM0\ARM_GCC_493\Debug\main.o
                0x000002f8                main
 .text.crc_Init
                0x000003d8       0x40 .\CortexM0\ARM_GCC_493\Debug\crc.o
                0x000003d8                crc_Init
 .text.crcCompute
                0x00000418       0x30 .\CortexM0\ARM_GCC_493\Debug\crc.o
                0x00000418                crcCompute
 .text.encodeCRC
                0x00000448       0x30 .\CortexM0\ARM_GCC_493\Debug\crc.o
                0x00000448                encodeCRC
 .text._PrISM_Init
                0x00000478       0x30 .\CortexM0\ARM_GCC_493\Debug\_PrISM.o
                0x00000478                _PrISM_Init
 .text._CapSense_Init
                0x000004a8        0xc .\CortexM0\ARM_GCC_493\Debug\_CapSense.o
                0x000004a8                _CapSense_Init
 .text._CapSense_Scan
                0x000004b4       0x3c .\CortexM0\ARM_GCC_493\Debug\_CapSense.o
                0x000004b4                _CapSense_Scan
 .text._BLE_Init
                0x000004f0       0x70 .\CortexM0\ARM_GCC_493\Debug\_BLE.o
                0x000004f0                _BLE_Init
 .text._BLE_UpdateCCCD
                0x00000560       0x8c .\CortexM0\ARM_GCC_493\Debug\_BLE.o
                0x00000560                _BLE_UpdateCCCD
 .text._BLE_UpdateControl
                0x000005ec       0x4c .\CortexM0\ARM_GCC_493\Debug\_BLE.o
                0x000005ec                _BLE_UpdateControl
 .text.EventHandler
                0x00000638      0x1c0 .\CortexM0\ARM_GCC_493\Debug\_BLE.o
                0x00000638                EventHandler
 .text._BLE_sendCapSenseData
                0x000007f8       0xdc .\CortexM0\ARM_GCC_493\Debug\_BLE.o
                0x000007f8                _BLE_sendCapSenseData
 .text._BLE_sendPSOCStatus
                0x000008d4      0x120 .\CortexM0\ARM_GCC_493\Debug\_BLE.o
                0x000008d4                _BLE_sendPSOCStatus
 .text.Vector_Init
                0x000009f4       0x14 .\CortexM0\ARM_GCC_493\Debug\vector.o
                0x000009f4                Vector_Init
 .text.pushInVector
                0x00000a08       0x38 .\CortexM0\ARM_GCC_493\Debug\vector.o
                0x00000a08                pushInVector
 .text.popOutVector
                0x00000a40       0x38 .\CortexM0\ARM_GCC_493\Debug\vector.o
                0x00000a40                popOutVector
 .text.vectorSize
                0x00000a78       0x20 .\CortexM0\ARM_GCC_493\Debug\vector.o
                0x00000a78                vectorSize
 .text.vectorIsEmpty
                0x00000a98       0x1c .\CortexM0\ARM_GCC_493\Debug\vector.o
                0x00000a98                vectorIsEmpty
 .text.vectorIsFull
                0x00000ab4       0x18 .\CortexM0\ARM_GCC_493\Debug\vector.o
                0x00000ab4                vectorIsFull
 .text.deleteVector
                0x00000acc       0x14 .\CortexM0\ARM_GCC_493\Debug\vector.o
                0x00000acc                deleteVector
 .text.IntDefaultHandler
                0x00000ae0        0x4 .\CortexM0\ARM_GCC_493\Debug\Cm0Start.o
                0x00000ae0                IntDefaultHandler
 .text.Start_c  0x00000ae4       0x48 .\CortexM0\ARM_GCC_493\Debug\Cm0Start.o
                0x00000ae4                Start_c
 .text.initialize_psoc
                0x00000b2c       0x54 .\CortexM0\ARM_GCC_493\Debug\Cm0Start.o
                0x00000b2c                initialize_psoc
 .text.cfg_write_bytes32
                0x00000b80       0x34 .\CortexM0\ARM_GCC_493\Debug\PSOC_CapSense_2_BLE.a(cyfitter_cfg.o)
 .text.CYMEMZERO
                0x00000bb4        0xc .\CortexM0\ARM_GCC_493\Debug\PSOC_CapSense_2_BLE.a(cyfitter_cfg.o)
 .text.SetAnalogRoutingPumps
                0x00000bc0       0x40 .\CortexM0\ARM_GCC_493\Debug\PSOC_CapSense_2_BLE.a(cyfitter_cfg.o)
                0x00000bc0                SetAnalogRoutingPumps
 .text.AnalogSetDefault
                0x00000c00       0x28 .\CortexM0\ARM_GCC_493\Debug\PSOC_CapSense_2_BLE.a(cyfitter_cfg.o)
 .text.PrISM_2_Enable
                0x00000c28       0x10 .\CortexM0\ARM_GCC_493\Debug\PSOC_CapSense_2_BLE.a(PrISM_2.o)
                0x00000c28                PrISM_2_Enable
 .text.PrISM_2_WriteSeed
                0x00000c38       0x18 .\CortexM0\ARM_GCC_493\Debug\PSOC_CapSense_2_BLE.a(PrISM_2.o)
                0x00000c38                PrISM_2_WriteSeed
 .text.PrISM_2_WritePolynomial
                0x00000c50        0xc .\CortexM0\ARM_GCC_493\Debug\PSOC_CapSense_2_BLE.a(PrISM_2.o)
                0x00000c50                PrISM_2_WritePolynomial
 .text.PrISM_2_WritePulse0
                0x00000c5c        0xc .\CortexM0\ARM_GCC_493\Debug\PSOC_CapSense_2_BLE.a(PrISM_2.o)
                0x00000c5c                PrISM_2_WritePulse0
 .text.PrISM_2_WritePulse1
                0x00000c68        0xc .\CortexM0\ARM_GCC_493\Debug\PSOC_CapSense_2_BLE.a(PrISM_2.o)
                0x00000c68                PrISM_2_WritePulse1
 .text.PrISM_2_Init
                0x00000c74       0x48 .\CortexM0\ARM_GCC_493\Debug\PSOC_CapSense_2_BLE.a(PrISM_2.o)
                0x00000c74                PrISM_2_Init
 .text.PrISM_2_Start
                0x00000cbc       0x20 .\CortexM0\ARM_GCC_493\Debug\PSOC_CapSense_2_BLE.a(PrISM_2.o)
                0x00000cbc                PrISM_2_Start
 .text.PrISM_1_Enable
                0x00000cdc       0x10 .\CortexM0\ARM_GCC_493\Debug\PSOC_CapSense_2_BLE.a(PrISM_1.o)
                0x00000cdc                PrISM_1_Enable
 .text.PrISM_1_WriteSeed
                0x00000cec       0x18 .\CortexM0\ARM_GCC_493\Debug\PSOC_CapSense_2_BLE.a(PrISM_1.o)
                0x00000cec                PrISM_1_WriteSeed
 .text.PrISM_1_WritePolynomial
                0x00000d04        0xc .\CortexM0\ARM_GCC_493\Debug\PSOC_CapSense_2_BLE.a(PrISM_1.o)
                0x00000d04                PrISM_1_WritePolynomial
 .text.PrISM_1_WritePulse0
                0x00000d10        0xc .\CortexM0\ARM_GCC_493\Debug\PSOC_CapSense_2_BLE.a(PrISM_1.o)
                0x00000d10                PrISM_1_WritePulse0
 .text.PrISM_1_WritePulse1
                0x00000d1c        0xc .\CortexM0\ARM_GCC_493\Debug\PSOC_CapSense_2_BLE.a(PrISM_1.o)
                0x00000d1c                PrISM_1_WritePulse1
 .text.PrISM_1_Init
                0x00000d28       0x48 .\CortexM0\ARM_GCC_493\Debug\PSOC_CapSense_2_BLE.a(PrISM_1.o)
                0x00000d28                PrISM_1_Init
 .text.PrISM_1_Start
                0x00000d70       0x20 .\CortexM0\ARM_GCC_493\Debug\PSOC_CapSense_2_BLE.a(PrISM_1.o)
                0x00000d70                PrISM_1_Start
 .text.CyBle_ServiceInit
                0x00000d90        0x8 .\CortexM0\ARM_GCC_493\Debug\PSOC_CapSense_2_BLE.a(BLE.o)
                0x00000d90                CyBle_ServiceInit
 .text.CyBle_Init
                0x00000d98       0x24 .\CortexM0\ARM_GCC_493\Debug\PSOC_CapSense_2_BLE.a(BLE.o)
                0x00000d98                CyBle_Init
 .text.CyBle_Start
                0x00000dbc       0x84 .\CortexM0\ARM_GCC_493\Debug\PSOC_CapSense_2_BLE.a(BLE.o)
                0x00000dbc                CyBle_Start
 .text.CyBle_GappStartAdvertisement
                0x00000e40       0x90 .\CortexM0\ARM_GCC_493\Debug\PSOC_CapSense_2_BLE.a(BLE.o)
                0x00000e40                CyBle_GappStartAdvertisement
 .text.CyBle_ChangeAdDeviceAddress
                0x00000ed0        0x4 .\CortexM0\ARM_GCC_493\Debug\PSOC_CapSense_2_BLE.a(BLE.o)
                0x00000ed0                CyBle_ChangeAdDeviceAddress
 .text.CyBle_Get16ByPtr
                0x00000ed4        0xc .\CortexM0\ARM_GCC_493\Debug\PSOC_CapSense_2_BLE.a(BLE.o)
                0x00000ed4                CyBle_Get16ByPtr
 .text.CyBle_GattsWriteEventHandler
                0x00000ee0       0x58 .\CortexM0\ARM_GCC_493\Debug\PSOC_CapSense_2_BLE.a(BLE_gatt.o)
                0x00000ee0                CyBle_GattsWriteEventHandler
 .text.CyBle_GattDisconnectEventHandler
                0x00000f38       0x10 .\CortexM0\ARM_GCC_493\Debug\PSOC_CapSense_2_BLE.a(BLE_eventHandler.o)
 .text.CyBle_IsDeviceAddressValid
                0x00000f48       0x24 .\CortexM0\ARM_GCC_493\Debug\PSOC_CapSense_2_BLE.a(BLE_eventHandler.o)
 .text.CyBle_WriteReqHandler
                0x00000f6c       0x38 .\CortexM0\ARM_GCC_493\Debug\PSOC_CapSense_2_BLE.a(BLE_eventHandler.o)
 .text.CyBle_EventHandler
                0x00000fa4      0x1c4 .\CortexM0\ARM_GCC_493\Debug\PSOC_CapSense_2_BLE.a(BLE_eventHandler.o)
                0x00000fa4                CyBle_EventHandler
 .text.CyBle_CustomInit
                0x00001168        0x4 .\CortexM0\ARM_GCC_493\Debug\PSOC_CapSense_2_BLE.a(BLE_custom.o)
                0x00001168                CyBle_CustomInit
 .text.CapSense_CsdHwBlockInit
                0x0000116c       0x80 .\CortexM0\ARM_GCC_493\Debug\PSOC_CapSense_2_BLE.a(CapSense.o)
                0x0000116c                CapSense_CsdHwBlockInit
 .text.CapSense_Enable
                0x000011ec       0x40 .\CortexM0\ARM_GCC_493\Debug\PSOC_CapSense_2_BLE.a(CapSense.o)
                0x000011ec                CapSense_Enable
 .text.CapSense_IsBusy
                0x0000122c       0x10 .\CortexM0\ARM_GCC_493\Debug\PSOC_CapSense_2_BLE.a(CapSense.o)
                0x0000122c                CapSense_IsBusy
 .text.CapSense_EnableSensor
                0x0000123c       0x48 .\CortexM0\ARM_GCC_493\Debug\PSOC_CapSense_2_BLE.a(CapSense.o)
                0x0000123c                CapSense_EnableSensor
 .text.CapSense_DisableSensor
                0x00001284       0x70 .\CortexM0\ARM_GCC_493\Debug\PSOC_CapSense_2_BLE.a(CapSense.o)
                0x00001284                CapSense_DisableSensor
 .text.CapSense_ClearSensors
                0x000012f4       0x14 .\CortexM0\ARM_GCC_493\Debug\PSOC_CapSense_2_BLE.a(CapSense.o)
                0x000012f4                CapSense_ClearSensors
 .text.CapSense_PreScan
                0x00001308       0xdc .\CortexM0\ARM_GCC_493\Debug\PSOC_CapSense_2_BLE.a(CapSense.o)
                0x00001308                CapSense_PreScan
 .text.CapSense_ScanSensor
                0x000013e4       0x1c .\CortexM0\ARM_GCC_493\Debug\PSOC_CapSense_2_BLE.a(CapSense.o)
                0x000013e4                CapSense_ScanSensor
 .text.CapSense_PostScan
                0x00001400       0x54 .\CortexM0\ARM_GCC_493\Debug\PSOC_CapSense_2_BLE.a(CapSense.o)
                0x00001400                CapSense_PostScan
 .text.CapSense_SetShieldDelay
                0x00001454       0x14 .\CortexM0\ARM_GCC_493\Debug\PSOC_CapSense_2_BLE.a(CapSense.o)
                0x00001454                CapSense_SetShieldDelay
 .text.CapSense_Init
                0x00001468       0x28 .\CortexM0\ARM_GCC_493\Debug\PSOC_CapSense_2_BLE.a(CapSense.o)
                0x00001468                CapSense_Init
 .text.CapSense_Start
                0x00001490       0x30 .\CortexM0\ARM_GCC_493\Debug\PSOC_CapSense_2_BLE.a(CapSense.o)
                0x00001490                CapSense_Start
 .text.CapSense_GetBitValue
                0x000014c0       0x1c .\CortexM0\ARM_GCC_493\Debug\PSOC_CapSense_2_BLE.a(CapSense.o)
                0x000014c0                CapSense_GetBitValue
 .text.CapSense_FindNextSensor
                0x000014dc       0x20 .\CortexM0\ARM_GCC_493\Debug\PSOC_CapSense_2_BLE.a(CapSense.o)
                0x000014dc                CapSense_FindNextSensor
 .text.CapSense_ScanEnabledWidgets
                0x000014fc       0x34 .\CortexM0\ARM_GCC_493\Debug\PSOC_CapSense_2_BLE.a(CapSense.o)
                0x000014fc                CapSense_ScanEnabledWidgets
 .text.CapSense_BaseInit
                0x00001530       0x20 .\CortexM0\ARM_GCC_493\Debug\PSOC_CapSense_2_BLE.a(CapSense_CSHL.o)
                0x00001530                CapSense_BaseInit
 .text.CapSense_InitializeSensorBaseline
                0x00001550       0x18 .\CortexM0\ARM_GCC_493\Debug\PSOC_CapSense_2_BLE.a(CapSense_CSHL.o)
                0x00001550                CapSense_InitializeSensorBaseline
 .text.CapSense_InitializeAllBaselines
                0x00001568       0x14 .\CortexM0\ARM_GCC_493\Debug\PSOC_CapSense_2_BLE.a(CapSense_CSHL.o)
                0x00001568                CapSense_InitializeAllBaselines
 .text.CapSense_UpdateBaselineNoThreshold
                0x0000157c       0xac .\CortexM0\ARM_GCC_493\Debug\PSOC_CapSense_2_BLE.a(CapSense_CSHL.o)
                0x0000157c                CapSense_UpdateBaselineNoThreshold
 .text.CapSense_UpdateSensorBaseline
                0x00001628        0x8 .\CortexM0\ARM_GCC_493\Debug\PSOC_CapSense_2_BLE.a(CapSense_CSHL.o)
                0x00001628                CapSense_UpdateSensorBaseline
 .text.CapSense_UpdateEnabledBaselines
                0x00001630       0x24 .\CortexM0\ARM_GCC_493\Debug\PSOC_CapSense_2_BLE.a(CapSense_CSHL.o)
                0x00001630                CapSense_UpdateEnabledBaselines
 .text.CapSense_ISR
                0x00001654       0x9c .\CortexM0\ARM_GCC_493\Debug\PSOC_CapSense_2_BLE.a(CapSense_INT.o)
                0x00001654                CapSense_ISR
 .text.BLUE_SetDriveMode
                0x000016f0       0x18 .\CortexM0\ARM_GCC_493\Debug\PSOC_CapSense_2_BLE.a(BLUE.o)
                0x000016f0                BLUE_SetDriveMode
 .text.GREEN_SetDriveMode
                0x00001708       0x18 .\CortexM0\ARM_GCC_493\Debug\PSOC_CapSense_2_BLE.a(GREEN.o)
                0x00001708                GREEN_SetDriveMode
 .text.RED_SetDriveMode
                0x00001720       0x18 .\CortexM0\ARM_GCC_493\Debug\PSOC_CapSense_2_BLE.a(RED.o)
                0x00001720                RED_SetDriveMode
 .text.CapSense_SampleClk_StartEx
                0x00001738       0x1c .\CortexM0\ARM_GCC_493\Debug\PSOC_CapSense_2_BLE.a(CapSense_SampleClk.o)
                0x00001738                CapSense_SampleClk_StartEx
 .text.CapSense_SampleClk_Stop
                0x00001754       0x18 .\CortexM0\ARM_GCC_493\Debug\PSOC_CapSense_2_BLE.a(CapSense_SampleClk.o)
                0x00001754                CapSense_SampleClk_Stop
 .text.CapSense_SampleClk_SetFractionalDividerRegister
                0x0000176c       0x20 .\CortexM0\ARM_GCC_493\Debug\PSOC_CapSense_2_BLE.a(CapSense_SampleClk.o)
                0x0000176c                CapSense_SampleClk_SetFractionalDividerRegister
 .text.CapSense_SenseClk_StartEx
                0x0000178c       0x1c .\CortexM0\ARM_GCC_493\Debug\PSOC_CapSense_2_BLE.a(CapSense_SenseClk.o)
                0x0000178c                CapSense_SenseClk_StartEx
 .text.CapSense_SenseClk_Stop
                0x000017a8       0x18 .\CortexM0\ARM_GCC_493\Debug\PSOC_CapSense_2_BLE.a(CapSense_SenseClk.o)
                0x000017a8                CapSense_SenseClk_Stop
 .text.CapSense_SenseClk_SetFractionalDividerRegister
                0x000017c0       0x20 .\CortexM0\ARM_GCC_493\Debug\PSOC_CapSense_2_BLE.a(CapSense_SenseClk.o)
                0x000017c0                CapSense_SenseClk_SetFractionalDividerRegister
 .text          0x000017e0       0x20 .\CortexM0\ARM_GCC_493\Debug\PSOC_CapSense_2_BLE.a(CyBootAsmGnu.o)
                0x000017e0                CyDelayCycles
                0x000017f2                CyEnterCriticalSection
                0x000017fa                CyExitCriticalSection
 .text.CySysClkWriteImoFreq
                0x00001800       0x64 .\CortexM0\ARM_GCC_493\Debug\PSOC_CapSense_2_BLE.a(CyLib.o)
                0x00001800                CySysClkWriteImoFreq
 .text.CySysClkEcoReadStatus
                0x00001864       0x10 .\CortexM0\ARM_GCC_493\Debug\PSOC_CapSense_2_BLE.a(CyLib.o)
                0x00001864                CySysClkEcoReadStatus
 .text.CyIntEnable
                0x00001874       0x14 .\CortexM0\ARM_GCC_493\Debug\PSOC_CapSense_2_BLE.a(CyLib.o)
                0x00001874                CyIntEnable
 .text.CyIntDisable
                0x00001888       0x14 .\CortexM0\ARM_GCC_493\Debug\PSOC_CapSense_2_BLE.a(CyLib.o)
                0x00001888                CyIntDisable
 .text.CyHalt   0x0000189c        0x4 .\CortexM0\ARM_GCC_493\Debug\PSOC_CapSense_2_BLE.a(CyLib.o)
                0x0000189c                CyHalt
 .text.CyIntSetVector
                0x000018a0       0x24 .\CortexM0\ARM_GCC_493\Debug\PSOC_CapSense_2_BLE.a(CyLib.o)
                0x000018a0                CyIntSetVector
 .text.CyIntSetPriority
                0x000018c4       0x4c .\CortexM0\ARM_GCC_493\Debug\PSOC_CapSense_2_BLE.a(CyLib.o)
                0x000018c4                CyIntSetPriority
 .text.CyDelayUs
                0x00001910       0x14 .\CortexM0\ARM_GCC_493\Debug\PSOC_CapSense_2_BLE.a(CyLib.o)
                0x00001910                CyDelayUs
 .text.CySysClkEcoStart
                0x00001924       0x54 .\CortexM0\ARM_GCC_493\Debug\PSOC_CapSense_2_BLE.a(CyLib.o)
                0x00001924                CySysClkEcoStart
 .text.CySysPmSleep
                0x00001978       0x1c .\CortexM0\ARM_GCC_493\Debug\PSOC_CapSense_2_BLE.a(cyPm.o)
                0x00001978                CySysPmSleep
 .text.CySysWdtLocked
                0x00001994       0x14 .\CortexM0\ARM_GCC_493\Debug\PSOC_CapSense_2_BLE.a(CyLFClk.o)
 .text.CySysClkWcoStart
                0x000019a8       0x40 .\CortexM0\ARM_GCC_493\Debug\PSOC_CapSense_2_BLE.a(CyLFClk.o)
                0x000019a8                CySysClkWcoStart
 .text.CySysClkWcoSetPowerMode
                0x000019e8       0x80 .\CortexM0\ARM_GCC_493\Debug\PSOC_CapSense_2_BLE.a(CyLFClk.o)
                0x000019e8                CySysClkWcoSetPowerMode
 .text.CySysWdtLock
                0x00001a68       0x1c .\CortexM0\ARM_GCC_493\Debug\PSOC_CapSense_2_BLE.a(CyLFClk.o)
                0x00001a68                CySysWdtLock
 .text.CySysWdtUnlock
                0x00001a84       0x30 .\CortexM0\ARM_GCC_493\Debug\PSOC_CapSense_2_BLE.a(CyLFClk.o)
                0x00001a84                CySysWdtUnlock
 .text.CySysWdtClearInterrupt
                0x00001ab4       0x4c .\CortexM0\ARM_GCC_493\Debug\PSOC_CapSense_2_BLE.a(CyLFClk.o)
                0x00001ab4                CySysWdtClearInterrupt
 .text.CySysWdtIsr
                0x00001b00       0xa4 .\CortexM0\ARM_GCC_493\Debug\PSOC_CapSense_2_BLE.a(CyLFClk.o)
                0x00001b00                CySysWdtIsr
 .text.CyBLE_Bless_LlRegWrite
                0x00001ba4        0x4 .\CortexM0\ARM_GCC_493\Debug\PSOC_CapSense_2_BLE.a(BLE_HAL_PVT.o)
                0x00001ba4                CyBLE_Bless_LlRegWrite
 .text.CyBLE_Bless_RfRegWrite
                0x00001ba8        0x4 .\CortexM0\ARM_GCC_493\Debug\PSOC_CapSense_2_BLE.a(BLE_HAL_PVT.o)
                0x00001ba8                CyBLE_Bless_RfRegWrite
 .text.CyBLE_BlessDeviceConfig
                0x00001bac       0xdc .\CortexM0\ARM_GCC_493\Debug\PSOC_CapSense_2_BLE.a(BLE_HAL_PVT.o)
                0x00001bac                CyBLE_BlessDeviceConfig
 .text.CyBleHal_DelayUs
                0x00001c88        0x8 .\CortexM0\ARM_GCC_493\Debug\PSOC_CapSense_2_BLE.a(BLE_HAL_PVT.o)
                0x00001c88                CyBleHal_DelayUs
 .text.CyBleHal_EnableGlobalInterrupts
                0x00001c90        0x8 .\CortexM0\ARM_GCC_493\Debug\PSOC_CapSense_2_BLE.a(BLE_HAL_PVT.o)
                0x00001c90                CyBleHal_EnableGlobalInterrupts
 .text.CyBleHal_DisableGlobalInterrupts
                0x00001c98        0x8 .\CortexM0\ARM_GCC_493\Debug\PSOC_CapSense_2_BLE.a(BLE_HAL_PVT.o)
                0x00001c98                CyBleHal_DisableGlobalInterrupts
 .text.CyBle_HalInit
                0x00001ca0       0x18 .\CortexM0\ARM_GCC_493\Debug\PSOC_CapSense_2_BLE.a(BLE_HAL_PVT.o)
                0x00001ca0                CyBle_HalInit
 .text.CYBLE_BlessStart
                0x00001cb8       0x10 .\CortexM0\ARM_GCC_493\Debug\PSOC_CapSense_2_BLE.a(BLE_HAL_PVT.o)
                0x00001cb8                CYBLE_BlessStart
 .text.BLE_bless_isr_SetVector
                0x00001cc8        0xc .\CortexM0\ARM_GCC_493\Debug\PSOC_CapSense_2_BLE.a(BLE_bless_isr.o)
                0x00001cc8                BLE_bless_isr_SetVector
 .text.BLE_bless_isr_SetPriority
                0x00001cd4       0x20 .\CortexM0\ARM_GCC_493\Debug\PSOC_CapSense_2_BLE.a(BLE_bless_isr.o)
                0x00001cd4                BLE_bless_isr_SetPriority
 .text.BLE_bless_isr_Enable
                0x00001cf4       0x10 .\CortexM0\ARM_GCC_493\Debug\PSOC_CapSense_2_BLE.a(BLE_bless_isr.o)
                0x00001cf4                BLE_bless_isr_Enable
 .text.BLE_bless_isr_Disable
                0x00001d04       0x10 .\CortexM0\ARM_GCC_493\Debug\PSOC_CapSense_2_BLE.a(BLE_bless_isr.o)
                0x00001d04                BLE_bless_isr_Disable
 .text.BLE_bless_isr_StartEx
                0x00001d14       0x1c .\CortexM0\ARM_GCC_493\Debug\PSOC_CapSense_2_BLE.a(BLE_bless_isr.o)
                0x00001d14                BLE_bless_isr_StartEx
 .text.CyBLE_Bless_Interrupt
                0x00001d30        0x8 .\CortexM0\ARM_GCC_493\Debug\PSOC_CapSense_2_BLE.a(BLE_HAL_INT.o)
                0x00001d30                CyBLE_Bless_Interrupt
 .text          0x00001d38      0x120 c:/program files (x86)/cypress/psoc creator/3.3/psoc creator/import/gnu/arm/4.9.3/bin/../lib/gcc/arm-none-eabi/4.9.3/armv6-m\libgcc.a(_udivsi3.o)
                0x00001d38                __aeabi_uidiv
                0x00001d38                __udivsi3
                0x00001e44                __aeabi_uidivmod
 .text          0x00001e58      0x1e0 c:/program files (x86)/cypress/psoc creator/3.3/psoc creator/import/gnu/arm/4.9.3/bin/../lib/gcc/arm-none-eabi/4.9.3/armv6-m\libgcc.a(_divsi3.o)
                0x00001e58                __divsi3
                0x00001e58                __aeabi_idiv
                0x00002024                __aeabi_idivmod
 .text          0x00002038        0x4 c:/program files (x86)/cypress/psoc creator/3.3/psoc creator/import/gnu/arm/4.9.3/bin/../lib/gcc/arm-none-eabi/4.9.3/armv6-m\libgcc.a(_dvmd_tls.o)
                0x00002038                __aeabi_idiv0
                0x00002038                __aeabi_ldiv0
 .text.__libc_init_array
                0x0000203c       0x4c c:/program files (x86)/cypress/psoc creator/3.3/psoc creator/import/gnu/arm/4.9.3/bin/../lib/gcc/arm-none-eabi/4.9.3/../../../../arm-none-eabi/lib/armv6-m\libg_nano.a(lib_a-init.o)
                0x0000203c                __libc_init_array
 .text.memcmp   0x00002088       0x1e c:/program files (x86)/cypress/psoc creator/3.3/psoc creator/import/gnu/arm/4.9.3/bin/../lib/gcc/arm-none-eabi/4.9.3/../../../../arm-none-eabi/lib/armv6-m\libg_nano.a(lib_a-memcmp.o)
                0x00002088                memcmp
 .text.memcpy   0x000020a6       0x12 c:/program files (x86)/cypress/psoc creator/3.3/psoc creator/import/gnu/arm/4.9.3/bin/../lib/gcc/arm-none-eabi/4.9.3/../../../../arm-none-eabi/lib/armv6-m\libg_nano.a(lib_a-memcpy.o)
                0x000020a6                memcpy
 .text.memset   0x000020b8       0x10 c:/program files (x86)/cypress/psoc creator/3.3/psoc creator/import/gnu/arm/4.9.3/bin/../lib/gcc/arm-none-eabi/4.9.3/../../../../arm-none-eabi/lib/armv6-m\libg_nano.a(lib_a-memset.o)
                0x000020b8                memset
 *(.plt)
 *(.gnu.warning)
 *(.glue_7t)
 .glue_7t       0x00000000        0x0 linker stubs
 *(.glue_7)
 .glue_7        0x00000000        0x0 linker stubs
 *(.vfp11_veneer)
 .vfp11_veneer  0x00000000        0x0 linker stubs
 *(.bootloader)
 *(.ARM.extab* .gnu.linkonce.armextab.*)
 *(.gcc_except_table)

.v4_bx          0x000020c8        0x0
 .v4_bx         0x00000000        0x0 linker stubs

.iplt           0x000020c8        0x0
 .iplt          0x00000000        0x0 c:/program files (x86)/cypress/psoc creator/3.3/psoc creator/import/gnu/arm/4.9.3/bin/../lib/gcc/arm-none-eabi/4.9.3/armv6-m/crtbegin.o

i.CyBle_ExitLPM
                0x000020c8        0x8
 i.CyBle_ExitLPM
                0x000020c8        0x8 C:\Program Files (x86)\Cypress\PSoC Creator\3.3\PSoC Creator\psoc\content\cycomponentlibrary\CyComponentLibrary.cylib\BLE_v2_20\Library\gccCyBLEStack_BLE_SOC_PERIPHERAL.a(CyBle.o)
                0x000020c8                CyBle_ExitLPM

i.CyBle_ProcessEvents
                0x000020d0        0x8
 i.CyBle_ProcessEvents
                0x000020d0        0x8 C:\Program Files (x86)\Cypress\PSoC Creator\3.3\PSoC Creator\psoc\content\cycomponentlibrary\CyComponentLibrary.cylib\BLE_v2_20\Library\gccCyBLEStack_BLE_SOC_PERIPHERAL.a(CyBle.o)
                0x000020d0                CyBle_ProcessEvents

i.CyBle_SetDeviceAddress
                0x000020d8       0x24
 i.CyBle_SetDeviceAddress
                0x000020d8       0x24 C:\Program Files (x86)\Cypress\PSoC Creator\3.3\PSoC Creator\psoc\content\cycomponentlibrary\CyComponentLibrary.cylib\BLE_v2_20\Library\gccCyBLEStack_BLE_SOC_PERIPHERAL.a(CyBle.o)
                0x000020d8                CyBle_SetDeviceAddress

i.CyBle_StackInit
                0x000020fc       0xfc
 i.CyBle_StackInit
                0x000020fc       0xfc C:\Program Files (x86)\Cypress\PSoC Creator\3.3\PSoC Creator\psoc\content\cycomponentlibrary\CyComponentLibrary.cylib\BLE_v2_20\Library\gccCyBLEStack_BLE_SOC_PERIPHERAL.a(CyBle.o)
                0x000020fc                CyBle_StackInit

i.CyBle_StackValidateInputParams
                0x000021f8       0xf4
 i.CyBle_StackValidateInputParams
                0x000021f8       0xf4 C:\Program Files (x86)\Cypress\PSoC Creator\3.3\PSoC Creator\psoc\content\cycomponentlibrary\CyComponentLibrary.cylib\BLE_v2_20\Library\gccCyBLEStack_BLE_SOC_PERIPHERAL.a(CyBle.o)

i.__ARM_common_switch8
                0x000022ec       0x1a
 i.__ARM_common_switch8
                0x000022ec       0x1a C:\Program Files (x86)\Cypress\PSoC Creator\3.3\PSoC Creator\psoc\content\cycomponentlibrary\CyComponentLibrary.cylib\BLE_v2_20\Library\gccCyBLEStack_BLE_SOC_PERIPHERAL.a(CyBle.o)
                0x000022ec                __ARM_common_switch8

i.CyBleStackMgr_Init
                0x00002308       0x9c
 i.CyBleStackMgr_Init
                0x00002308       0x9c C:\Program Files (x86)\Cypress\PSoC Creator\3.3\PSoC Creator\psoc\content\cycomponentlibrary\CyComponentLibrary.cylib\BLE_v2_20\Library\gccCyBLEStack_BLE_SOC_PERIPHERAL.a(CyBleStackMgrIP_Interface.o)
                0x00002308                CyBleStackMgr_Init

i.CyBleStackMgr_ProcessBleEvents
                0x000023a4       0x14
 i.CyBleStackMgr_ProcessBleEvents
                0x000023a4       0x14 C:\Program Files (x86)\Cypress\PSoC Creator\3.3\PSoC Creator\psoc\content\cycomponentlibrary\CyComponentLibrary.cylib\BLE_v2_20\Library\gccCyBLEStack_BLE_SOC_PERIPHERAL.a(CyBleStackMgrIP_Interface.o)
                0x000023a4                CyBleStackMgr_ProcessBleEvents

i.CyBle_GetHeapMemory
                0x000023b8       0x28
 i.CyBle_GetHeapMemory
                0x000023b8       0x28 C:\Program Files (x86)\Cypress\PSoC Creator\3.3\PSoC Creator\psoc\content\cycomponentlibrary\CyComponentLibrary.cylib\BLE_v2_20\Library\gccCyBLEStack_BLE_SOC_PERIPHERAL.a(CyBleStackMgrIP_Interface.o)
                0x000023b8                CyBle_GetHeapMemory

i.CyBle_GetNumAppBufferPools
                0x000023e0        0xc
 i.CyBle_GetNumAppBufferPools
                0x000023e0        0xc C:\Program Files (x86)\Cypress\PSoC Creator\3.3\PSoC Creator\psoc\content\cycomponentlibrary\CyComponentLibrary.cylib\BLE_v2_20\Library\gccCyBLEStack_BLE_SOC_PERIPHERAL.a(CyBleStackMgrIP_Interface.o)
                0x000023e0                CyBle_GetNumAppBufferPools

i.CyBle_HostStackBufferPoolInit
                0x000023ec       0xec
 i.CyBle_HostStackBufferPoolInit
                0x000023ec       0xec C:\Program Files (x86)\Cypress\PSoC Creator\3.3\PSoC Creator\psoc\content\cycomponentlibrary\CyComponentLibrary.cylib\BLE_v2_20\Library\gccCyBLEStack_BLE_SOC_PERIPHERAL.a(CyBleStackMgrIP_Interface.o)

i.ble_stack_idle_task_callback
                0x000024d8        0x2
 i.ble_stack_idle_task_callback
                0x000024d8        0x2 C:\Program Files (x86)\Cypress\PSoC Creator\3.3\PSoC Creator\psoc\content\cycomponentlibrary\CyComponentLibrary.cylib\BLE_v2_20\Library\gccCyBLEStack_BLE_SOC_PERIPHERAL.a(CyBleStackMgrIP_Interface.o)
                0x000024d8                ble_stack_idle_task_callback

i.BT_OSFreeBuf  0x000024dc       0x20
 i.BT_OSFreeBuf
                0x000024dc       0x20 C:\Program Files (x86)\Cypress\PSoC Creator\3.3\PSoC Creator\psoc\content\cycomponentlibrary\CyComponentLibrary.cylib\BLE_v2_20\Library\gccCyBLEStack_BLE_SOC_PERIPHERAL.a(BT_os.o)
                0x000024dc                BT_OSFreeBuf

i.BT_OSGetBuF   0x000024fc       0x34
 i.BT_OSGetBuF  0x000024fc       0x34 C:\Program Files (x86)\Cypress\PSoC Creator\3.3\PSoC Creator\psoc\content\cycomponentlibrary\CyComponentLibrary.cylib\BLE_v2_20\Library\gccCyBLEStack_BLE_SOC_PERIPHERAL.a(BT_os.o)
                0x000024fc                BT_OSGetBuF

i.BT_OSMemCreate
                0x00002530       0x3c
 i.BT_OSMemCreate
                0x00002530       0x3c C:\Program Files (x86)\Cypress\PSoC Creator\3.3\PSoC Creator\psoc\content\cycomponentlibrary\CyComponentLibrary.cylib\BLE_v2_20\Library\gccCyBLEStack_BLE_SOC_PERIPHERAL.a(BT_os.o)
                0x00002530                BT_OSMemCreate

i.BT_alloc_mem_ext
                0x0000256c       0x3c
 i.BT_alloc_mem_ext
                0x0000256c       0x3c C:\Program Files (x86)\Cypress\PSoC Creator\3.3\PSoC Creator\psoc\content\cycomponentlibrary\CyComponentLibrary.cylib\BLE_v2_20\Library\gccCyBLEStack_BLE_SOC_PERIPHERAL.a(BT_os.o)
                0x0000256c                BT_alloc_mem_ext

i.BT_free_mem   0x000025a8        0xc
 i.BT_free_mem  0x000025a8        0xc C:\Program Files (x86)\Cypress\PSoC Creator\3.3\PSoC Creator\psoc\content\cycomponentlibrary\CyComponentLibrary.cylib\BLE_v2_20\Library\gccCyBLEStack_BLE_SOC_PERIPHERAL.a(BT_os.o)
                0x000025a8                BT_free_mem

i.bt_stack_create_buffer_pool
                0x000025b4       0x30
 i.bt_stack_create_buffer_pool
                0x000025b4       0x30 C:\Program Files (x86)\Cypress\PSoC Creator\3.3\PSoC Creator\psoc\content\cycomponentlibrary\CyComponentLibrary.cylib\BLE_v2_20\Library\gccCyBLEStack_BLE_SOC_PERIPHERAL.a(BT_os.o)
                0x000025b4                bt_stack_create_buffer_pool

i.CyBle_CheckBleStackTaskStatus
                0x000025e4        0x4
 i.CyBle_CheckBleStackTaskStatus
                0x000025e4        0x4 C:\Program Files (x86)\Cypress\PSoC Creator\3.3\PSoC Creator\psoc\content\cycomponentlibrary\CyComponentLibrary.cylib\BLE_v2_20\Library\gccCyBLEStack_BLE_SOC_PERIPHERAL.a(CyBleStackMgr_StackTaskHandler.o)
                0x000025e4                CyBle_CheckBleStackTaskStatus

i.CyBle_CreateBleStackTask
                0x000025e8       0x2c
 i.CyBle_CreateBleStackTask
                0x000025e8       0x2c C:\Program Files (x86)\Cypress\PSoC Creator\3.3\PSoC Creator\psoc\content\cycomponentlibrary\CyComponentLibrary.cylib\BLE_v2_20\Library\gccCyBLEStack_BLE_SOC_PERIPHERAL.a(CyBleStackMgr_StackTaskHandler.o)
                0x000025e8                CyBle_CreateBleStackTask

i.CyBle_SignalBleStackTask
                0x00002614       0x50
 i.CyBle_SignalBleStackTask
                0x00002614       0x50 C:\Program Files (x86)\Cypress\PSoC Creator\3.3\PSoC Creator\psoc\content\cycomponentlibrary\CyComponentLibrary.cylib\BLE_v2_20\Library\gccCyBLEStack_BLE_SOC_PERIPHERAL.a(CyBleStackMgr_StackTaskHandler.o)
                0x00002614                CyBle_SignalBleStackTask

i.CyBle_StackTaskHandler
                0x00002664       0x5c
 i.CyBle_StackTaskHandler
                0x00002664       0x5c C:\Program Files (x86)\Cypress\PSoC Creator\3.3\PSoC Creator\psoc\content\cycomponentlibrary\CyComponentLibrary.cylib\BLE_v2_20\Library\gccCyBLEStack_BLE_SOC_PERIPHERAL.a(CyBleStackMgr_StackTaskHandler.o)
                0x00002664                CyBle_StackTaskHandler

i.hci_soft_transport_notify_data_received
                0x000026c0        0xc
 i.hci_soft_transport_notify_data_received
                0x000026c0        0xc C:\Program Files (x86)\Cypress\PSoC Creator\3.3\PSoC Creator\psoc\content\cycomponentlibrary\CyComponentLibrary.cylib\BLE_v2_20\Library\gccCyBLEStack_BLE_SOC_PERIPHERAL.a(transport_sf.o)
                0x000026c0                hci_soft_transport_notify_data_received

i.hci_soft_transport_rx_data
                0x000026cc       0x40
 i.hci_soft_transport_rx_data
                0x000026cc       0x40 C:\Program Files (x86)\Cypress\PSoC Creator\3.3\PSoC Creator\psoc\content\cycomponentlibrary\CyComponentLibrary.cylib\BLE_v2_20\Library\gccCyBLEStack_BLE_SOC_PERIPHERAL.a(transport_sf.o)
                0x000026cc                hci_soft_transport_rx_data

i.hci_transport_bt_init
                0x0000270c        0x2
 i.hci_transport_bt_init
                0x0000270c        0x2 C:\Program Files (x86)\Cypress\PSoC Creator\3.3\PSoC Creator\psoc\content\cycomponentlibrary\CyComponentLibrary.cylib\BLE_v2_20\Library\gccCyBLEStack_BLE_SOC_PERIPHERAL.a(transport_sf.o)
                0x0000270c                hci_transport_bt_init

i.hci_transport_init
                0x00002710       0x10
 i.hci_transport_init
                0x00002710       0x10 C:\Program Files (x86)\Cypress\PSoC Creator\3.3\PSoC Creator\psoc\content\cycomponentlibrary\CyComponentLibrary.cylib\BLE_v2_20\Library\gccCyBLEStack_BLE_SOC_PERIPHERAL.a(transport_sf.o)
                0x00002710                hci_transport_init

i.hci_transport_write_data
                0x00002720       0xd4
 i.hci_transport_write_data
                0x00002720       0xd4 C:\Program Files (x86)\Cypress\PSoC Creator\3.3\PSoC Creator\psoc\content\cycomponentlibrary\CyComponentLibrary.cylib\BLE_v2_20\Library\gccCyBLEStack_BLE_SOC_PERIPHERAL.a(transport_sf.o)
                0x00002720                hci_transport_write_data

i.pf_hci_soft_transport_write
                0x000027f4       0x44
 i.pf_hci_soft_transport_write
                0x000027f4       0x44 C:\Program Files (x86)\Cypress\PSoC Creator\3.3\PSoC Creator\psoc\content\cycomponentlibrary\CyComponentLibrary.cylib\BLE_v2_20\Library\gccCyBLEStack_BLE_SOC_PERIPHERAL.a(transport_sf.o)
                0x000027f4                pf_hci_soft_transport_write

i.pf_soft_hci_transport_init
                0x00002838        0xc
 i.pf_soft_hci_transport_init
                0x00002838        0xc C:\Program Files (x86)\Cypress\PSoC Creator\3.3\PSoC Creator\psoc\content\cycomponentlibrary\CyComponentLibrary.cylib\BLE_v2_20\Library\gccCyBLEStack_BLE_SOC_PERIPHERAL.a(transport_sf.o)
                0x00002838                pf_soft_hci_transport_init

i.CyBleStackMgr_GetTime
                0x00002844       0x14
 i.CyBleStackMgr_GetTime
                0x00002844       0x14 C:\Program Files (x86)\Cypress\PSoC Creator\3.3\PSoC Creator\psoc\content\cycomponentlibrary\CyComponentLibrary.cylib\BLE_v2_20\Library\gccCyBLEStack_BLE_SOC_PERIPHERAL.a(CyBleStackMgr_PSoCHal.o)
                0x00002844                CyBleStackMgr_GetTime

i.CyBleStackMgr_HalInit
                0x00002858       0x24
 i.CyBleStackMgr_HalInit
                0x00002858       0x24 C:\Program Files (x86)\Cypress\PSoC Creator\3.3\PSoC Creator\psoc\content\cycomponentlibrary\CyComponentLibrary.cylib\BLE_v2_20\Library\gccCyBLEStack_BLE_SOC_PERIPHERAL.a(CyBleStackMgr_PSoCHal.o)
                0x00002858                CyBleStackMgr_HalInit

i.CyBleStackMgr_HalIntrEnable
                0x0000287c        0x8
 i.CyBleStackMgr_HalIntrEnable
                0x0000287c        0x8 C:\Program Files (x86)\Cypress\PSoC Creator\3.3\PSoC Creator\psoc\content\cycomponentlibrary\CyComponentLibrary.cylib\BLE_v2_20\Library\gccCyBLEStack_BLE_SOC_PERIPHERAL.a(CyBleStackMgr_PSoCHal.o)
                0x0000287c                CyBleStackMgr_HalIntrEnable

i.CyBleStackMgr_HandleLinkLayerTick
                0x00002884       0x5c
 i.CyBleStackMgr_HandleLinkLayerTick
                0x00002884       0x5c C:\Program Files (x86)\Cypress\PSoC Creator\3.3\PSoC Creator\psoc\content\cycomponentlibrary\CyComponentLibrary.cylib\BLE_v2_20\Library\gccCyBLEStack_BLE_SOC_PERIPHERAL.a(CyBleStackMgr_PSoCHal.o)
                0x00002884                CyBleStackMgr_HandleLinkLayerTick

i.CyBleStackMgr_HciPortInit
                0x000028e0        0xc
 i.CyBleStackMgr_HciPortInit
                0x000028e0        0xc C:\Program Files (x86)\Cypress\PSoC Creator\3.3\PSoC Creator\psoc\content\cycomponentlibrary\CyComponentLibrary.cylib\BLE_v2_20\Library\gccCyBLEStack_BLE_SOC_PERIPHERAL.a(CyBleStackMgr_PSoCHal.o)
                0x000028e0                CyBleStackMgr_HciPortInit

i.CyBleStackMgr_HciPortReset
                0x000028ec        0x2
 i.CyBleStackMgr_HciPortReset
                0x000028ec        0x2 C:\Program Files (x86)\Cypress\PSoC Creator\3.3\PSoC Creator\psoc\content\cycomponentlibrary\CyComponentLibrary.cylib\BLE_v2_20\Library\gccCyBLEStack_BLE_SOC_PERIPHERAL.a(CyBleStackMgr_PSoCHal.o)
                0x000028ec                CyBleStackMgr_HciPortReset

i.CyBleStackMgr_HciPortWrite
                0x000028ee        0x8
 i.CyBleStackMgr_HciPortWrite
                0x000028ee        0x8 C:\Program Files (x86)\Cypress\PSoC Creator\3.3\PSoC Creator\psoc\content\cycomponentlibrary\CyComponentLibrary.cylib\BLE_v2_20\Library\gccCyBLEStack_BLE_SOC_PERIPHERAL.a(CyBleStackMgr_PSoCHal.o)
                0x000028ee                CyBleStackMgr_HciPortWrite

i.CyBleStackMgr_ResetLinkLayerTimerEntity
                0x000028f8       0x14
 i.CyBleStackMgr_ResetLinkLayerTimerEntity
                0x000028f8       0x14 C:\Program Files (x86)\Cypress\PSoC Creator\3.3\PSoC Creator\psoc\content\cycomponentlibrary\CyComponentLibrary.cylib\BLE_v2_20\Library\gccCyBLEStack_BLE_SOC_PERIPHERAL.a(CyBleStackMgr_PSoCHal.o)
                0x000028f8                CyBleStackMgr_ResetLinkLayerTimerEntity

i.CyBleStackMgr_TimerStart
                0x0000290c       0x2c
 i.CyBleStackMgr_TimerStart
                0x0000290c       0x2c C:\Program Files (x86)\Cypress\PSoC Creator\3.3\PSoC Creator\psoc\content\cycomponentlibrary\CyComponentLibrary.cylib\BLE_v2_20\Library\gccCyBLEStack_BLE_SOC_PERIPHERAL.a(CyBleStackMgr_PSoCHal.o)
                0x0000290c                CyBleStackMgr_TimerStart

i.CyBleStackMgr_TimerStop
                0x00002938       0x18
 i.CyBleStackMgr_TimerStop
                0x00002938       0x18 C:\Program Files (x86)\Cypress\PSoC Creator\3.3\PSoC Creator\psoc\content\cycomponentlibrary\CyComponentLibrary.cylib\BLE_v2_20\Library\gccCyBLEStack_BLE_SOC_PERIPHERAL.a(CyBleStackMgr_PSoCHal.o)
                0x00002938                CyBleStackMgr_TimerStop

i.CyBleStackMgr_isTimerRunning
                0x00002950       0x10
 i.CyBleStackMgr_isTimerRunning
                0x00002950       0x10 C:\Program Files (x86)\Cypress\PSoC Creator\3.3\PSoC Creator\psoc\content\cycomponentlibrary\CyComponentLibrary.cylib\BLE_v2_20\Library\gccCyBLEStack_BLE_SOC_PERIPHERAL.a(CyBleStackMgr_PSoCHal.o)
                0x00002950                CyBleStackMgr_isTimerRunning

i.CyBleAtlantisRadioInit
                0x00002960      0x110
 i.CyBleAtlantisRadioInit
                0x00002960      0x110 C:\Program Files (x86)\Cypress\PSoC Creator\3.3\PSoC Creator\psoc\content\cycomponentlibrary\CyComponentLibrary.cylib\BLE_v2_20\Library\gccCyBLEStack_BLE_SOC_PERIPHERAL.a(CyBleStackMgr_BleSSDriver.o)

i.CyBleStackMgr_BleSSFifoRead
                0x00002a70       0x38
 i.CyBleStackMgr_BleSSFifoRead
                0x00002a70       0x38 C:\Program Files (x86)\Cypress\PSoC Creator\3.3\PSoC Creator\psoc\content\cycomponentlibrary\CyComponentLibrary.cylib\BLE_v2_20\Library\gccCyBLEStack_BLE_SOC_PERIPHERAL.a(CyBleStackMgr_BleSSDriver.o)
                0x00002a70                CyBleStackMgr_BleSSFifoRead

i.CyBleStackMgr_BleSSFifoWrite
                0x00002aa8       0x30
 i.CyBleStackMgr_BleSSFifoWrite
                0x00002aa8       0x30 C:\Program Files (x86)\Cypress\PSoC Creator\3.3\PSoC Creator\psoc\content\cycomponentlibrary\CyComponentLibrary.cylib\BLE_v2_20\Library\gccCyBLEStack_BLE_SOC_PERIPHERAL.a(CyBleStackMgr_BleSSDriver.o)
                0x00002aa8                CyBleStackMgr_BleSSFifoWrite

i.CyBleStackMgr_BleSSInit
                0x00002ad8       0x50
 i.CyBleStackMgr_BleSSInit
                0x00002ad8       0x50 C:\Program Files (x86)\Cypress\PSoC Creator\3.3\PSoC Creator\psoc\content\cycomponentlibrary\CyComponentLibrary.cylib\BLE_v2_20\Library\gccCyBLEStack_BLE_SOC_PERIPHERAL.a(CyBleStackMgr_BleSSDriver.o)
                0x00002ad8                CyBleStackMgr_BleSSInit

i.CyBleStackMgr_BleSSMemRead
                0x00002b28       0x26
 i.CyBleStackMgr_BleSSMemRead
                0x00002b28       0x26 C:\Program Files (x86)\Cypress\PSoC Creator\3.3\PSoC Creator\psoc\content\cycomponentlibrary\CyComponentLibrary.cylib\BLE_v2_20\Library\gccCyBLEStack_BLE_SOC_PERIPHERAL.a(CyBleStackMgr_BleSSDriver.o)
                0x00002b28                CyBleStackMgr_BleSSMemRead

i.CyBleStackMgr_BleSSMemWrite
                0x00002b50       0x34
 i.CyBleStackMgr_BleSSMemWrite
                0x00002b50       0x34 C:\Program Files (x86)\Cypress\PSoC Creator\3.3\PSoC Creator\psoc\content\cycomponentlibrary\CyComponentLibrary.cylib\BLE_v2_20\Library\gccCyBLEStack_BLE_SOC_PERIPHERAL.a(CyBleStackMgr_BleSSDriver.o)
                0x00002b50                CyBleStackMgr_BleSSMemWrite

i.CyBleStackMgr_BleSSRegRead
                0x00002b84        0xc
 i.CyBleStackMgr_BleSSRegRead
                0x00002b84        0xc C:\Program Files (x86)\Cypress\PSoC Creator\3.3\PSoC Creator\psoc\content\cycomponentlibrary\CyComponentLibrary.cylib\BLE_v2_20\Library\gccCyBLEStack_BLE_SOC_PERIPHERAL.a(CyBleStackMgr_BleSSDriver.o)
                0x00002b84                CyBleStackMgr_BleSSRegRead

i.CyBleStackMgr_BleSSRegWrite
                0x00002b90        0xc
 i.CyBleStackMgr_BleSSRegWrite
                0x00002b90        0xc C:\Program Files (x86)\Cypress\PSoC Creator\3.3\PSoC Creator\psoc\content\cycomponentlibrary\CyComponentLibrary.cylib\BLE_v2_20\Library\gccCyBLEStack_BLE_SOC_PERIPHERAL.a(CyBleStackMgr_BleSSDriver.o)
                0x00002b90                CyBleStackMgr_BleSSRegWrite

i.CyBleStackMgr_BleSSReset
                0x00002b9c       0x38
 i.CyBleStackMgr_BleSSReset
                0x00002b9c       0x38 C:\Program Files (x86)\Cypress\PSoC Creator\3.3\PSoC Creator\psoc\content\cycomponentlibrary\CyComponentLibrary.cylib\BLE_v2_20\Library\gccCyBLEStack_BLE_SOC_PERIPHERAL.a(CyBleStackMgr_BleSSDriver.o)
                0x00002b9c                CyBleStackMgr_BleSSReset

i.CyBleStackMgr_GenericIface
                0x00002bd4       0x3c
 i.CyBleStackMgr_GenericIface
                0x00002bd4       0x3c C:\Program Files (x86)\Cypress\PSoC Creator\3.3\PSoC Creator\psoc\content\cycomponentlibrary\CyComponentLibrary.cylib\BLE_v2_20\Library\gccCyBLEStack_BLE_SOC_PERIPHERAL.a(CyBleStackMgr_BleSSDriver.o)
                0x00002bd4                CyBleStackMgr_GenericIface

i.CyBleStackMgr_HandleBleSSIntr
                0x00002c10       0x90
 i.CyBleStackMgr_HandleBleSSIntr
                0x00002c10       0x90 C:\Program Files (x86)\Cypress\PSoC Creator\3.3\PSoC Creator\psoc\content\cycomponentlibrary\CyComponentLibrary.cylib\BLE_v2_20\Library\gccCyBLEStack_BLE_SOC_PERIPHERAL.a(CyBleStackMgr_BleSSDriver.o)
                0x00002c10                CyBleStackMgr_HandleBleSSIntr

i.CyBleStackMgr_SetClockParam
                0x00002ca0       0xb4
 i.CyBleStackMgr_SetClockParam
                0x00002ca0       0xb4 C:\Program Files (x86)\Cypress\PSoC Creator\3.3\PSoC Creator\psoc\content\cycomponentlibrary\CyComponentLibrary.cylib\BLE_v2_20\Library\gccCyBLEStack_BLE_SOC_PERIPHERAL.a(CyBleStackMgr_BleSSDriver.o)

i.CyBle_ExitDsmMode
                0x00002d54       0x2c
 i.CyBle_ExitDsmMode
                0x00002d54       0x2c C:\Program Files (x86)\Cypress\PSoC Creator\3.3\PSoC Creator\psoc\content\cycomponentlibrary\CyComponentLibrary.cylib\BLE_v2_20\Library\gccCyBLEStack_BLE_SOC_PERIPHERAL.a(CyBleStackMgr_BleSSDriver.o)
                0x00002d54                CyBle_ExitDsmMode

i.CyBle_GetBleSsOperationalMode
                0x00002d80        0xc
 i.CyBle_GetBleSsOperationalMode
                0x00002d80        0xc C:\Program Files (x86)\Cypress\PSoC Creator\3.3\PSoC Creator\psoc\content\cycomponentlibrary\CyComponentLibrary.cylib\BLE_v2_20\Library\gccCyBLEStack_BLE_SOC_PERIPHERAL.a(CyBleStackMgr_BleSSDriver.o)
                0x00002d80                CyBle_GetBleSsOperationalMode

i.CyBle_GetLpMode
                0x00002d8c       0x26
 i.CyBle_GetLpMode
                0x00002d8c       0x26 C:\Program Files (x86)\Cypress\PSoC Creator\3.3\PSoC Creator\psoc\content\cycomponentlibrary\CyComponentLibrary.cylib\BLE_v2_20\Library\gccCyBLEStack_BLE_SOC_PERIPHERAL.a(CyBleStackMgr_BleSSDriver.o)
                0x00002d8c                CyBle_GetLpMode

i.CyBle_GetTxGainMode
                0x00002db4       0x2c
 i.CyBle_GetTxGainMode
                0x00002db4       0x2c C:\Program Files (x86)\Cypress\PSoC Creator\3.3\PSoC Creator\psoc\content\cycomponentlibrary\CyComponentLibrary.cylib\BLE_v2_20\Library\gccCyBLEStack_BLE_SOC_PERIPHERAL.a(CyBleStackMgr_BleSSDriver.o)
                0x00002db4                CyBle_GetTxGainMode

i.CyBle_SetBleSsOperationalMode
                0x00002de0       0x20
 i.CyBle_SetBleSsOperationalMode
                0x00002de0       0x20 C:\Program Files (x86)\Cypress\PSoC Creator\3.3\PSoC Creator\psoc\content\cycomponentlibrary\CyComponentLibrary.cylib\BLE_v2_20\Library\gccCyBLEStack_BLE_SOC_PERIPHERAL.a(CyBleStackMgr_BleSSDriver.o)
                0x00002de0                CyBle_SetBleSsOperationalMode

i.CyBle_SetEventCloseState
                0x00002e00        0xc
 i.CyBle_SetEventCloseState
                0x00002e00        0xc C:\Program Files (x86)\Cypress\PSoC Creator\3.3\PSoC Creator\psoc\content\cycomponentlibrary\CyComponentLibrary.cylib\BLE_v2_20\Library\gccCyBLEStack_BLE_SOC_PERIPHERAL.a(CyBleStackMgr_BleSSDriver.o)
                0x00002e00                CyBle_SetEventCloseState

i.CyBle_SetRxGainMode
                0x00002e0c       0x20
 i.CyBle_SetRxGainMode
                0x00002e0c       0x20 C:\Program Files (x86)\Cypress\PSoC Creator\3.3\PSoC Creator\psoc\content\cycomponentlibrary\CyComponentLibrary.cylib\BLE_v2_20\Library\gccCyBLEStack_BLE_SOC_PERIPHERAL.a(CyBleStackMgr_BleSSDriver.o)
                0x00002e0c                CyBle_SetRxGainMode

i.CyBle_SetTxGainMode
                0x00002e2c       0x38
 i.CyBle_SetTxGainMode
                0x00002e2c       0x38 C:\Program Files (x86)\Cypress\PSoC Creator\3.3\PSoC Creator\psoc\content\cycomponentlibrary\CyComponentLibrary.cylib\BLE_v2_20\Library\gccCyBLEStack_BLE_SOC_PERIPHERAL.a(CyBleStackMgr_BleSSDriver.o)
                0x00002e2c                CyBle_SetTxGainMode

i.pf_rf_get_abs_rssi
                0x00002e64       0x24
 i.pf_rf_get_abs_rssi
                0x00002e64       0x24 C:\Program Files (x86)\Cypress\PSoC Creator\3.3\PSoC Creator\psoc\content\cycomponentlibrary\CyComponentLibrary.cylib\BLE_v2_20\Library\gccCyBLEStack_BLE_SOC_PERIPHERAL.a(CyBleStackMgr_BleSSDriver.o)
                0x00002e64                pf_rf_get_abs_rssi

i.BleStackFlashStorageInit
                0x00002e88       0x74
 i.BleStackFlashStorageInit
                0x00002e88       0x74 C:\Program Files (x86)\Cypress\PSoC Creator\3.3\PSoC Creator\psoc\content\cycomponentlibrary\CyComponentLibrary.cylib\BLE_v2_20\Library\gccCyBLEStack_BLE_SOC_PERIPHERAL.a(storage_pl.o)
                0x00002e88                BleStackFlashStorageInit

i.BleStackWriteToFlashPending
                0x00002efc       0x24
 i.BleStackWriteToFlashPending
                0x00002efc       0x24 C:\Program Files (x86)\Cypress\PSoC Creator\3.3\PSoC Creator\psoc\content\cycomponentlibrary\CyComponentLibrary.cylib\BLE_v2_20\Library\gccCyBLEStack_BLE_SOC_PERIPHERAL.a(storage_pl.o)
                0x00002efc                BleStackWriteToFlashPending

i.BleStackWriteToFlashRam
                0x00002f20       0x70
 i.BleStackWriteToFlashRam
                0x00002f20       0x70 C:\Program Files (x86)\Cypress\PSoC Creator\3.3\PSoC Creator\psoc\content\cycomponentlibrary\CyComponentLibrary.cylib\BLE_v2_20\Library\gccCyBLEStack_BLE_SOC_PERIPHERAL.a(storage_pl.o)
                0x00002f20                BleStackWriteToFlashRam

i.storage_bt_init_pl
                0x00002f90       0x28
 i.storage_bt_init_pl
                0x00002f90       0x28 C:\Program Files (x86)\Cypress\PSoC Creator\3.3\PSoC Creator\psoc\content\cycomponentlibrary\CyComponentLibrary.cylib\BLE_v2_20\Library\gccCyBLEStack_BLE_SOC_PERIPHERAL.a(storage_pl.o)
                0x00002f90                storage_bt_init_pl

i.storage_close_pl
                0x00002fb8        0x4
 i.storage_close_pl
                0x00002fb8        0x4 C:\Program Files (x86)\Cypress\PSoC Creator\3.3\PSoC Creator\psoc\content\cycomponentlibrary\CyComponentLibrary.cylib\BLE_v2_20\Library\gccCyBLEStack_BLE_SOC_PERIPHERAL.a(storage_pl.o)
                0x00002fb8                storage_close_pl

i.storage_open_pl
                0x00002fbc       0x1c
 i.storage_open_pl
                0x00002fbc       0x1c C:\Program Files (x86)\Cypress\PSoC Creator\3.3\PSoC Creator\psoc\content\cycomponentlibrary\CyComponentLibrary.cylib\BLE_v2_20\Library\gccCyBLEStack_BLE_SOC_PERIPHERAL.a(storage_pl.o)
                0x00002fbc                storage_open_pl

i.storage_read_pl
                0x00002fd8       0x28
 i.storage_read_pl
                0x00002fd8       0x28 C:\Program Files (x86)\Cypress\PSoC Creator\3.3\PSoC Creator\psoc\content\cycomponentlibrary\CyComponentLibrary.cylib\BLE_v2_20\Library\gccCyBLEStack_BLE_SOC_PERIPHERAL.a(storage_pl.o)
                0x00002fd8                storage_read_pl

i.storage_read_signature_pl
                0x00003000       0x2c
 i.storage_read_signature_pl
                0x00003000       0x2c C:\Program Files (x86)\Cypress\PSoC Creator\3.3\PSoC Creator\psoc\content\cycomponentlibrary\CyComponentLibrary.cylib\BLE_v2_20\Library\gccCyBLEStack_BLE_SOC_PERIPHERAL.a(storage_pl.o)
                0x00003000                storage_read_signature_pl

i.storage_register_flash_pointer
                0x0000302c       0x20
 i.storage_register_flash_pointer
                0x0000302c       0x20 C:\Program Files (x86)\Cypress\PSoC Creator\3.3\PSoC Creator\psoc\content\cycomponentlibrary\CyComponentLibrary.cylib\BLE_v2_20\Library\gccCyBLEStack_BLE_SOC_PERIPHERAL.a(storage_pl.o)
                0x0000302c                storage_register_flash_pointer

i.storage_reset_storage_offset
                0x0000304c       0x10
 i.storage_reset_storage_offset
                0x0000304c       0x10 C:\Program Files (x86)\Cypress\PSoC Creator\3.3\PSoC Creator\psoc\content\cycomponentlibrary\CyComponentLibrary.cylib\BLE_v2_20\Library\gccCyBLEStack_BLE_SOC_PERIPHERAL.a(storage_pl.o)

i.storage_write_pl
                0x0000305c       0x24
 i.storage_write_pl
                0x0000305c       0x24 C:\Program Files (x86)\Cypress\PSoC Creator\3.3\PSoC Creator\psoc\content\cycomponentlibrary\CyComponentLibrary.cylib\BLE_v2_20\Library\gccCyBLEStack_BLE_SOC_PERIPHERAL.a(storage_pl.o)
                0x0000305c                storage_write_pl

i.storage_write_signature_pl
                0x00003080       0x14
 i.storage_write_signature_pl
                0x00003080       0x14 C:\Program Files (x86)\Cypress\PSoC Creator\3.3\PSoC Creator\psoc\content\cycomponentlibrary\CyComponentLibrary.cylib\BLE_v2_20\Library\gccCyBLEStack_BLE_SOC_PERIPHERAL.a(storage_pl.o)
                0x00003080                storage_write_signature_pl

i.OS_init       0x00003094       0x64
 i.OS_init      0x00003094       0x64 C:\Program Files (x86)\Cypress\PSoC Creator\3.3\PSoC Creator\psoc\content\cycomponentlibrary\CyComponentLibrary.cylib\BLE_v2_20\Library\gccCyBLEStack_BLE_SOC_PERIPHERAL.a(mint_os.o)
                0x00003094                OS_init

i.mintos_malloc
                0x000030f8       0x34
 i.mintos_malloc
                0x000030f8       0x34 C:\Program Files (x86)\Cypress\PSoC Creator\3.3\PSoC Creator\psoc\content\cycomponentlibrary\CyComponentLibrary.cylib\BLE_v2_20\Library\gccCyBLEStack_BLE_SOC_PERIPHERAL.a(mint_os.o)
                0x000030f8                mintos_malloc

i.OS_create_queue
                0x0000312c       0x64
 i.OS_create_queue
                0x0000312c       0x64 C:\Program Files (x86)\Cypress\PSoC Creator\3.3\PSoC Creator\psoc\content\cycomponentlibrary\CyComponentLibrary.cylib\BLE_v2_20\Library\gccCyBLEStack_BLE_SOC_PERIPHERAL.a(mint_os_queue.o)
                0x0000312c                OS_create_queue

i.OS_enqueue_item
                0x00003190       0x8c
 i.OS_enqueue_item
                0x00003190       0x8c C:\Program Files (x86)\Cypress\PSoC Creator\3.3\PSoC Creator\psoc\content\cycomponentlibrary\CyComponentLibrary.cylib\BLE_v2_20\Library\gccCyBLEStack_BLE_SOC_PERIPHERAL.a(mint_os_queue.o)
                0x00003190                OS_enqueue_item

i.OS_queue_get_num_of_items
                0x0000321c       0x28
 i.OS_queue_get_num_of_items
                0x0000321c       0x28 C:\Program Files (x86)\Cypress\PSoC Creator\3.3\PSoC Creator\psoc\content\cycomponentlibrary\CyComponentLibrary.cylib\BLE_v2_20\Library\gccCyBLEStack_BLE_SOC_PERIPHERAL.a(mint_os_queue.o)
                0x0000321c                OS_queue_get_num_of_items

i.OS_queue_mgmt_init
                0x00003244       0x40
 i.OS_queue_mgmt_init
                0x00003244       0x40 C:\Program Files (x86)\Cypress\PSoC Creator\3.3\PSoC Creator\psoc\content\cycomponentlibrary\CyComponentLibrary.cylib\BLE_v2_20\Library\gccCyBLEStack_BLE_SOC_PERIPHERAL.a(mint_os_queue.o)
                0x00003244                OS_queue_mgmt_init

i.OS_remove_item
                0x00003284       0xa0
 i.OS_remove_item
                0x00003284       0xa0 C:\Program Files (x86)\Cypress\PSoC Creator\3.3\PSoC Creator\psoc\content\cycomponentlibrary\CyComponentLibrary.cylib\BLE_v2_20\Library\gccCyBLEStack_BLE_SOC_PERIPHERAL.a(mint_os_queue.o)
                0x00003284                OS_remove_item

i.OS_create_task
                0x00003324       0x88
 i.OS_create_task
                0x00003324       0x88 C:\Program Files (x86)\Cypress\PSoC Creator\3.3\PSoC Creator\psoc\content\cycomponentlibrary\CyComponentLibrary.cylib\BLE_v2_20\Library\gccCyBLEStack_BLE_SOC_PERIPHERAL.a(mint_os_task.o)
                0x00003324                OS_create_task

i.OS_isr_send_signal_to_task
                0x000033ac        0xc
 i.OS_isr_send_signal_to_task
                0x000033ac        0xc C:\Program Files (x86)\Cypress\PSoC Creator\3.3\PSoC Creator\psoc\content\cycomponentlibrary\CyComponentLibrary.cylib\BLE_v2_20\Library\gccCyBLEStack_BLE_SOC_PERIPHERAL.a(mint_os_task.o)
                0x000033ac                OS_isr_send_signal_to_task

i.OS_scheduler  0x000033b8       0x64
 i.OS_scheduler
                0x000033b8       0x64 C:\Program Files (x86)\Cypress\PSoC Creator\3.3\PSoC Creator\psoc\content\cycomponentlibrary\CyComponentLibrary.cylib\BLE_v2_20\Library\gccCyBLEStack_BLE_SOC_PERIPHERAL.a(mint_os_task.o)
                0x000033b8                OS_scheduler

i.OS_send_signal_to_task
                0x0000341c        0xc
 i.OS_send_signal_to_task
                0x0000341c        0xc C:\Program Files (x86)\Cypress\PSoC Creator\3.3\PSoC Creator\psoc\content\cycomponentlibrary\CyComponentLibrary.cylib\BLE_v2_20\Library\gccCyBLEStack_BLE_SOC_PERIPHERAL.a(mint_os_task.o)
                0x0000341c                OS_send_signal_to_task

i.OS_send_signal_to_task_context
                0x00003428       0x3c
 i.OS_send_signal_to_task_context
                0x00003428       0x3c C:\Program Files (x86)\Cypress\PSoC Creator\3.3\PSoC Creator\psoc\content\cycomponentlibrary\CyComponentLibrary.cylib\BLE_v2_20\Library\gccCyBLEStack_BLE_SOC_PERIPHERAL.a(mint_os_task.o)

i.OS_task_mgmt_init
                0x00003464       0x50
 i.OS_task_mgmt_init
                0x00003464       0x50 C:\Program Files (x86)\Cypress\PSoC Creator\3.3\PSoC Creator\psoc\content\cycomponentlibrary\CyComponentLibrary.cylib\BLE_v2_20\Library\gccCyBLEStack_BLE_SOC_PERIPHERAL.a(mint_os_task.o)
                0x00003464                OS_task_mgmt_init

i.mint_buf_mgmt_allocate_buffer
                0x000034b4       0x4c
 i.mint_buf_mgmt_allocate_buffer
                0x000034b4       0x4c C:\Program Files (x86)\Cypress\PSoC Creator\3.3\PSoC Creator\psoc\content\cycomponentlibrary\CyComponentLibrary.cylib\BLE_v2_20\Library\gccCyBLEStack_BLE_SOC_PERIPHERAL.a(mint_buf_mgmt.o)
                0x000034b4                mint_buf_mgmt_allocate_buffer

i.mint_buf_mgmt_create_pool
                0x00003500       0xd0
 i.mint_buf_mgmt_create_pool
                0x00003500       0xd0 C:\Program Files (x86)\Cypress\PSoC Creator\3.3\PSoC Creator\psoc\content\cycomponentlibrary\CyComponentLibrary.cylib\BLE_v2_20\Library\gccCyBLEStack_BLE_SOC_PERIPHERAL.a(mint_buf_mgmt.o)
                0x00003500                mint_buf_mgmt_create_pool

i.mint_buf_mgmt_free_buffer
                0x000035d0       0xa4
 i.mint_buf_mgmt_free_buffer
                0x000035d0       0xa4 C:\Program Files (x86)\Cypress\PSoC Creator\3.3\PSoC Creator\psoc\content\cycomponentlibrary\CyComponentLibrary.cylib\BLE_v2_20\Library\gccCyBLEStack_BLE_SOC_PERIPHERAL.a(mint_buf_mgmt.o)
                0x000035d0                mint_buf_mgmt_free_buffer

i.mint_buf_mgmt_init
                0x00003674       0x44
 i.mint_buf_mgmt_init
                0x00003674       0x44 C:\Program Files (x86)\Cypress\PSoC Creator\3.3\PSoC Creator\psoc\content\cycomponentlibrary\CyComponentLibrary.cylib\BLE_v2_20\Library\gccCyBLEStack_BLE_SOC_PERIPHERAL.a(mint_buf_mgmt.o)
                0x00003674                mint_buf_mgmt_init

i.mint_buf_mgmt_malloc
                0x000036b8       0x2c
 i.mint_buf_mgmt_malloc
                0x000036b8       0x2c C:\Program Files (x86)\Cypress\PSoC Creator\3.3\PSoC Creator\psoc\content\cycomponentlibrary\CyComponentLibrary.cylib\BLE_v2_20\Library\gccCyBLEStack_BLE_SOC_PERIPHERAL.a(mint_buf_mgmt.o)
                0x000036b8                mint_buf_mgmt_malloc

i.mint_buf_mgmt_pl_init
                0x000036e4       0x48
 i.mint_buf_mgmt_pl_init
                0x000036e4       0x48 C:\Program Files (x86)\Cypress\PSoC Creator\3.3\PSoC Creator\psoc\content\cycomponentlibrary\CyComponentLibrary.cylib\BLE_v2_20\Library\gccCyBLEStack_BLE_SOC_PERIPHERAL.a(mint_buf_mgmt.o)
                0x000036e4                mint_buf_mgmt_pl_init

i.mint_buf_mgmt_reset_pool
                0x0000372c       0x70
 i.mint_buf_mgmt_reset_pool
                0x0000372c       0x70 C:\Program Files (x86)\Cypress\PSoC Creator\3.3\PSoC Creator\psoc\content\cycomponentlibrary\CyComponentLibrary.cylib\BLE_v2_20\Library\gccCyBLEStack_BLE_SOC_PERIPHERAL.a(mint_buf_mgmt.o)
                0x0000372c                mint_buf_mgmt_reset_pool

i.mint_buf_mgmt_stack_init
                0x0000379c       0x24
 i.mint_buf_mgmt_stack_init
                0x0000379c       0x24 C:\Program Files (x86)\Cypress\PSoC Creator\3.3\PSoC Creator\psoc\content\cycomponentlibrary\CyComponentLibrary.cylib\BLE_v2_20\Library\gccCyBLEStack_BLE_SOC_PERIPHERAL.a(mint_buf_mgmt.o)
                0x0000379c                mint_buf_mgmt_stack_init

i.mint_buf_mgmt_stack_pop
                0x000037c0       0x36
 i.mint_buf_mgmt_stack_pop
                0x000037c0       0x36 C:\Program Files (x86)\Cypress\PSoC Creator\3.3\PSoC Creator\psoc\content\cycomponentlibrary\CyComponentLibrary.cylib\BLE_v2_20\Library\gccCyBLEStack_BLE_SOC_PERIPHERAL.a(mint_buf_mgmt.o)
                0x000037c0                mint_buf_mgmt_stack_pop

i.mint_buf_mgmt_stack_push
                0x000037f6       0x36
 i.mint_buf_mgmt_stack_push
                0x000037f6       0x36 C:\Program Files (x86)\Cypress\PSoC Creator\3.3\PSoC Creator\psoc\content\cycomponentlibrary\CyComponentLibrary.cylib\BLE_v2_20\Library\gccCyBLEStack_BLE_SOC_PERIPHERAL.a(mint_buf_mgmt.o)
                0x000037f6                mint_buf_mgmt_stack_push

i.mint_buf_mgmt_stack_reset
                0x0000382c       0x1e
 i.mint_buf_mgmt_stack_reset
                0x0000382c       0x1e C:\Program Files (x86)\Cypress\PSoC Creator\3.3\PSoC Creator\psoc\content\cycomponentlibrary\CyComponentLibrary.cylib\BLE_v2_20\Library\gccCyBLEStack_BLE_SOC_PERIPHERAL.a(mint_buf_mgmt.o)
                0x0000382c                mint_buf_mgmt_stack_reset

i.mint_buf_mgmt_stack_search_item
                0x0000384a       0x30
 i.mint_buf_mgmt_stack_search_item
                0x0000384a       0x30 C:\Program Files (x86)\Cypress\PSoC Creator\3.3\PSoC Creator\psoc\content\cycomponentlibrary\CyComponentLibrary.cylib\BLE_v2_20\Library\gccCyBLEStack_BLE_SOC_PERIPHERAL.a(mint_buf_mgmt.o)
                0x0000384a                mint_buf_mgmt_stack_search_item

i.CyBleControllerIP_GetPingState
                0x0000387c        0xc
 i.CyBleControllerIP_GetPingState
                0x0000387c        0xc C:\Program Files (x86)\Cypress\PSoC Creator\3.3\PSoC Creator\psoc\content\cycomponentlibrary\CyComponentLibrary.cylib\BLE_v2_20\Library\gccCyBLEStack_BLE_SOC_PERIPHERAL.a(CyBleControllerIP_Interface.o)
                0x0000387c                CyBleControllerIP_GetPingState

i.CyBleController_AddDeviceToWhiteList
                0x00003888       0x40
 i.CyBleController_AddDeviceToWhiteList
                0x00003888       0x40 C:\Program Files (x86)\Cypress\PSoC Creator\3.3\PSoC Creator\psoc\content\cycomponentlibrary\CyComponentLibrary.cylib\BLE_v2_20\Library\gccCyBLEStack_BLE_SOC_PERIPHERAL.a(CyBleControllerIP_Interface.o)
                0x00003888                CyBleController_AddDeviceToWhiteList

i.CyBleController_ExitLowPowerMode
                0x000038c8       0x10
 i.CyBleController_ExitLowPowerMode
                0x000038c8       0x10 C:\Program Files (x86)\Cypress\PSoC Creator\3.3\PSoC Creator\psoc\content\cycomponentlibrary\CyComponentLibrary.cylib\BLE_v2_20\Library\gccCyBLEStack_BLE_SOC_PERIPHERAL.a(CyBleControllerIP_Interface.o)
                0x000038c8                CyBleController_ExitLowPowerMode

i.CyBleController_Init
                0x000038d8       0x32
 i.CyBleController_Init
                0x000038d8       0x32 C:\Program Files (x86)\Cypress\PSoC Creator\3.3\PSoC Creator\psoc\content\cycomponentlibrary\CyComponentLibrary.cylib\BLE_v2_20\Library\gccCyBLEStack_BLE_SOC_PERIPHERAL.a(CyBleControllerIP_Interface.o)
                0x000038d8                CyBleController_Init

i.CyBleController_SetDeviceAddress
                0x0000390a       0x2e
 i.CyBleController_SetDeviceAddress
                0x0000390a       0x2e C:\Program Files (x86)\Cypress\PSoC Creator\3.3\PSoC Creator\psoc\content\cycomponentlibrary\CyComponentLibrary.cylib\BLE_v2_20\Library\gccCyBLEStack_BLE_SOC_PERIPHERAL.a(CyBleControllerIP_Interface.o)
                0x0000390a                CyBleController_SetDeviceAddress

i.CyBle_GetTxPowerLevel
                0x00003938       0x4e
 i.CyBle_GetTxPowerLevel
                0x00003938       0x4e C:\Program Files (x86)\Cypress\PSoC Creator\3.3\PSoC Creator\psoc\content\cycomponentlibrary\CyComponentLibrary.cylib\BLE_v2_20\Library\gccCyBLEStack_BLE_SOC_PERIPHERAL.a(CyBleControllerIP_Interface.o)
                0x00003938                CyBle_GetTxPowerLevel

i.CyBle_SetTxPowerLevel
                0x00003986       0x56
 i.CyBle_SetTxPowerLevel
                0x00003986       0x56 C:\Program Files (x86)\Cypress\PSoC Creator\3.3\PSoC Creator\psoc\content\cycomponentlibrary\CyComponentLibrary.cylib\BLE_v2_20\Library\gccCyBLEStack_BLE_SOC_PERIPHERAL.a(CyBleControllerIP_Interface.o)
                0x00003986                CyBle_SetTxPowerLevel

i.ll_check_and_mark_packet_ready_for_transmission
                0x000039dc       0x28
 i.ll_check_and_mark_packet_ready_for_transmission
                0x000039dc       0x28 C:\Program Files (x86)\Cypress\PSoC Creator\3.3\PSoC Creator\psoc\content\cycomponentlibrary\CyComponentLibrary.cylib\BLE_v2_20\Library\gccCyBLEStack_BLE_SOC_PERIPHERAL.a(ll.o)
                0x000039dc                ll_check_and_mark_packet_ready_for_transmission

i.ll_cleanup_pending_data_pdu
                0x00003a04       0x38
 i.ll_cleanup_pending_data_pdu
                0x00003a04       0x38 C:\Program Files (x86)\Cypress\PSoC Creator\3.3\PSoC Creator\psoc\content\cycomponentlibrary\CyComponentLibrary.cylib\BLE_v2_20\Library\gccCyBLEStack_BLE_SOC_PERIPHERAL.a(ll.o)
                0x00003a04                ll_cleanup_pending_data_pdu

i.ll_exit_low_power_mode
                0x00003a3c       0xac
 i.ll_exit_low_power_mode
                0x00003a3c       0xac C:\Program Files (x86)\Cypress\PSoC Creator\3.3\PSoC Creator\psoc\content\cycomponentlibrary\CyComponentLibrary.cylib\BLE_v2_20\Library\gccCyBLEStack_BLE_SOC_PERIPHERAL.a(ll.o)
                0x00003a3c                ll_exit_low_power_mode

i.ll_get_ack_status
                0x00003ae8       0x3c
 i.ll_get_ack_status
                0x00003ae8       0x3c C:\Program Files (x86)\Cypress\PSoC Creator\3.3\PSoC Creator\psoc\content\cycomponentlibrary\CyComponentLibrary.cylib\BLE_v2_20\Library\gccCyBLEStack_BLE_SOC_PERIPHERAL.a(ll.o)
                0x00003ae8                ll_get_ack_status

i.ll_get_adv_ch_tx_power
                0x00003b24       0x20
 i.ll_get_adv_ch_tx_power
                0x00003b24       0x20 C:\Program Files (x86)\Cypress\PSoC Creator\3.3\PSoC Creator\psoc\content\cycomponentlibrary\CyComponentLibrary.cylib\BLE_v2_20\Library\gccCyBLEStack_BLE_SOC_PERIPHERAL.a(ll.o)
                0x00003b24                ll_get_adv_ch_tx_power

i.ll_get_data_channel_map
                0x00003b44       0x24
 i.ll_get_data_channel_map
                0x00003b44       0x24 C:\Program Files (x86)\Cypress\PSoC Creator\3.3\PSoC Creator\psoc\content\cycomponentlibrary\CyComponentLibrary.cylib\BLE_v2_20\Library\gccCyBLEStack_BLE_SOC_PERIPHERAL.a(ll.o)
                0x00003b44                ll_get_data_channel_map

i.ll_get_max_white_list_size
                0x00003b68        0xc
 i.ll_get_max_white_list_size
                0x00003b68        0xc C:\Program Files (x86)\Cypress\PSoC Creator\3.3\PSoC Creator\psoc\content\cycomponentlibrary\CyComponentLibrary.cylib\BLE_v2_20\Library\gccCyBLEStack_BLE_SOC_PERIPHERAL.a(ll.o)
                0x00003b68                ll_get_max_white_list_size

i.ll_get_my_role
                0x00003b74        0xc
 i.ll_get_my_role
                0x00003b74        0xc C:\Program Files (x86)\Cypress\PSoC Creator\3.3\PSoC Creator\psoc\content\cycomponentlibrary\CyComponentLibrary.cylib\BLE_v2_20\Library\gccCyBLEStack_BLE_SOC_PERIPHERAL.a(ll.o)
                0x00003b74                ll_get_my_role

i.ll_get_next_available_fifo_for_data_pdu
                0x00003b80        0x8
 i.ll_get_next_available_fifo_for_data_pdu
                0x00003b80        0x8 C:\Program Files (x86)\Cypress\PSoC Creator\3.3\PSoC Creator\psoc\content\cycomponentlibrary\CyComponentLibrary.cylib\BLE_v2_20\Library\gccCyBLEStack_BLE_SOC_PERIPHERAL.a(ll.o)
                0x00003b80                ll_get_next_available_fifo_for_data_pdu

i.ll_get_next_available_fifo_for_ll_pdu
                0x00003b88       0x24
 i.ll_get_next_available_fifo_for_ll_pdu
                0x00003b88       0x24 C:\Program Files (x86)\Cypress\PSoC Creator\3.3\PSoC Creator\psoc\content\cycomponentlibrary\CyComponentLibrary.cylib\BLE_v2_20\Library\gccCyBLEStack_BLE_SOC_PERIPHERAL.a(ll.o)
                0x00003b88                ll_get_next_available_fifo_for_ll_pdu

i.ll_get_rssi_value
                0x00003bac       0x26
 i.ll_get_rssi_value
                0x00003bac       0x26 C:\Program Files (x86)\Cypress\PSoC Creator\3.3\PSoC Creator\psoc\content\cycomponentlibrary\CyComponentLibrary.cylib\BLE_v2_20\Library\gccCyBLEStack_BLE_SOC_PERIPHERAL.a(ll.o)
                0x00003bac                ll_get_rssi_value

i.ll_get_transmit_power_level
                0x00003bd4       0x2c
 i.ll_get_transmit_power_level
                0x00003bd4       0x2c C:\Program Files (x86)\Cypress\PSoC Creator\3.3\PSoC Creator\psoc\content\cycomponentlibrary\CyComponentLibrary.cylib\BLE_v2_20\Library\gccCyBLEStack_BLE_SOC_PERIPHERAL.a(ll.o)
                0x00003bd4                ll_get_transmit_power_level

i.ll_handle_ack_received
                0x00003c00       0x74
 i.ll_handle_ack_received
                0x00003c00       0x74 C:\Program Files (x86)\Cypress\PSoC Creator\3.3\PSoC Creator\psoc\content\cycomponentlibrary\CyComponentLibrary.cylib\BLE_v2_20\Library\gccCyBLEStack_BLE_SOC_PERIPHERAL.a(ll.o)
                0x00003c00                ll_handle_ack_received

i.ll_handle_add_device_in_whitelist
                0x00003c74       0x3a
 i.ll_handle_add_device_in_whitelist
                0x00003c74       0x3a C:\Program Files (x86)\Cypress\PSoC Creator\3.3\PSoC Creator\psoc\content\cycomponentlibrary\CyComponentLibrary.cylib\BLE_v2_20\Library\gccCyBLEStack_BLE_SOC_PERIPHERAL.a(ll.o)
                0x00003c74                ll_handle_add_device_in_whitelist

i.ll_handle_clear_whitelist
                0x00003cae       0x16
 i.ll_handle_clear_whitelist
                0x00003cae       0x16 C:\Program Files (x86)\Cypress\PSoC Creator\3.3\PSoC Creator\psoc\content\cycomponentlibrary\CyComponentLibrary.cylib\BLE_v2_20\Library\gccCyBLEStack_BLE_SOC_PERIPHERAL.a(ll.o)
                0x00003cae                ll_handle_clear_whitelist

i.ll_handle_encrypt_host_data
                0x00003cc4       0x36
 i.ll_handle_encrypt_host_data
                0x00003cc4       0x36 C:\Program Files (x86)\Cypress\PSoC Creator\3.3\PSoC Creator\psoc\content\cycomponentlibrary\CyComponentLibrary.cylib\BLE_v2_20\Library\gccCyBLEStack_BLE_SOC_PERIPHERAL.a(ll.o)
                0x00003cc4                ll_handle_encrypt_host_data

i.ll_handle_host_data_packet
                0x00003cfa       0x54
 i.ll_handle_host_data_packet
                0x00003cfa       0x54 C:\Program Files (x86)\Cypress\PSoC Creator\3.3\PSoC Creator\psoc\content\cycomponentlibrary\CyComponentLibrary.cylib\BLE_v2_20\Library\gccCyBLEStack_BLE_SOC_PERIPHERAL.a(ll.o)
                0x00003cfa                ll_handle_host_data_packet

i.ll_handle_read_host_channel_map
                0x00003d4e        0x4
 i.ll_handle_read_host_channel_map
                0x00003d4e        0x4 C:\Program Files (x86)\Cypress\PSoC Creator\3.3\PSoC Creator\psoc\content\cycomponentlibrary\CyComponentLibrary.cylib\BLE_v2_20\Library\gccCyBLEStack_BLE_SOC_PERIPHERAL.a(ll.o)
                0x00003d4e                ll_handle_read_host_channel_map

i.ll_handle_remove_device_in_whitelist
                0x00003d52       0x2a
 i.ll_handle_remove_device_in_whitelist
                0x00003d52       0x2a C:\Program Files (x86)\Cypress\PSoC Creator\3.3\PSoC Creator\psoc\content\cycomponentlibrary\CyComponentLibrary.cylib\BLE_v2_20\Library\gccCyBLEStack_BLE_SOC_PERIPHERAL.a(ll.o)
                0x00003d52                ll_handle_remove_device_in_whitelist

i.ll_handle_reset
                0x00003d7c        0xe
 i.ll_handle_reset
                0x00003d7c        0xe C:\Program Files (x86)\Cypress\PSoC Creator\3.3\PSoC Creator\psoc\content\cycomponentlibrary\CyComponentLibrary.cylib\BLE_v2_20\Library\gccCyBLEStack_BLE_SOC_PERIPHERAL.a(ll.o)
                0x00003d7c                ll_handle_reset

i.ll_handle_set_random_address
                0x00003d8a       0x36
 i.ll_handle_set_random_address
                0x00003d8a       0x36 C:\Program Files (x86)\Cypress\PSoC Creator\3.3\PSoC Creator\psoc\content\cycomponentlibrary\CyComponentLibrary.cylib\BLE_v2_20\Library\gccCyBLEStack_BLE_SOC_PERIPHERAL.a(ll.o)
                0x00003d8a                ll_handle_set_random_address

i.ll_init       0x00003dc0       0x18
 i.ll_init      0x00003dc0       0x18 C:\Program Files (x86)\Cypress\PSoC Creator\3.3\PSoC Creator\psoc\content\cycomponentlibrary\CyComponentLibrary.cylib\BLE_v2_20\Library\gccCyBLEStack_BLE_SOC_PERIPHERAL.a(ll.o)
                0x00003dc0                ll_init

i.ll_initialize_device_attributes
                0x00003dd8       0x4c
 i.ll_initialize_device_attributes
                0x00003dd8       0x4c C:\Program Files (x86)\Cypress\PSoC Creator\3.3\PSoC Creator\psoc\content\cycomponentlibrary\CyComponentLibrary.cylib\BLE_v2_20\Library\gccCyBLEStack_BLE_SOC_PERIPHERAL.a(ll.o)
                0x00003dd8                ll_initialize_device_attributes

i.ll_is_pkt_pending
                0x00003e24       0x2a
 i.ll_is_pkt_pending
                0x00003e24       0x2a C:\Program Files (x86)\Cypress\PSoC Creator\3.3\PSoC Creator\psoc\content\cycomponentlibrary\CyComponentLibrary.cylib\BLE_v2_20\Library\gccCyBLEStack_BLE_SOC_PERIPHERAL.a(ll.o)
                0x00003e24                ll_is_pkt_pending

i.ll_is_sent_pkt_pending
                0x00003e4e       0x1a
 i.ll_is_sent_pkt_pending
                0x00003e4e       0x1a C:\Program Files (x86)\Cypress\PSoC Creator\3.3\PSoC Creator\psoc\content\cycomponentlibrary\CyComponentLibrary.cylib\BLE_v2_20\Library\gccCyBLEStack_BLE_SOC_PERIPHERAL.a(ll.o)
                0x00003e4e                ll_is_sent_pkt_pending

i.ll_isr_exit_low_power_mode
                0x00003e68       0x16
 i.ll_isr_exit_low_power_mode
                0x00003e68       0x16 C:\Program Files (x86)\Cypress\PSoC Creator\3.3\PSoC Creator\psoc\content\cycomponentlibrary\CyComponentLibrary.cylib\BLE_v2_20\Library\gccCyBLEStack_BLE_SOC_PERIPHERAL.a(ll.o)
                0x00003e68                ll_isr_exit_low_power_mode

i.ll_load_host_data_packet
                0x00003e7e       0x4a
 i.ll_load_host_data_packet
                0x00003e7e       0x4a C:\Program Files (x86)\Cypress\PSoC Creator\3.3\PSoC Creator\psoc\content\cycomponentlibrary\CyComponentLibrary.cylib\BLE_v2_20\Library\gccCyBLEStack_BLE_SOC_PERIPHERAL.a(ll.o)
                0x00003e7e                ll_load_host_data_packet

i.ll_load_packet_to_fifo
                0x00003ec8       0x6e
 i.ll_load_packet_to_fifo
                0x00003ec8       0x6e C:\Program Files (x86)\Cypress\PSoC Creator\3.3\PSoC Creator\psoc\content\cycomponentlibrary\CyComponentLibrary.cylib\BLE_v2_20\Library\gccCyBLEStack_BLE_SOC_PERIPHERAL.a(ll.o)
                0x00003ec8                ll_load_packet_to_fifo

i.ll_process_acks
                0x00003f36       0x3c
 i.ll_process_acks
                0x00003f36       0x3c C:\Program Files (x86)\Cypress\PSoC Creator\3.3\PSoC Creator\psoc\content\cycomponentlibrary\CyComponentLibrary.cylib\BLE_v2_20\Library\gccCyBLEStack_BLE_SOC_PERIPHERAL.a(ll.o)
                0x00003f36                ll_process_acks

i.ll_reset      0x00003f72       0x12
 i.ll_reset     0x00003f72       0x12 C:\Program Files (x86)\Cypress\PSoC Creator\3.3\PSoC Creator\psoc\content\cycomponentlibrary\CyComponentLibrary.cylib\BLE_v2_20\Library\gccCyBLEStack_BLE_SOC_PERIPHERAL.a(ll.o)
                0x00003f72                ll_reset

i.ll_update_active_features
                0x00003f84       0x58
 i.ll_update_active_features
                0x00003f84       0x58 C:\Program Files (x86)\Cypress\PSoC Creator\3.3\PSoC Creator\psoc\content\cycomponentlibrary\CyComponentLibrary.cylib\BLE_v2_20\Library\gccCyBLEStack_BLE_SOC_PERIPHERAL.a(ll.o)
                0x00003f84                ll_update_active_features

i.ll_update_device_fsm
                0x00003fdc        0x8
 i.ll_update_device_fsm
                0x00003fdc        0x8 C:\Program Files (x86)\Cypress\PSoC Creator\3.3\PSoC Creator\psoc\content\cycomponentlibrary\CyComponentLibrary.cylib\BLE_v2_20\Library\gccCyBLEStack_BLE_SOC_PERIPHERAL.a(ll.o)
                0x00003fdc                ll_update_device_fsm

i.pf_le_start_timer
                0x00003fe4       0x16
 i.pf_le_start_timer
                0x00003fe4       0x16 C:\Program Files (x86)\Cypress\PSoC Creator\3.3\PSoC Creator\psoc\content\cycomponentlibrary\CyComponentLibrary.cylib\BLE_v2_20\Library\gccCyBLEStack_BLE_SOC_PERIPHERAL.a(ll.o)
                0x00003fe4                pf_le_start_timer

i.pf_le_stop_timer
                0x00003ffa       0x12
 i.pf_le_stop_timer
                0x00003ffa       0x12 C:\Program Files (x86)\Cypress\PSoC Creator\3.3\PSoC Creator\psoc\content\cycomponentlibrary\CyComponentLibrary.cylib\BLE_v2_20\Library\gccCyBLEStack_BLE_SOC_PERIPHERAL.a(ll.o)
                0x00003ffa                pf_le_stop_timer

i.CyBleControllerIP_TuneAdvEventInterPktSlots
                0x0000400c       0x44
 i.CyBleControllerIP_TuneAdvEventInterPktSlots
                0x0000400c       0x44 C:\Program Files (x86)\Cypress\PSoC Creator\3.3\PSoC Creator\psoc\content\cycomponentlibrary\CyComponentLibrary.cylib\BLE_v2_20\Library\gccCyBLEStack_BLE_SOC_PERIPHERAL.a(ll_advertiser.o)
                0x0000400c                CyBleControllerIP_TuneAdvEventInterPktSlots

i.ll_adv_is_configured_connection_adv
                0x00004050       0x1e
 i.ll_adv_is_configured_connection_adv
                0x00004050       0x1e C:\Program Files (x86)\Cypress\PSoC Creator\3.3\PSoC Creator\psoc\content\cycomponentlibrary\CyComponentLibrary.cylib\BLE_v2_20\Library\gccCyBLEStack_BLE_SOC_PERIPHERAL.a(ll_advertiser.o)
                0x00004050                ll_adv_is_configured_connection_adv

i.ll_check_random_address_in_use_by_advertiser
                0x0000406e       0x10
 i.ll_check_random_address_in_use_by_advertiser
                0x0000406e       0x10 C:\Program Files (x86)\Cypress\PSoC Creator\3.3\PSoC Creator\psoc\content\cycomponentlibrary\CyComponentLibrary.cylib\BLE_v2_20\Library\gccCyBLEStack_BLE_SOC_PERIPHERAL.a(ll_advertiser.o)
                0x0000406e                ll_check_random_address_in_use_by_advertiser

i.ll_check_whitelist_in_use_by_advertiser
                0x0000407e       0x10
 i.ll_check_whitelist_in_use_by_advertiser
                0x0000407e       0x10 C:\Program Files (x86)\Cypress\PSoC Creator\3.3\PSoC Creator\psoc\content\cycomponentlibrary\CyComponentLibrary.cylib\BLE_v2_20\Library\gccCyBLEStack_BLE_SOC_PERIPHERAL.a(ll_advertiser.o)
                0x0000407e                ll_check_whitelist_in_use_by_advertiser

i.ll_get_adv_status
                0x0000408e        0xc
 i.ll_get_adv_status
                0x0000408e        0xc C:\Program Files (x86)\Cypress\PSoC Creator\3.3\PSoC Creator\psoc\content\cycomponentlibrary\CyComponentLibrary.cylib\BLE_v2_20\Library\gccCyBLEStack_BLE_SOC_PERIPHERAL.a(ll_advertiser.o)
                0x0000408e                ll_get_adv_status

i.ll_get_adv_type
                0x0000409a       0x16
 i.ll_get_adv_type
                0x0000409a       0x16 C:\Program Files (x86)\Cypress\PSoC Creator\3.3\PSoC Creator\psoc\content\cycomponentlibrary\CyComponentLibrary.cylib\BLE_v2_20\Library\gccCyBLEStack_BLE_SOC_PERIPHERAL.a(ll_advertiser.o)
                0x0000409a                ll_get_adv_type

i.ll_handle_adv_intr
                0x000040b0       0x50
 i.ll_handle_adv_intr
                0x000040b0       0x50 C:\Program Files (x86)\Cypress\PSoC Creator\3.3\PSoC Creator\psoc\content\cycomponentlibrary\CyComponentLibrary.cylib\BLE_v2_20\Library\gccCyBLEStack_BLE_SOC_PERIPHERAL.a(ll_advertiser.o)
                0x000040b0                ll_handle_adv_intr

i.ll_handle_set_adv_data
                0x00004100       0x14
 i.ll_handle_set_adv_data
                0x00004100       0x14 C:\Program Files (x86)\Cypress\PSoC Creator\3.3\PSoC Creator\psoc\content\cycomponentlibrary\CyComponentLibrary.cylib\BLE_v2_20\Library\gccCyBLEStack_BLE_SOC_PERIPHERAL.a(ll_advertiser.o)
                0x00004100                ll_handle_set_adv_data

i.ll_handle_set_adv_parameters
                0x00004114       0x84
 i.ll_handle_set_adv_parameters
                0x00004114       0x84 C:\Program Files (x86)\Cypress\PSoC Creator\3.3\PSoC Creator\psoc\content\cycomponentlibrary\CyComponentLibrary.cylib\BLE_v2_20\Library\gccCyBLEStack_BLE_SOC_PERIPHERAL.a(ll_advertiser.o)
                0x00004114                ll_handle_set_adv_parameters

i.ll_handle_set_advertise_enable
                0x00004198       0x70
 i.ll_handle_set_advertise_enable
                0x00004198       0x70 C:\Program Files (x86)\Cypress\PSoC Creator\3.3\PSoC Creator\psoc\content\cycomponentlibrary\CyComponentLibrary.cylib\BLE_v2_20\Library\gccCyBLEStack_BLE_SOC_PERIPHERAL.a(ll_advertiser.o)
                0x00004198                ll_handle_set_advertise_enable

i.ll_handle_set_scan_resp_data
                0x00004208       0x14
 i.ll_handle_set_scan_resp_data
                0x00004208       0x14 C:\Program Files (x86)\Cypress\PSoC Creator\3.3\PSoC Creator\psoc\content\cycomponentlibrary\CyComponentLibrary.cylib\BLE_v2_20\Library\gccCyBLEStack_BLE_SOC_PERIPHERAL.a(ll_advertiser.o)
                0x00004208                ll_handle_set_scan_resp_data

i.ll_init_advertiser
                0x0000421c       0x68
 i.ll_init_advertiser
                0x0000421c       0x68 C:\Program Files (x86)\Cypress\PSoC Creator\3.3\PSoC Creator\psoc\content\cycomponentlibrary\CyComponentLibrary.cylib\BLE_v2_20\Library\gccCyBLEStack_BLE_SOC_PERIPHERAL.a(ll_advertiser.o)
                0x0000421c                ll_init_advertiser

i.is_le_connection_handle
                0x00004284       0x28
 i.is_le_connection_handle
                0x00004284       0x28 C:\Program Files (x86)\Cypress\PSoC Creator\3.3\PSoC Creator\psoc\content\cycomponentlibrary\CyComponentLibrary.cylib\BLE_v2_20\Library\gccCyBLEStack_BLE_SOC_PERIPHERAL.a(ll_connection.o)
                0x00004284                is_le_connection_handle

i.le_assign_connection_handle
                0x000042ac       0x28
 i.le_assign_connection_handle
                0x000042ac       0x28 C:\Program Files (x86)\Cypress\PSoC Creator\3.3\PSoC Creator\psoc\content\cycomponentlibrary\CyComponentLibrary.cylib\BLE_v2_20\Library\gccCyBLEStack_BLE_SOC_PERIPHERAL.a(ll_connection.o)
                0x000042ac                le_assign_connection_handle

i.le_get_connection_index
                0x000042d4        0x6
 i.le_get_connection_index
                0x000042d4        0x6 C:\Program Files (x86)\Cypress\PSoC Creator\3.3\PSoC Creator\psoc\content\cycomponentlibrary\CyComponentLibrary.cylib\BLE_v2_20\Library\gccCyBLEStack_BLE_SOC_PERIPHERAL.a(ll_connection.o)
                0x000042d4                le_get_connection_index

i.ll_allocate_connection
                0x000042dc       0x44
 i.ll_allocate_connection
                0x000042dc       0x44 C:\Program Files (x86)\Cypress\PSoC Creator\3.3\PSoC Creator\psoc\content\cycomponentlibrary\CyComponentLibrary.cylib\BLE_v2_20\Library\gccCyBLEStack_BLE_SOC_PERIPHERAL.a(ll_connection.o)
                0x000042dc                ll_allocate_connection

i.ll_calculate_and_program_def_win_widen_drift
                0x00004320       0x14
 i.ll_calculate_and_program_def_win_widen_drift
                0x00004320       0x14 C:\Program Files (x86)\Cypress\PSoC Creator\3.3\PSoC Creator\psoc\content\cycomponentlibrary\CyComponentLibrary.cylib\BLE_v2_20\Library\gccCyBLEStack_BLE_SOC_PERIPHERAL.a(ll_connection.o)
                0x00004320                ll_calculate_and_program_def_win_widen_drift

i.ll_calculate_drift
                0x00004334       0x2c
 i.ll_calculate_drift
                0x00004334       0x2c C:\Program Files (x86)\Cypress\PSoC Creator\3.3\PSoC Creator\psoc\content\cycomponentlibrary\CyComponentLibrary.cylib\BLE_v2_20\Library\gccCyBLEStack_BLE_SOC_PERIPHERAL.a(ll_connection.o)
                0x00004334                ll_calculate_drift

i.ll_check_and_decrypt_ll_pdu
                0x00004360       0x68
 i.ll_check_and_decrypt_ll_pdu
                0x00004360       0x68 C:\Program Files (x86)\Cypress\PSoC Creator\3.3\PSoC Creator\psoc\content\cycomponentlibrary\CyComponentLibrary.cylib\BLE_v2_20\Library\gccCyBLEStack_BLE_SOC_PERIPHERAL.a(ll_connection.o)
                0x00004360                ll_check_and_decrypt_ll_pdu

i.ll_check_and_decrypt_packet
                0x000043c8       0x6a
 i.ll_check_and_decrypt_packet
                0x000043c8       0x6a C:\Program Files (x86)\Cypress\PSoC Creator\3.3\PSoC Creator\psoc\content\cycomponentlibrary\CyComponentLibrary.cylib\BLE_v2_20\Library\gccCyBLEStack_BLE_SOC_PERIPHERAL.a(ll_connection.o)
                0x000043c8                ll_check_and_decrypt_packet

i.ll_check_and_encrypt_ll_pdu
                0x00004432       0x72
 i.ll_check_and_encrypt_ll_pdu
                0x00004432       0x72 C:\Program Files (x86)\Cypress\PSoC Creator\3.3\PSoC Creator\psoc\content\cycomponentlibrary\CyComponentLibrary.cylib\BLE_v2_20\Library\gccCyBLEStack_BLE_SOC_PERIPHERAL.a(ll_connection.o)
                0x00004432                ll_check_and_encrypt_ll_pdu

i.ll_check_and_encrypt_packet
                0x000044a4       0x8a
 i.ll_check_and_encrypt_packet
                0x000044a4       0x8a C:\Program Files (x86)\Cypress\PSoC Creator\3.3\PSoC Creator\psoc\content\cycomponentlibrary\CyComponentLibrary.cylib\BLE_v2_20\Library\gccCyBLEStack_BLE_SOC_PERIPHERAL.a(ll_connection.o)
                0x000044a4                ll_check_and_encrypt_packet

i.ll_check_for_allowing_incoming_connection_update
                0x0000452e       0x42
 i.ll_check_for_allowing_incoming_connection_update
                0x0000452e       0x42 C:\Program Files (x86)\Cypress\PSoC Creator\3.3\PSoC Creator\psoc\content\cycomponentlibrary\CyComponentLibrary.cylib\BLE_v2_20\Library\gccCyBLEStack_BLE_SOC_PERIPHERAL.a(ll_connection.o)
                0x0000452e                ll_check_for_allowing_incoming_connection_update

i.ll_check_if_pdu_is_loaded_to_hardware
                0x00004570       0x1c
 i.ll_check_if_pdu_is_loaded_to_hardware
                0x00004570       0x1c C:\Program Files (x86)\Cypress\PSoC Creator\3.3\PSoC Creator\psoc\content\cycomponentlibrary\CyComponentLibrary.cylib\BLE_v2_20\Library\gccCyBLEStack_BLE_SOC_PERIPHERAL.a(ll_connection.o)
                0x00004570                ll_check_if_pdu_is_loaded_to_hardware

i.ll_check_random_address_in_use_by_initiator
                0x0000458c       0x30
 i.ll_check_random_address_in_use_by_initiator
                0x0000458c       0x30 C:\Program Files (x86)\Cypress\PSoC Creator\3.3\PSoC Creator\psoc\content\cycomponentlibrary\CyComponentLibrary.cylib\BLE_v2_20\Library\gccCyBLEStack_BLE_SOC_PERIPHERAL.a(ll_connection.o)
                0x0000458c                ll_check_random_address_in_use_by_initiator

i.ll_check_white_list_in_use_by_initiator
                0x000045bc       0x30
 i.ll_check_white_list_in_use_by_initiator
                0x000045bc       0x30 C:\Program Files (x86)\Cypress\PSoC Creator\3.3\PSoC Creator\psoc\content\cycomponentlibrary\CyComponentLibrary.cylib\BLE_v2_20\Library\gccCyBLEStack_BLE_SOC_PERIPHERAL.a(ll_connection.o)
                0x000045bc                ll_check_white_list_in_use_by_initiator

i.ll_conn_free_enc_txn_buffer
                0x000045ec       0x16
 i.ll_conn_free_enc_txn_buffer
                0x000045ec       0x16 C:\Program Files (x86)\Cypress\PSoC Creator\3.3\PSoC Creator\psoc\content\cycomponentlibrary\CyComponentLibrary.cylib\BLE_v2_20\Library\gccCyBLEStack_BLE_SOC_PERIPHERAL.a(ll_connection.o)
                0x000045ec                ll_conn_free_enc_txn_buffer

i.ll_conn_fsm_update_channel_state
                0x00004602        0x6
 i.ll_conn_fsm_update_channel_state
                0x00004602        0x6 C:\Program Files (x86)\Cypress\PSoC Creator\3.3\PSoC Creator\psoc\content\cycomponentlibrary\CyComponentLibrary.cylib\BLE_v2_20\Library\gccCyBLEStack_BLE_SOC_PERIPHERAL.a(ll_connection.o)
                0x00004602                ll_conn_fsm_update_channel_state

i.ll_conn_fsm_update_conn_update_state
                0x00004608        0x6
 i.ll_conn_fsm_update_conn_update_state
                0x00004608        0x6 C:\Program Files (x86)\Cypress\PSoC Creator\3.3\PSoC Creator\psoc\content\cycomponentlibrary\CyComponentLibrary.cylib\BLE_v2_20\Library\gccCyBLEStack_BLE_SOC_PERIPHERAL.a(ll_connection.o)
                0x00004608                ll_conn_fsm_update_conn_update_state

i.ll_conn_fsm_update_enc_state
                0x0000460e        0x6
 i.ll_conn_fsm_update_enc_state
                0x0000460e        0x6 C:\Program Files (x86)\Cypress\PSoC Creator\3.3\PSoC Creator\psoc\content\cycomponentlibrary\CyComponentLibrary.cylib\BLE_v2_20\Library\gccCyBLEStack_BLE_SOC_PERIPHERAL.a(ll_connection.o)